ARM Linker, 5.03 [Build 69] [MDK-ARM Standard]

==============================================================================

Section Cross References

    stm32f10x_it.o(i.SysTick_Handler) refers to bsp_timer.o(i.SysTick_ISR) for SysTick_ISR
    stm32f10x_it.o(i.TIM2_IRQHandler) refers to app_printer.o(i.TIM2_ISR) for TIM2_ISR
    stm32f10x_it.o(i.WWDG_IRQHandler) refers to bsp_wdg.o(i.Wwdg_ISR) for Wwdg_ISR
    main.o(i.main) refers to bsp.o(i.bsp_Init) for bsp_Init
    main.o(i.main) refers to app.o(i.App_Init) for App_Init
    main.o(i.main) refers to bsp.o(i.bsp_Idle) for bsp_Idle
    main.o(i.main) refers to app.o(i.App_Task) for App_Task
    stm32f10x_rcc.o(i.RCC_GetClocksFreq) refers to stm32f10x_rcc.o(.data) for APBAHBPrescTable
    stm32f10x_rcc.o(i.RCC_WaitForHSEStartUp) refers to stm32f10x_rcc.o(i.RCC_GetFlagStatus) for RCC_GetFlagStatus
    stm32f10x_gpio.o(i.GPIO_AFIODeInit) refers to stm32f10x_rcc.o(i.RCC_APB2PeriphResetCmd) for RCC_APB2PeriphResetCmd
    stm32f10x_gpio.o(i.GPIO_DeInit) refers to stm32f10x_rcc.o(i.RCC_APB2PeriphResetCmd) for RCC_APB2PeriphResetCmd
    stm32f10x_spi.o(i.I2S_Init) refers to stm32f10x_rcc.o(i.RCC_GetClocksFreq) for RCC_GetClocksFreq
    stm32f10x_spi.o(i.SPI_I2S_DeInit) refers to stm32f10x_rcc.o(i.RCC_APB2PeriphResetCmd) for RCC_APB2PeriphResetCmd
    stm32f10x_spi.o(i.SPI_I2S_DeInit) refers to stm32f10x_rcc.o(i.RCC_APB1PeriphResetCmd) for RCC_APB1PeriphResetCmd
    stm32f10x_usart.o(i.USART_DeInit) refers to stm32f10x_rcc.o(i.RCC_APB2PeriphResetCmd) for RCC_APB2PeriphResetCmd
    stm32f10x_usart.o(i.USART_DeInit) refers to stm32f10x_rcc.o(i.RCC_APB1PeriphResetCmd) for RCC_APB1PeriphResetCmd
    stm32f10x_usart.o(i.USART_Init) refers to stm32f10x_rcc.o(i.RCC_GetClocksFreq) for RCC_GetClocksFreq
    stm32f10x_i2c.o(i.I2C_DeInit) refers to stm32f10x_rcc.o(i.RCC_APB1PeriphResetCmd) for RCC_APB1PeriphResetCmd
    stm32f10x_i2c.o(i.I2C_Init) refers to stm32f10x_rcc.o(i.RCC_GetClocksFreq) for RCC_GetClocksFreq
    stm32f10x_adc.o(i.ADC_DeInit) refers to stm32f10x_rcc.o(i.RCC_APB2PeriphResetCmd) for RCC_APB2PeriphResetCmd
    stm32f10x_bkp.o(i.BKP_DeInit) refers to stm32f10x_rcc.o(i.RCC_BackupResetCmd) for RCC_BackupResetCmd
    stm32f10x_can.o(i.CAN_DeInit) refers to stm32f10x_rcc.o(i.RCC_APB1PeriphResetCmd) for RCC_APB1PeriphResetCmd
    stm32f10x_can.o(i.CAN_GetITStatus) refers to stm32f10x_can.o(i.CheckITStatus) for CheckITStatus
    stm32f10x_cec.o(i.CEC_DeInit) refers to stm32f10x_rcc.o(i.RCC_APB1PeriphResetCmd) for RCC_APB1PeriphResetCmd
    stm32f10x_dac.o(i.DAC_DeInit) refers to stm32f10x_rcc.o(i.RCC_APB1PeriphResetCmd) for RCC_APB1PeriphResetCmd
    stm32f10x_flash.o(i.FLASH_EnableWriteProtection) refers to stm32f10x_flash.o(i.FLASH_WaitForLastOperation) for FLASH_WaitForLastOperation
    stm32f10x_flash.o(i.FLASH_EraseAllBank1Pages) refers to stm32f10x_flash.o(i.FLASH_WaitForLastBank1Operation) for FLASH_WaitForLastBank1Operation
    stm32f10x_flash.o(i.FLASH_EraseAllPages) refers to stm32f10x_flash.o(i.FLASH_WaitForLastOperation) for FLASH_WaitForLastOperation
    stm32f10x_flash.o(i.FLASH_EraseOptionBytes) refers to stm32f10x_flash.o(i.FLASH_GetReadOutProtectionStatus) for FLASH_GetReadOutProtectionStatus
    stm32f10x_flash.o(i.FLASH_EraseOptionBytes) refers to stm32f10x_flash.o(i.FLASH_WaitForLastOperation) for FLASH_WaitForLastOperation
    stm32f10x_flash.o(i.FLASH_ErasePage) refers to stm32f10x_flash.o(i.FLASH_WaitForLastOperation) for FLASH_WaitForLastOperation
    stm32f10x_flash.o(i.FLASH_ProgramHalfWord) refers to stm32f10x_flash.o(i.FLASH_WaitForLastOperation) for FLASH_WaitForLastOperation
    stm32f10x_flash.o(i.FLASH_ProgramOptionByteData) refers to stm32f10x_flash.o(i.FLASH_WaitForLastOperation) for FLASH_WaitForLastOperation
    stm32f10x_flash.o(i.FLASH_ProgramWord) refers to stm32f10x_flash.o(i.FLASH_WaitForLastOperation) for FLASH_WaitForLastOperation
    stm32f10x_flash.o(i.FLASH_ReadOutProtection) refers to stm32f10x_flash.o(i.FLASH_WaitForLastOperation) for FLASH_WaitForLastOperation
    stm32f10x_flash.o(i.FLASH_UserOptionByteConfig) refers to stm32f10x_flash.o(i.FLASH_WaitForLastOperation) for FLASH_WaitForLastOperation
    stm32f10x_flash.o(i.FLASH_WaitForLastBank1Operation) refers to stm32f10x_flash.o(i.FLASH_GetBank1Status) for FLASH_GetBank1Status
    stm32f10x_flash.o(i.FLASH_WaitForLastOperation) refers to stm32f10x_flash.o(i.FLASH_GetBank1Status) for FLASH_GetBank1Status
    stm32f10x_pwr.o(i.PWR_DeInit) refers to stm32f10x_rcc.o(i.RCC_APB1PeriphResetCmd) for RCC_APB1PeriphResetCmd
    stm32f10x_rtc.o(i.RTC_SetAlarm) refers to stm32f10x_rtc.o(i.RTC_EnterConfigMode) for RTC_EnterConfigMode
    stm32f10x_rtc.o(i.RTC_SetAlarm) refers to stm32f10x_rtc.o(i.RTC_ExitConfigMode) for RTC_ExitConfigMode
    stm32f10x_rtc.o(i.RTC_SetCounter) refers to stm32f10x_rtc.o(i.RTC_EnterConfigMode) for RTC_EnterConfigMode
    stm32f10x_rtc.o(i.RTC_SetCounter) refers to stm32f10x_rtc.o(i.RTC_ExitConfigMode) for RTC_ExitConfigMode
[...]
    Removing stm32f10x_bkp.o(i.BKP_GetFlagStatus), (12 bytes).
    Removing stm32f10x_bkp.o(i.BKP_GetITStatus), (12 bytes).
    Removing stm32f10x_bkp.o(i.BKP_ITConfig), (12 bytes).
    Removing stm32f10x_bkp.o(i.BKP_RTCOutputConfig), (28 bytes).
    Removing stm32f10x_bkp.o(i.BKP_ReadBackupRegister), (28 bytes).
    Removing stm32f10x_bkp.o(i.BKP_SetRTCCalibrationValue), (28 bytes).
    Removing stm32f10x_bkp.o(i.BKP_TamperPinCmd), (12 bytes).
    Removing stm32f10x_bkp.o(i.BKP_TamperPinLevelConfig), (12 bytes).
    Removing stm32f10x_bkp.o(i.BKP_WriteBackupRegister), (28 bytes).
    Removing stm32f10x_can.o(i.CAN_CancelTransmit), (48 bytes).
    Removing stm32f10x_can.o(i.CAN_ClearFlag), (56 bytes).
    Removing stm32f10x_can.o(i.CAN_ClearITPendingBit), (168 bytes).
    Removing stm32f10x_can.o(i.CAN_DBGFreeze), (22 bytes).
    Removing stm32f10x_can.o(i.CAN_DeInit), (56 bytes).
    Removing stm32f10x_can.o(i.CAN_FIFORelease), (22 bytes).
    Removing stm32f10x_can.o(i.CAN_FilterInit), (264 bytes).
    Removing stm32f10x_can.o(i.CAN_GetFlagStatus), (120 bytes).
    Removing stm32f10x_can.o(i.CAN_GetITStatus), (288 bytes).
    Removing stm32f10x_can.o(i.CAN_GetLSBTransmitErrorCounter), (12 bytes).
    Removing stm32f10x_can.o(i.CAN_GetLastErrorCode), (12 bytes).
    Removing stm32f10x_can.o(i.CAN_GetReceiveErrorCounter), (10 bytes).
    Removing stm32f10x_can.o(i.CAN_ITConfig), (18 bytes).
    Removing stm32f10x_can.o(i.CAN_Init), (276 bytes).
    Removing stm32f10x_can.o(i.CAN_MessagePending), (30 bytes).
    Removing stm32f10x_can.o(i.CAN_OperatingModeRequest), (162 bytes).
    Removing stm32f10x_can.o(i.CAN_Receive), (240 bytes).
    Removing stm32f10x_can.o(i.CAN_SlaveStartBank), (52 bytes).
    Removing stm32f10x_can.o(i.CAN_Sleep), (30 bytes).
    Removing stm32f10x_can.o(i.CAN_StructInit), (32 bytes).
    Removing stm32f10x_can.o(i.CAN_TTComModeCmd), (118 bytes).
    Removing stm32f10x_can.o(i.CAN_Transmit), (294 bytes).
    Removing stm32f10x_can.o(i.CAN_TransmitStatus), (160 bytes).
    Removing stm32f10x_can.o(i.CAN_WakeUp), (48 bytes).
    Removing stm32f10x_can.o(i.CheckITStatus), (16 bytes).
    Removing stm32f10x_cec.o(i.CEC_ClearFlag), (36 bytes).
    Removing stm32f10x_cec.o(i.CEC_ClearITPendingBit), (36 bytes).
    Removing stm32f10x_cec.o(i.CEC_Cmd), (28 bytes).
    Removing stm32f10x_cec.o(i.CEC_DeInit), (22 bytes).
    Removing stm32f10x_cec.o(i.CEC_EndOfMessageCmd), (12 bytes).
    Removing stm32f10x_cec.o(i.CEC_GetFlagStatus), (48 bytes).
    Removing stm32f10x_cec.o(i.CEC_GetITStatus), (40 bytes).
    Removing stm32f10x_cec.o(i.CEC_ITConfig), (12 bytes).
    Removing stm32f10x_cec.o(i.CEC_Init), (32 bytes).
    Removing stm32f10x_cec.o(i.CEC_OwnAddressConfig), (12 bytes).
    Removing stm32f10x_cec.o(i.CEC_ReceiveDataByte), (12 bytes).
    Removing stm32f10x_cec.o(i.CEC_SendDataByte), (12 bytes).
    Removing stm32f10x_cec.o(i.CEC_SetPrescaler), (12 bytes).
    Removing stm32f10x_cec.o(i.CEC_StartOfMessage), (12 bytes).
    Removing stm32f10x_crc.o(i.CRC_CalcBlockCRC), (36 bytes).
    Removing stm32f10x_crc.o(i.CRC_CalcCRC), (16 bytes).
    Removing stm32f10x_crc.o(i.CRC_GetCRC), (12 bytes).
    Removing stm32f10x_crc.o(i.CRC_GetIDRegister), (12 bytes).
    Removing stm32f10x_crc.o(i.CRC_ResetDR), (12 bytes).
    Removing stm32f10x_crc.o(i.CRC_SetIDRegister), (12 bytes).
    Removing stm32f10x_dac.o(i.DAC_Cmd), (40 bytes).
    Removing stm32f10x_dac.o(i.DAC_DMACmd), (44 bytes).
    Removing stm32f10x_dac.o(i.DAC_DeInit), (22 bytes).
    Removing stm32f10x_dac.o(i.DAC_DualSoftwareTriggerCmd), (36 bytes).
    Removing stm32f10x_dac.o(i.DAC_GetDataOutputValue), (36 bytes).
    Removing stm32f10x_dac.o(i.DAC_Init), (52 bytes).
    Removing stm32f10x_dac.o(i.DAC_SetChannel1Data), (32 bytes).
    Removing stm32f10x_dac.o(i.DAC_SetChannel2Data), (32 bytes).
    Removing stm32f10x_dac.o(i.DAC_SetDualChannelData), (36 bytes).
    Removing stm32f10x_dac.o(i.DAC_SoftwareTriggerCmd), (44 bytes).
    Removing stm32f10x_dac.o(i.DAC_StructInit), (12 bytes).
    Removing stm32f10x_dac.o(i.DAC_WaveGenerationCmd), (40 bytes).
    Removing stm32f10x_dbgmcu.o(i.DBGMCU_Config), (32 bytes).
    Removing stm32f10x_dbgmcu.o(i.DBGMCU_GetDEVID), (16 bytes).
    Removing stm32f10x_dbgmcu.o(i.DBGMCU_GetREVID), (12 bytes).
    Removing stm32f10x_flash.o(i.FLASH_ClearFlag), (12 bytes).
    Removing stm32f10x_flash.o(i.FLASH_EnableWriteProtection), (196 bytes).
    Removing stm32f10x_flash.o(i.FLASH_EraseAllBank1Pages), (72 bytes).
    Removing stm32f10x_flash.o(i.FLASH_EraseAllPages), (72 bytes).
    Removing stm32f10x_flash.o(i.FLASH_EraseOptionBytes), (168 bytes).
    Removing stm32f10x_flash.o(i.FLASH_ErasePage), (76 bytes).
    Removing stm32f10x_flash.o(i.FLASH_GetBank1Status), (52 bytes).
    Removing stm32f10x_flash.o(i.FLASH_GetFlagStatus), (48 bytes).
    Removing stm32f10x_flash.o(i.FLASH_GetPrefetchBufferStatus), (24 bytes).
    Removing stm32f10x_flash.o(i.FLASH_GetReadOutProtectionStatus), (24 bytes).
    Removing stm32f10x_flash.o(i.FLASH_GetStatus), (52 bytes).
    Removing stm32f10x_flash.o(i.FLASH_GetUserOptionByte), (12 bytes).
    Removing stm32f10x_flash.o(i.FLASH_GetWriteProtectionOptionByte), (12 bytes).
    Removing stm32f10x_flash.o(i.FLASH_HalfCycleAccessCmd), (28 bytes).
    Removing stm32f10x_flash.o(i.FLASH_ITConfig), (32 bytes).
    Removing stm32f10x_flash.o(i.FLASH_Lock), (20 bytes).
    Removing stm32f10x_flash.o(i.FLASH_LockBank1), (20 bytes).
    Removing stm32f10x_flash.o(i.FLASH_PrefetchBufferCmd), (28 bytes).
    Removing stm32f10x_flash.o(i.FLASH_ProgramHalfWord), (64 bytes).
    Removing stm32f10x_flash.o(i.FLASH_ProgramOptionByteData), (84 bytes).
    Removing stm32f10x_flash.o(i.FLASH_ProgramWord), (108 bytes).
    Removing stm32f10x_flash.o(i.FLASH_ReadOutProtection), (172 bytes).
    Removing stm32f10x_flash.o(i.FLASH_SetLatency), (24 bytes).
    Removing stm32f10x_flash.o(i.FLASH_Unlock), (24 bytes).
    Removing stm32f10x_flash.o(i.FLASH_UnlockBank1), (24 bytes).
    Removing stm32f10x_flash.o(i.FLASH_UserOptionByteConfig), (104 bytes).
    Removing stm32f10x_flash.o(i.FLASH_WaitForLastBank1Operation), (38 bytes).
    Removing stm32f10x_flash.o(i.FLASH_WaitForLastOperation), (38 bytes).
    Removing stm32f10x_iwdg.o(i.IWDG_Enable), (16 bytes).
    Removing stm32f10x_iwdg.o(i.IWDG_GetFlagStatus), (24 bytes).
    Removing stm32f10x_iwdg.o(i.IWDG_SetPrescaler), (12 bytes).
    Removing stm32f10x_iwdg.o(i.IWDG_SetReload), (12 bytes).
    Removing stm32f10x_iwdg.o(i.IWDG_WriteAccessCmd), (12 bytes).
    Removing stm32f10x_pwr.o(i.PWR_BackupAccessCmd), (12 bytes).
    Removing stm32f10x_pwr.o(i.PWR_ClearFlag), (20 bytes).
    Removing stm32f10x_pwr.o(i.PWR_DeInit), (22 bytes).
    Removing stm32f10x_pwr.o(i.PWR_EnterSTANDBYMode), (52 bytes).
    Removing stm32f10x_pwr.o(i.PWR_EnterSTOPMode), (64 bytes).
    Removing stm32f10x_pwr.o(i.PWR_GetFlagStatus), (24 bytes).
    Removing stm32f10x_pwr.o(i.PWR_PVDCmd), (12 bytes).
    Removing stm32f10x_pwr.o(i.PWR_PVDLevelConfig), (24 bytes).
    Removing stm32f10x_pwr.o(i.PWR_WakeUpPinCmd), (12 bytes).
    Removing stm32f10x_rtc.o(i.RTC_ClearFlag), (16 bytes).
    Removing stm32f10x_rtc.o(i.RTC_ClearITPendingBit), (16 bytes).
    Removing stm32f10x_rtc.o(i.RTC_EnterConfigMode), (20 bytes).
    Removing stm32f10x_rtc.o(i.RTC_ExitConfigMode), (20 bytes).
    Removing stm32f10x_rtc.o(i.RTC_GetCounter), (20 bytes).
    Removing stm32f10x_rtc.o(i.RTC_GetDivider), (24 bytes).
    Removing stm32f10x_rtc.o(i.RTC_GetFlagStatus), (24 bytes).
    Removing stm32f10x_rtc.o(i.RTC_GetITStatus), (36 bytes).
    Removing stm32f10x_rtc.o(i.RTC_ITConfig), (32 bytes).
    Removing stm32f10x_rtc.o(i.RTC_SetAlarm), (28 bytes).
    Removing stm32f10x_rtc.o(i.RTC_SetCounter), (28 bytes).
    Removing stm32f10x_rtc.o(i.RTC_SetPrescaler), (32 bytes).
    Removing stm32f10x_rtc.o(i.RTC_WaitForLastTask), (20 bytes).
    Removing stm32f10x_rtc.o(i.RTC_WaitForSynchro), (32 bytes).
    Removing stm32f10x_tim.o(i.TI1_Config), (128 bytes).
    Removing stm32f10x_tim.o(i.TI2_Config), (152 bytes).
    Removing stm32f10x_tim.o(i.TI3_Config), (144 bytes).
    Removing stm32f10x_tim.o(i.TI4_Config), (152 bytes).
    Removing stm32f10x_tim.o(i.TIM_ARRPreloadConfig), (24 bytes).
    Removing stm32f10x_tim.o(i.TIM_BDTRConfig), (32 bytes).
    Removing stm32f10x_tim.o(i.TIM_BDTRStructInit), (18 bytes).
    Removing stm32f10x_tim.o(i.TIM_CCPreloadControl), (24 bytes).
    Removing stm32f10x_tim.o(i.TIM_CCxCmd), (30 bytes).
    Removing stm32f10x_tim.o(i.TIM_CCxNCmd), (30 bytes).
    Removing stm32f10x_tim.o(i.TIM_ClearOC1Ref), (18 bytes).
    Removing stm32f10x_tim.o(i.TIM_ClearOC2Ref), (24 bytes).
    Removing stm32f10x_tim.o(i.TIM_ClearOC3Ref), (18 bytes).
    Removing stm32f10x_tim.o(i.TIM_ClearOC4Ref), (24 bytes).
    Removing stm32f10x_tim.o(i.TIM_CounterModeConfig), (18 bytes).
    Removing stm32f10x_tim.o(i.TIM_CtrlPWMOutputs), (30 bytes).
    Removing stm32f10x_tim.o(i.TIM_DMACmd), (18 bytes).
    Removing stm32f10x_tim.o(i.TIM_DMAConfig), (10 bytes).
    Removing stm32f10x_tim.o(i.TIM_ETRClockMode1Config), (54 bytes).
    Removing stm32f10x_tim.o(i.TIM_ETRClockMode2Config), (32 bytes).
    Removing stm32f10x_tim.o(i.TIM_ETRConfig), (28 bytes).
    Removing stm32f10x_tim.o(i.TIM_EncoderInterfaceConfig), (66 bytes).
    Removing stm32f10x_tim.o(i.TIM_ForcedOC1Config), (18 bytes).
    Removing stm32f10x_tim.o(i.TIM_ForcedOC2Config), (26 bytes).
    Removing stm32f10x_tim.o(i.TIM_ForcedOC3Config), (18 bytes).
    Removing stm32f10x_tim.o(i.TIM_ForcedOC4Config), (26 bytes).
    Removing stm32f10x_tim.o(i.TIM_GenerateEvent), (4 bytes).
    Removing stm32f10x_tim.o(i.TIM_GetCapture1), (6 bytes).
    Removing stm32f10x_tim.o(i.TIM_GetCapture2), (6 bytes).
    Removing stm32f10x_tim.o(i.TIM_GetCapture3), (6 bytes).
    Removing stm32f10x_tim.o(i.TIM_GetCapture4), (8 bytes).
    Removing stm32f10x_tim.o(i.TIM_GetCounter), (6 bytes).
    Removing stm32f10x_tim.o(i.TIM_GetFlagStatus), (18 bytes).
    Removing stm32f10x_tim.o(i.TIM_GetPrescaler), (6 bytes).
    Removing stm32f10x_tim.o(i.TIM_ICInit), (172 bytes).
    Removing stm32f10x_tim.o(i.TIM_ICStructInit), (18 bytes).
    Removing stm32f10x_tim.o(i.TIM_ITRxExternalClockConfig), (24 bytes).
    Removing stm32f10x_tim.o(i.TIM_OC1FastConfig), (18 bytes).
    Removing stm32f10x_tim.o(i.TIM_OC1Init), (152 bytes).
    Removing stm32f10x_tim.o(i.TIM_OC1NPolarityConfig), (18 bytes).
    Removing stm32f10x_tim.o(i.TIM_OC1PolarityConfig), (18 bytes).
    Removing stm32f10x_tim.o(i.TIM_OC1PreloadConfig), (18 bytes).
    Removing stm32f10x_tim.o(i.TIM_OC2FastConfig), (26 bytes).
    Removing stm32f10x_tim.o(i.TIM_OC2Init), (164 bytes).
    Removing stm32f10x_tim.o(i.TIM_OC2NPolarityConfig), (26 bytes).
    Removing stm32f10x_tim.o(i.TIM_OC2PolarityConfig), (26 bytes).
    Removing stm32f10x_tim.o(i.TIM_OC2PreloadConfig), (26 bytes).
    Removing stm32f10x_tim.o(i.TIM_OC3FastConfig), (18 bytes).
    Removing stm32f10x_tim.o(i.TIM_OC3Init), (160 bytes).
    Removing stm32f10x_tim.o(i.TIM_OC3NPolarityConfig), (26 bytes).
    Removing stm32f10x_tim.o(i.TIM_OC3PolarityConfig), (26 bytes).
    Removing stm32f10x_tim.o(i.TIM_OC3PreloadConfig), (18 bytes).
    Removing stm32f10x_tim.o(i.TIM_OC4FastConfig), (26 bytes).
    Removing stm32f10x_tim.o(i.TIM_OC4Init), (124 bytes).
    Removing stm32f10x_tim.o(i.TIM_OC4PolarityConfig), (26 bytes).
    Removing stm32f10x_tim.o(i.TIM_OC4PreloadConfig), (26 bytes).
    Removing stm32f10x_tim.o(i.TIM_OCStructInit), (20 bytes).
    Removing stm32f10x_tim.o(i.TIM_PWMIConfig), (124 bytes).
    Removing stm32f10x_tim.o(i.TIM_PrescalerConfig), (6 bytes).
    Removing stm32f10x_tim.o(i.TIM_SelectCCDMA), (24 bytes).
    Removing stm32f10x_tim.o(i.TIM_SelectCOM), (24 bytes).
    Removing stm32f10x_tim.o(i.TIM_SelectHallSensor), (24 bytes).
    Removing stm32f10x_tim.o(i.TIM_SelectInputTrigger), (18 bytes).
    Removing stm32f10x_tim.o(i.TIM_SelectMasterSlaveMode), (18 bytes).
    Removing stm32f10x_tim.o(i.TIM_SelectOCxM), (82 bytes).
    Removing stm32f10x_tim.o(i.TIM_SelectOnePulseMode), (18 bytes).
    Removing stm32f10x_tim.o(i.TIM_SelectOutputTrigger), (18 bytes).
    Removing stm32f10x_tim.o(i.TIM_SelectSlaveMode), (18 bytes).
    Removing stm32f10x_tim.o(i.TIM_SetClockDivision), (18 bytes).
    Removing stm32f10x_tim.o(i.TIM_SetCompare1), (4 bytes).
    Removing stm32f10x_tim.o(i.TIM_SetCompare2), (4 bytes).
    Removing stm32f10x_tim.o(i.TIM_SetCompare3), (4 bytes).
    Removing stm32f10x_tim.o(i.TIM_SetCompare4), (6 bytes).
    Removing stm32f10x_tim.o(i.TIM_SetIC1Prescaler), (18 bytes).
    Removing stm32f10x_tim.o(i.TIM_SetIC2Prescaler), (26 bytes).
    Removing stm32f10x_tim.o(i.TIM_SetIC3Prescaler), (18 bytes).
    Removing stm32f10x_tim.o(i.TIM_SetIC4Prescaler), (26 bytes).
    Removing stm32f10x_tim.o(i.TIM_TIxExternalClockConfig), (62 bytes).
    Removing stm32f10x_tim.o(i.TIM_TimeBaseStructInit), (18 bytes).
    Removing stm32f10x_tim.o(i.TIM_UpdateDisableConfig), (24 bytes).
    Removing stm32f10x_tim.o(i.TIM_UpdateRequestConfig), (24 bytes).
    Removing stm32f10x_wwdg.o(i.WWDG_DeInit), (22 bytes).
    Removing stm32f10x_wwdg.o(i.WWDG_Enable), (16 bytes).
    Removing stm32f10x_wwdg.o(i.WWDG_EnableIT), (12 bytes).
    Removing stm32f10x_wwdg.o(i.WWDG_GetFlagStatus), (12 bytes).
    Removing stm32f10x_wwdg.o(i.WWDG_SetPrescaler), (24 bytes).
    Removing stm32f10x_wwdg.o(i.WWDG_SetWindowValue), (40 bytes).
    Removing core_cm3.o(.emb_text), (32 bytes).
    Removing system_stm32f10x.o(i.SystemCoreClockUpdate), (164 bytes).
    Removing startup_stm32f10x_md.o(HEAP), (512 bytes).
    Removing bsp_wdg.o(i.bsp_InitIwdg), (52 bytes).
    Removing bsp_wdg.o(i.bsp_InitWdg), (12 bytes).
    Removing bsp_wdg.o(i.bsp_InitWwdg), (76 bytes).
    Removing bsp_timer.o(i.Ceshi_Task0), (80 bytes).
    Removing bsp_timer.o(i.Ceshi_Task1), (292 bytes).
    Removing bsp_timer.o(i.__set_PRIMASK), (6 bytes).
    Removing bsp_timer.o(i.bsp_DelayMS), (68 bytes).
    Removing bsp_timer.o(i.bsp_GetRunTime), (28 bytes).
    Removing bsp_uart_fifo.o(i.USART6_SendBefor), (4 bytes).
    Removing bsp_uart_fifo.o(i.USART6_SendOver), (4 bytes).
    Removing bsp_uart_fifo.o(i.comClearRxFifo), (28 bytes).
    Removing bsp_uart_fifo.o(i.comClearTxFifo), (28 bytes).
    Removing bsp_uart_fifo.o(i.fgetc), (32 bytes).
    Removing app_printer.o(i.get_print_mode_high), (230 bytes).
    Removing app_printer.o(i.motor_feed_delay), (98 bytes).
    Removing app_printer.o(i.printer_start_ceshi_high), (1020 bytes).
    Removing app_psam_card.o(i.psam_card_rcv), (96 bytes).
    Removing dadd.o(.text), (334 bytes).
    Removing dmul.o(.text), (228 bytes).
    Removing ddiv.o(.text), (222 bytes).
    Removing dfixul.o(.text), (48 bytes).
    Removing cdrcmple.o(.text), (40 bytes).
    Removing depilogue.o(.text), (190 bytes).

456 unused section(s) (total 20712 bytes) removed from the image.

==============================================================================

Image Symbol Table

    Local Symbols

    Symbol Name                              Value     Ov Type        Size  Object(Section)

    ../clib/microlib/division.c              0x00000000   Number         0  uldiv.o ABSOLUTE
    ../clib/microlib/division.c              0x00000000   Number         0  uidiv.o ABSOLUTE
    ../clib/microlib/init/entry.s            0x00000000   Number         0  entry11a.o ABSOLUTE
    ../clib/microlib/init/entry.s            0x00000000   Number         0  entry9b.o ABSOLUTE
    ../clib/microlib/init/entry.s            0x00000000   Number         0  entry8b.o ABSOLUTE
    ../clib/microlib/init/entry.s            0x00000000   Number         0  entry8a.o ABSOLUTE
    ../clib/microlib/init/entry.s            0x00000000   Number         0  entry11b.o ABSOLUTE
    ../clib/microlib/init/entry.s            0x00000000   Number         0  entry9a.o ABSOLUTE
    ../clib/microlib/init/entry.s            0x00000000   Number         0  entry5.o ABSOLUTE
    ../clib/microlib/init/entry.s            0x00000000   Number         0  entry.o ABSOLUTE
    ../clib/microlib/init/entry.s            0x00000000   Number         0  entry2.o ABSOLUTE
    ../clib/microlib/init/entry.s            0x00000000   Number         0  entry7a.o ABSOLUTE
    ../clib/microlib/init/entry.s            0x00000000   Number         0  entry7b.o ABSOLUTE
    ../clib/microlib/init/entry.s            0x00000000   Number         0  entry10b.o ABSOLUTE
    ../clib/microlib/init/entry.s            0x00000000   Number         0  entry10a.o ABSOLUTE
    ../clib/microlib/longlong.c              0x00000000   Number         0  llsshr.o ABSOLUTE
    ../clib/microlib/longlong.c              0x00000000   Number         0  llushr.o ABSOLUTE
    ../clib/microlib/longlong.c              0x00000000   Number         0  llshl.o ABSOLUTE
    ../clib/microlib/printf/printf.c         0x00000000   Number         0  printf1.o ABSOLUTE
    ../clib/microlib/printf/printf.c         0x00000000   Number         0  printf5.o ABSOLUTE
    ../clib/microlib/printf/printf.c         0x00000000   Number         0  printf6.o ABSOLUTE
    ../clib/microlib/printf/printf.c         0x00000000   Number         0  printf2.o ABSOLUTE
    ../clib/microlib/printf/printf.c         0x00000000   Number         0  printf4.o ABSOLUTE
    ../clib/microlib/printf/printf.c         0x00000000   Number         0  printfa.o ABSOLUTE
    ../clib/microlib/printf/printf.c         0x00000000   Number         0  printf8.o ABSOLUTE
    ../clib/microlib/printf/printf.c         0x00000000   Number         0  printfb.o ABSOLUTE
    ../clib/microlib/printf/printf.c         0x00000000   Number         0  printf0.o ABSOLUTE
    ../clib/microlib/printf/printf.c         0x00000000   Number         0  printf3.o ABSOLUTE
    ../clib/microlib/printf/printf.c         0x00000000   Number         0  printf7.o ABSOLUTE
    ../clib/microlib/printf/stubs.s          0x00000000   Number         0  stubs.o ABSOLUTE
    ../clib/microlib/stdio/streams.c         0x00000000   Number         0  stdout.o ABSOLUTE
    ../clib/microlib/string/memcpy.c         0x00000000   Number         0  memcpyb.o ABSOLUTE
    ../clib/microlib/string/memcpy.c         0x00000000   Number         0  memcpya.o ABSOLUTE
    ../clib/microlib/string/memset.c         0x00000000   Number         0  memseta.o ABSOLUTE
    ../clib/microlib/stubs.s                 0x00000000   Number         0  iusefp.o ABSOLUTE
    ../fplib/microlib/fpadd.c                0x00000000   Number         0  dadd.o ABSOLUTE
    ../fplib/microlib/fpdiv.c                0x00000000   Number         0  ddiv.o ABSOLUTE
    ../fplib/microlib/fpepilogue.c           0x00000000   Number         0  depilogue.o ABSOLUTE
    ../fplib/microlib/fpfix.c                0x00000000   Number         0  dfixul.o ABSOLUTE
    ../fplib/microlib/fpmul.c                0x00000000   Number         0  dmul.o ABSOLUTE
    ..\..\..\Libraries\CMSIS\CM3\CoreSupport\core_cm3.c 0x00000000   Number         0  core_cm3.o ABSOLUTE
    ..\..\..\Libraries\CMSIS\CM3\DeviceSupport\ST\STM32F10x\startup\arm\startup_stm32f10x_md.s 0x00000000   Number         0  startup_stm32f10x_md.o ABSOLUTE
    ..\..\..\Libraries\STM32F10x_StdPeriph_Driver\src\misc.c 0x00000000   Number         0  misc.o ABSOLUTE
    ..\..\..\Libraries\STM32F10x_StdPeriph_Driver\src\stm32f10x_adc.c 0x00000000   Number         0  stm32f10x_adc.o ABSOLUTE
    ..\..\..\Libraries\STM32F10x_StdPeriph_Driver\src\stm32f10x_bkp.c 0x00000000   Number         0  stm32f10x_bkp.o ABSOLUTE
    ..\..\..\Libraries\STM32F10x_StdPeriph_Driver\src\stm32f10x_can.c 0x00000000   Number         0  stm32f10x_can.o ABSOLUTE
    ..\..\..\Libraries\STM32F10x_StdPeriph_Driver\src\stm32f10x_cec.c 0x00000000   Number         0  stm32f10x_cec.o ABSOLUTE
    ..\..\..\Libraries\STM32F10x_StdPeriph_Driver\src\stm32f10x_crc.c 0x00000000   Number         0  stm32f10x_crc.o ABSOLUTE
    ..\..\..\Libraries\STM32F10x_StdPeriph_Driver\src\stm32f10x_dac.c 0x00000000   Number         0  stm32f10x_dac.o ABSOLUTE
    ..\..\..\Libraries\STM32F10x_StdPeriph_Driver\src\stm32f10x_dbgmcu.c 0x00000000   Number         0  stm32f10x_dbgmcu.o ABSOLUTE
    ..\..\..\Libraries\STM32F10x_StdPeriph_Driver\src\stm32f10x_dma.c 0x00000000   Number         0  stm32f10x_dma.o ABSOLUTE
    ..\..\..\Libraries\STM32F10x_StdPeriph_Driver\src\stm32f10x_exti.c 0x00000000   Number         0  stm32f10x_exti.o ABSOLUTE
    ..\..\..\Libraries\STM32F10x_StdPeriph_Driver\src\stm32f10x_flash.c 0x00000000   Number         0  stm32f10x_flash.o ABSOLUTE
    ..\..\..\Libraries\STM32F10x_StdPeriph_Driver\src\stm32f10x_fsmc.c 0x00000000   Number         0  stm32f10x_fsmc.o ABSOLUTE
    ..\..\..\Libraries\STM32F10x_StdPeriph_Driver\src\stm32f10x_gpio.c 0x00000000   Number         0  stm32f10x_gpio.o ABSOLUTE
    ..\..\..\Libraries\STM32F10x_StdPeriph_Driver\src\stm32f10x_i2c.c 0x00000000   Number         0  stm32f10x_i2c.o ABSOLUTE
    ..\..\..\Libraries\STM32F10x_StdPeriph_Driver\src\stm32f10x_iwdg.c 0x00000000   Number         0  stm32f10x_iwdg.o ABSOLUTE
    ..\..\..\Libraries\STM32F10x_StdPeriph_Driver\src\stm32f10x_pwr.c 0x00000000   Number         0  stm32f10x_pwr.o ABSOLUTE
    ..\..\..\Libraries\STM32F10x_StdPeriph_Driver\src\stm32f10x_rcc.c 0x00000000   Number         0  stm32f10x_rcc.o ABSOLUTE
    ..\..\..\Libraries\STM32F10x_StdPeriph_Driver\src\stm32f10x_rtc.c 0x00000000   Number         0  stm32f10x_rtc.o ABSOLUTE
    ..\..\..\Libraries\STM32F10x_StdPeriph_Driver\src\stm32f10x_sdio.c 0x00000000   Number         0  stm32f10x_sdio.o ABSOLUTE
    ..\..\..\Libraries\STM32F10x_StdPeriph_Driver\src\stm32f10x_spi.c 0x00000000   Number         0  stm32f10x_spi.o ABSOLUTE
    ..\..\..\Libraries\STM32F10x_StdPeriph_Driver\src\stm32f10x_tim.c 0x00000000   Number         0  stm32f10x_tim.o ABSOLUTE
    ..\..\..\Libraries\STM32F10x_StdPeriph_Driver\src\stm32f10x_usart.c 0x00000000   Number         0  stm32f10x_usart.o ABSOLUTE
    ..\..\..\Libraries\STM32F10x_StdPeriph_Driver\src\stm32f10x_wwdg.c 0x00000000   Number         0  stm32f10x_wwdg.o ABSOLUTE
    ..\..\app\app.c                          0x00000000   Number         0  app.o ABSOLUTE
    ..\..\app\app_esam8810.c                 0x00000000   Number         0  app_esam8810.o ABSOLUTE
    ..\..\app\app_pa1100.c                   0x00000000   Number         0  app_pa1100.o ABSOLUTE
    ..\..\app\app_printer.c                  0x00000000   Number         0  app_printer.o ABSOLUTE
    ..\..\app\app_psam_card.c                0x00000000   Number         0  app_psam_card.o ABSOLUTE
    ..\..\app\app_uart.c                     0x00000000   Number         0  app_uart.o ABSOLUTE
    ..\..\bsp\bsp.c                          0x00000000   Number         0  bsp.o ABSOLUTE
    ..\..\bsp\bsp_timer.c                    0x00000000   Number         0  bsp_timer.o ABSOLUTE
    ..\..\bsp\bsp_uart_fifo.c                0x00000000   Number         0  bsp_uart_fifo.o ABSOLUTE
    ..\..\bsp\bsp_wdg.c                      0x00000000   Number         0  bsp_wdg.o ABSOLUTE
    ..\\..\\..\\Libraries\\CMSIS\\CM3\\CoreSupport\\core_cm3.c 0x00000000   Number         0  core_cm3.o ABSOLUTE
    ..\main.c                                0x00000000   Number         0  main.o ABSOLUTE
    ..\stm32f10x_it.c                        0x00000000   Number         0  stm32f10x_it.o ABSOLUTE
    ..\system_stm32f10x.c                    0x00000000   Number         0  system_stm32f10x.o ABSOLUTE
    cdrcmple.s                               0x00000000   Number         0  cdrcmple.o ABSOLUTE
    dc.s                                     0x00000000   Number         0  dc.o ABSOLUTE
    handlers.s                               0x00000000   Number         0  handlers.o ABSOLUTE
    init.s                                   0x00000000   Number         0  init.o ABSOLUTE
    RESET                                    0x08000000   Section      236  startup_stm32f10x_md.o(RESET)
    .ARM.Collect$$$$00000000                 0x080000ec   Section        0  entry.o(.ARM.Collect$$$$00000000)
    .ARM.Collect$$$$00000001                 0x080000ec   Section        4  entry2.o(.ARM.Collect$$$$00000001)
    .ARM.Collect$$$$00000004                 0x080000f0   Section        4  entry5.o(.ARM.Collect$$$$00000004)
    .ARM.Collect$$$$00000008                 0x080000f4   Section        0  entry7b.o(.ARM.Collect$$$$00000008)
    .ARM.Collect$$$$0000000A                 0x080000f4   Section        0  entry8b.o(.ARM.Collect$$$$0000000A)
    .ARM.Collect$$$$0000000B                 0x080000f4   Section        8  entry9a.o(.ARM.Collect$$$$0000000B)
    .ARM.Collect$$$$0000000D                 0x080000fc   Section        0  entry10a.o(.ARM.Collect$$$$0000000D)
    .ARM.Collect$$$$0000000F                 0x080000fc   Section        0  entry11a.o(.ARM.Collect$$$$0000000F)
    .ARM.Collect$$$$00002712                 0x080000fc   Section        4  entry2.o(.ARM.Collect$$$$00002712)
    __lit__00000000                          0x080000fc   Data           4  entry2.o(.ARM.Collect$$$$00002712)
    .text                                    0x08000100   Section       36  startup_stm32f10x_md.o(.text)
    .text                                    0x08000124   Section        0  memcpya.o(.text)
    .text                                    0x08000148   Section        0  memseta.o(.text)
    .text                                    0x0800016c   Section        0  uidiv.o(.text)
    .text                                    0x08000198   Section       36  init.o(.text)
    i.App_Init                               0x080001bc   Section        0  app.o(i.App_Init)
    i.App_Task                               0x080001d0   Section        0  app.o(i.App_Task)
    i.BusFault_Handler                       0x080001ec   Section        0  stm32f10x_it.o(i.BusFault_Handler)
    i.ComToUart                              0x080001f0   Section        0  bsp_uart_fifo.o(i.ComToUart)
    i.ConfigUartNVIC                         0x08000230   Section        0  bsp_uart_fifo.o(i.ConfigUartNVIC)
    ConfigUartNVIC                           0x08000231   Thumb Code    98  bsp_uart_fifo.o(i.ConfigUartNVIC)
    i.DebugMon_Handler                       0x08000292   Section        0  stm32f10x_it.o(i.DebugMon_Handler)
    i.GPIO_Init                              0x08000294   Section        0  stm32f10x_gpio.o(i.GPIO_Init)
    i.GPIO_PinRemapConfig                    0x080003a8   Section        0  stm32f10x_gpio.o(i.GPIO_PinRemapConfig)
    i.GPIO_ResetBits                         0x08000438   Section        0  stm32f10x_gpio.o(i.GPIO_ResetBits)
    i.GPIO_SetBits                           0x0800043c   Section        0  stm32f10x_gpio.o(i.GPIO_SetBits)
    i.HardFault_Handler                      0x08000440   Section        0  stm32f10x_it.o(i.HardFault_Handler)
    i.IWDG_ReloadCounter                     0x08000444   Section        0  stm32f10x_iwdg.o(i.IWDG_ReloadCounter)
    i.InitHardUart                           0x08000454   Section        0  bsp_uart_fifo.o(i.InitHardUart)
    InitHardUart                             0x08000455   Thumb Code   138  bsp_uart_fifo.o(i.InitHardUart)
    i.Iwdg_Feed                              0x080004e8   Section        0  bsp_wdg.o(i.Iwdg_Feed)
    i.MemManage_Handler                      0x080004f0   Section        0  stm32f10x_it.o(i.MemManage_Handler)
    i.NMI_Handler                            0x080004f4   Section        0  stm32f10x_it.o(i.NMI_Handler)
    i.NVIC_Init                              0x080004f8   Section        0  misc.o(i.NVIC_Init)
    i.NVIC_PriorityGroupConfig               0x0800056c   Section        0  misc.o(i.NVIC_PriorityGroupConfig)
    i.PendSV_Handler                         0x08000580   Section        0  stm32f10x_it.o(i.PendSV_Handler)
    i.RCC_APB1PeriphClockCmd                 0x08000584   Section        0  stm32f10x_rcc.o(i.RCC_APB1PeriphClockCmd)
    i.RCC_APB1PeriphResetCmd                 0x080005a4   Section        0  stm32f10x_rcc.o(i.RCC_APB1PeriphResetCmd)
    i.RCC_APB2PeriphClockCmd                 0x080005c4   Section        0  stm32f10x_rcc.o(i.RCC_APB2PeriphClockCmd)
    i.RCC_APB2PeriphResetCmd                 0x080005e4   Section        0  stm32f10x_rcc.o(i.RCC_APB2PeriphResetCmd)
    i.RCC_GetClocksFreq                      0x08000604   Section        0  stm32f10x_rcc.o(i.RCC_GetClocksFreq)
    i.SPI_Cmd                                0x080006d8   Section        0  stm32f10x_spi.o(i.SPI_Cmd)
    i.SPI_I2S_GetFlagStatus                  0x080006f0   Section        0  stm32f10x_spi.o(i.SPI_I2S_GetFlagStatus)
    i.SPI_I2S_SendData                       0x08000702   Section        0  stm32f10x_spi.o(i.SPI_I2S_SendData)
    i.SPI_Init                               0x08000706   Section        0  stm32f10x_spi.o(i.SPI_Init)
    i.SPI_SSOutputCmd                        0x08000742   Section        0  stm32f10x_spi.o(i.SPI_SSOutputCmd)
    i.SVC_Handler                            0x0800075a   Section        0  stm32f10x_it.o(i.SVC_Handler)
    i.SetSysClock                            0x0800075c   Section        0  system_stm32f10x.o(i.SetSysClock)
    SetSysClock                              0x0800075d   Thumb Code     8  system_stm32f10x.o(i.SetSysClock)
    i.SetSysClockTo72                        0x08000764   Section        0  system_stm32f10x.o(i.SetSysClockTo72)
    SetSysClockTo72                          0x08000765   Thumb Code   212  system_stm32f10x.o(i.SetSysClockTo72)
    i.SysTick_Handler                        0x08000840   Section        0  stm32f10x_it.o(i.SysTick_Handler)
    i.SysTick_ISR                            0x08000848   Section        0  bsp_timer.o(i.SysTick_ISR)
    i.SystemInit                             0x08000878   Section        0  system_stm32f10x.o(i.SystemInit)
    i.TIM2_IRQHandler                        0x080008d8   Section        0  stm32f10x_it.o(i.TIM2_IRQHandler)
    i.TIM2_ISR                               0x080008e0   Section        0  app_printer.o(i.TIM2_ISR)
    i.TIM_ClearFlag                          0x08000a5c   Section        0  stm32f10x_tim.o(i.TIM_ClearFlag)
    i.TIM_ClearITPendingBit                  0x08000a62   Section        0  stm32f10x_tim.o(i.TIM_ClearITPendingBit)
    i.TIM_Cmd                                0x08000a68   Section        0  stm32f10x_tim.o(i.TIM_Cmd)
    i.TIM_DeInit                             0x08000a80   Section        0  stm32f10x_tim.o(i.TIM_DeInit)
    i.TIM_GetITStatus                        0x08000c68   Section        0  stm32f10x_tim.o(i.TIM_GetITStatus)
    i.TIM_ITConfig                           0x08000c8a   Section        0  stm32f10x_tim.o(i.TIM_ITConfig)
    i.TIM_InternalClockConfig                0x08000c9c   Section        0  stm32f10x_tim.o(i.TIM_InternalClockConfig)
    i.TIM_SetAutoreload                      0x08000ca8   Section        0  stm32f10x_tim.o(i.TIM_SetAutoreload)
    i.TIM_SetCounter                         0x08000cac   Section        0  stm32f10x_tim.o(i.TIM_SetCounter)
    i.TIM_TimeBaseInit                       0x08000cb0   Section        0  stm32f10x_tim.o(i.TIM_TimeBaseInit)
    i.USART1_IRQHandler                      0x08000d54   Section        0  bsp_uart_fifo.o(i.USART1_IRQHandler)
    i.USART1_Tx_Chars                        0x08000d64   Section        0  app_uart.o(i.USART1_Tx_Chars)
    i.USART2_IRQHandler                      0x08000dac   Section        0  bsp_uart_fifo.o(i.USART2_IRQHandler)
    i.USART3_IRQHandler                      0x08000dbc   Section        0  bsp_uart_fifo.o(i.USART3_IRQHandler)
    i.USART_ClearFlag                        0x08000dcc   Section        0  stm32f10x_usart.o(i.USART_ClearFlag)
    i.USART_ClockInit                        0x08000dde   Section        0  stm32f10x_usart.o(i.USART_ClockInit)
    i.USART_Cmd                              0x08000e00   Section        0  stm32f10x_usart.o(i.USART_Cmd)
    i.USART_GetFlagStatus                    0x08000e18   Section        0  stm32f10x_usart.o(i.USART_GetFlagStatus)
    i.USART_GetITStatus                      0x08000e32   Section        0  stm32f10x_usart.o(i.USART_GetITStatus)
    i.USART_ITConfig                         0x08000e86   Section        0  stm32f10x_usart.o(i.USART_ITConfig)
    i.USART_Init                             0x08000ed0   Section        0  stm32f10x_usart.o(i.USART_Init)
    i.USART_ReceiveData                      0x08000fa8   Section        0  stm32f10x_usart.o(i.USART_ReceiveData)
    i.USART_SendData                         0x08000fb2   Section        0  stm32f10x_usart.o(i.USART_SendData)
    i.USART_SetGuardTime                     0x08000fba   Section        0  stm32f10x_usart.o(i.USART_SetGuardTime)
    i.USART_SetPrescaler                     0x08000fca   Section        0  stm32f10x_usart.o(i.USART_SetPrescaler)
    i.USART_SmartCardCmd                     0x08000fda   Section        0  stm32f10x_usart.o(i.USART_SmartCardCmd)
    i.USART_SmartCardNACKCmd                 0x08000ff2   Section        0  stm32f10x_usart.o(i.USART_SmartCardNACKCmd)
    i.UartGetChar                            0x0800100a   Section        0  bsp_uart_fifo.o(i.UartGetChar)
    UartGetChar                              0x0800100b   Thumb Code    74  bsp_uart_fifo.o(i.UartGetChar)
    i.UartIRQ                                0x08001054   Section        0  bsp_uart_fifo.o(i.UartIRQ)
    UartIRQ                                  0x08001055   Thumb Code   230  bsp_uart_fifo.o(i.UartIRQ)
    i.UartSend                               0x0800113a   Section        0  bsp_uart_fifo.o(i.UartSend)
    UartSend                                 0x0800113b   Thumb Code   114  bsp_uart_fifo.o(i.UartSend)
    i.UartVarInit                            0x080011ac   Section        0  bsp_uart_fifo.o(i.UartVarInit)
    UartVarInit                              0x080011ad   Thumb Code   130  bsp_uart_fifo.o(i.UartVarInit)
    i.UsageFault_Handler                     0x08001260   Section        0  stm32f10x_it.o(i.UsageFault_Handler)
    i.WWDG_ClearFlag                         0x08001264   Section        0  stm32f10x_wwdg.o(i.WWDG_ClearFlag)
    i.WWDG_IRQHandler                        0x08001270   Section        0  stm32f10x_it.o(i.WWDG_IRQHandler)
    i.WWDG_SetCounter                        0x08001278   Section        0  stm32f10x_wwdg.o(i.WWDG_SetCounter)
    i.Wwdg_Feed                              0x08001288   Section        0  bsp_wdg.o(i.Wwdg_Feed)
    i.Wwdg_ISR                               0x08001294   Section        0  bsp_wdg.o(i.Wwdg_ISR)
    i.Wwdg_Reload_Task                       0x080012bc   Section        0  bsp_wdg.o(i.Wwdg_Reload_Task)
    i.__0printf$1                            0x080013bc   Section        0  printf1.o(i.__0printf$1)
    i.__scatterload_copy                     0x080013dc   Section       14  handlers.o(i.__scatterload_copy)
    i.__scatterload_null                     0x080013ea   Section        2  handlers.o(i.__scatterload_null)
    i.__scatterload_zeroinit                 0x080013ec   Section       14  handlers.o(i.__scatterload_zeroinit)
    i.__set_PRIMASK                          0x080013fa   Section        0  bsp_uart_fifo.o(i.__set_PRIMASK)
    __set_PRIMASK                            0x080013fb   Thumb Code     6  bsp_uart_fifo.o(i.__set_PRIMASK)
    i._printf_core                           0x08001400   Section        0  printf1.o(i._printf_core)
    _printf_core                             0x08001401   Thumb Code   334  printf1.o(i._printf_core)
    i.app_Hook                               0x08001554   Section        0  app.o(i.app_Hook)
    i.bsp_DelayUS                            0x080015a4   Section        0  bsp_timer.o(i.bsp_DelayUS)
    i.bsp_Idle                               0x080015f8   Section        0  bsp.o(i.bsp_Idle)
    i.bsp_Init                               0x08001604   Section        0  bsp.o(i.bsp_Init)
    i.bsp_InitTimer                          0x08001638   Section        0  bsp_timer.o(i.bsp_InitTimer)
    i.bsp_InitUart                           0x08001698   Section        0  bsp_uart_fifo.o(i.bsp_InitUart)
    i.bsp_rcc_init                           0x080016a8   Section        0  bsp.o(i.bsp_rcc_init)
    bsp_rcc_init                             0x080016a9   Thumb Code     2  bsp.o(i.bsp_rcc_init)
    i.ceshi                                  0x080016ac   Section        0  app_esam8810.o(i.ceshi)
    ceshi                                    0x080016ad   Thumb Code    40  app_esam8810.o(i.ceshi)
    i.ceshi                                  0x080016d8   Section        0  app_psam_card.o(i.ceshi)
    ceshi                                    0x080016d9   Thumb Code    40  app_psam_card.o(i.ceshi)
    i.ceshi                                  0x08001704   Section        0  app_pa1100.o(i.ceshi)
    ceshi                                    0x08001705   Thumb Code   172  app_pa1100.o(i.ceshi)
    i.check_to_print                         0x080017b8   Section        0  app_printer.o(i.check_to_print)
    check_to_print                           0x080017b9   Thumb Code    36  app_printer.o(i.check_to_print)
    i.checkout_cmd                           0x080017e8   Section        0  app_uart.o(i.checkout_cmd)
    checkout_cmd                             0x080017e9   Thumb Code   190  app_uart.o(i.checkout_cmd)
    i.comGetChar                             0x080018ac   Section        0  bsp_uart_fifo.o(i.comGetChar)
    i.comSendBuf                             0x080018ca   Section        0  bsp_uart_fifo.o(i.comSendBuf)
    i.comSendChar                            0x080018f8   Section        0  bsp_uart_fifo.o(i.comSendChar)
    i.esam8810_CMD_DEAL                      0x08001908   Section        0  app_esam8810.o(i.esam8810_CMD_DEAL)
    i.esam8810_Init                          0x08001968   Section        0  app_esam8810.o(i.esam8810_Init)
    i.esam8810_SERVER_TASK                   0x08001a7c   Section        0  app_esam8810.o(i.esam8810_SERVER_TASK)
    i.esam8810_rcv                           0x08001abc   Section        0  app_esam8810.o(i.esam8810_rcv)
    esam8810_rcv                             0x08001abd   Thumb Code    88  app_esam8810.o(i.esam8810_rcv)
    i.esam8810_rst                           0x08001b1c   Section        0  app_esam8810.o(i.esam8810_rst)
    esam8810_rst                             0x08001b1d   Thumb Code    48  app_esam8810.o(i.esam8810_rst)
    i.fputc                                  0x08001b50   Section        0  bsp_uart_fifo.o(i.fputc)
    i.get_print_mode                         0x08001b74   Section        0  app_printer.o(i.get_print_mode)
    get_print_mode                           0x08001b75   Thumb Code   206  app_printer.o(i.get_print_mode)
    i.is_detect_down                         0x08001c44   Section        0  app_pa1100.o(i.is_detect_down)
    is_detect_down                           0x08001c45   Thumb Code    18  app_pa1100.o(i.is_detect_down)
    i.is_detect_ok                           0x08001c5c   Section        0  app_printer.o(i.is_detect_ok)
    is_detect_ok                             0x08001c5d   Thumb Code    18  app_printer.o(i.is_detect_ok)
    i.judge_cmd_correct                      0x08001c74   Section        0  app_uart.o(i.judge_cmd_correct)
    judge_cmd_correct                        0x08001c75   Thumb Code    62  app_uart.o(i.judge_cmd_correct)
    i.main                                   0x08001cb2   Section        0  main.o(i.main)
    i.pa1100_CMD_DEAL                        0x08001cc8   Section        0  app_pa1100.o(i.pa1100_CMD_DEAL)
    i.pa1100_Init                            0x08001d24   Section        0  app_pa1100.o(i.pa1100_Init)
    i.pa1100_SERVER_TASK                     0x08001d54   Section        0  app_pa1100.o(i.pa1100_SERVER_TASK)
    i.pa1100_read_data                       0x08001e44   Section        0  app_pa1100.o(i.pa1100_read_data)
    pa1100_read_data                         0x08001e45   Thumb Code    30  app_pa1100.o(i.pa1100_read_data)
    i.pa1100_rst                             0x08001e64   Section        0  app_pa1100.o(i.pa1100_rst)
    pa1100_rst                               0x08001e65   Thumb Code   210  app_pa1100.o(i.pa1100_rst)
    i.printer_CMD_DEAL                       0x08001f3c   Section        0  app_printer.o(i.printer_CMD_DEAL)
    i.printer_Init                           0x080020f0   Section        0  app_printer.o(i.printer_Init)
    i.printer_SERVER_TASK                    0x08002358   Section        0  app_printer.o(i.printer_SERVER_TASK)
    i.printer_data_out                       0x0800246c   Section        0  app_printer.o(i.printer_data_out)
    printer_data_out                         0x0800246d   Thumb Code   102  app_printer.o(i.printer_data_out)
    i.printer_heat                           0x080024d8   Section        0  app_printer.o(i.printer_heat)
    printer_heat                             0x080024d9   Thumb Code   114  app_printer.o(i.printer_heat)
    i.printer_moter_cut_feed                 0x08002550   Section        0  app_printer.o(i.printer_moter_cut_feed)
    printer_moter_cut_feed                   0x08002551   Thumb Code   142  app_printer.o(i.printer_moter_cut_feed)
    i.printer_moter_step                     0x080025f0   Section        0  app_printer.o(i.printer_moter_step)
    printer_moter_step                       0x080025f1   Thumb Code   248  app_printer.o(i.printer_moter_step)
    i.printer_start                          0x080026f0   Section        0  app_printer.o(i.printer_start)
    printer_start                            0x080026f1   Thumb Code   970  app_printer.o(i.printer_start)
    i.printer_start_ceshi                    0x08002ad8   Section        0  app_printer.o(i.printer_start_ceshi)
    printer_start_ceshi                      0x08002ad9   Thumb Code   978  app_printer.o(i.printer_start_ceshi)
    i.printer_stop_ceshi                     0x08002ecc   Section        0  app_printer.o(i.printer_stop_ceshi)
    printer_stop_ceshi                       0x08002ecd   Thumb Code    50  app_printer.o(i.printer_stop_ceshi)
    i.psam_card_CMD_DEAL                     0x08002f0c   Section        0  app_psam_card.o(i.psam_card_CMD_DEAL)
    i.psam_card_Init                         0x08002f6c   Section        0  app_psam_card.o(i.psam_card_Init)
    i.psam_card_SERVER_TASK                  0x08003084   Section        0  app_psam_card.o(i.psam_card_SERVER_TASK)
    i.psam_card_rst                          0x080030bc   Section        0  app_psam_card.o(i.psam_card_rst)
    psam_card_rst                            0x080030bd   Thumb Code    54  app_psam_card.o(i.psam_card_rst)
    i.set_mosi_ipu                           0x080030f8   Section        0  app_pa1100.o(i.set_mosi_ipu)
    set_mosi_ipu                             0x080030f9   Thumb Code    30  app_pa1100.o(i.set_mosi_ipu)
    i.set_mosi_out_pp                        0x0800311c   Section        0  app_pa1100.o(i.set_mosi_out_pp)
    set_mosi_out_pp                          0x0800311d   Thumb Code    30  app_pa1100.o(i.set_mosi_out_pp)
    i.set_tim_reload                         0x08003140   Section        0  app_printer.o(i.set_tim_reload)
    set_tim_reload                           0x08003141   Thumb Code    42  app_printer.o(i.set_tim_reload)
    i.spi_read_byte                          0x08003170   Section        0  app_pa1100.o(i.spi_read_byte)
    spi_read_byte                            0x08003171   Thumb Code    74  app_pa1100.o(i.spi_read_byte)
    i.uart_SERVER_TASK                       0x080031c0   Section        0  app_uart.o(i.uart_SERVER_TASK)
    .constdata                               0x080032f8   Section    42296  app_printer.o(.constdata)
    .data                                    0x20000000   Section       20  stm32f10x_rcc.o(.data)
    APBAHBPrescTable                         0x20000000   Data          16  stm32f10x_rcc.o(.data)
    ADCPrescTable                            0x20000010   Data           4  stm32f10x_rcc.o(.data)
    .data                                    0x20000014   Section       20  system_stm32f10x.o(.data)
    .data                                    0x20000028   Section       13  bsp_wdg.o(.data)
    sys_time                                 0x20000028   Data           4  bsp_wdg.o(.data)
    time_ms                                  0x2000002c   Data           4  bsp_wdg.o(.data)
    time_add_up                              0x20000030   Data           4  bsp_wdg.o(.data)
    .data                                    0x20000038   Section       40  bsp_timer.o(.data)
    DelayCount                               0x2000003c   Data           4  bsp_timer.o(.data)
    TimeOutFlag                              0x20000040   Data           1  bsp_timer.o(.data)
    sys_time                                 0x20000044   Data           4  bsp_timer.o(.data)
    time_ms                                  0x20000048   Data           4  bsp_timer.o(.data)
    time_add_up                              0x2000004c   Data           4  bsp_timer.o(.data)
    sys_time                                 0x20000050   Data           4  bsp_timer.o(.data)
    time_ms                                  0x20000054   Data           4  bsp_timer.o(.data)
    time_add_up                              0x20000058   Data           4  bsp_timer.o(.data)
    work_time_max                            0x2000005c   Data           4  bsp_timer.o(.data)
    .data                                    0x20000060   Section       12  app.o(.data)
    sys_time                                 0x20000060   Data           4  app.o(.data)
    time_ms                                  0x20000064   Data           4  app.o(.data)
    time_add_up                              0x20000068   Data           4  app.o(.data)
    .data                                    0x2000006c   Section       13  app_uart.o(.data)
    sys_time                                 0x2000006c   Data           4  app_uart.o(.data)
    time_ms                                  0x20000070   Data           4  app_uart.o(.data)
    Rxdtime                                  0x20000074   Data           2  app_uart.o(.data)
    USART1_RXD_CON                           0x20000076   Data           2  app_uart.o(.data)
    uart_FRAME_STATE                         0x20000078   Data           1  app_uart.o(.data)
    .data                                    0x2000007c   Section       31  app_printer.o(.data)
    Motor_Feed_Step                          0x2000007e   Data           2  app_printer.o(.data)
    Motor_State                              0x20000080   Data           1  app_printer.o(.data)
    Motor_Feed_T                             0x20000081   Data           1  app_printer.o(.data)
    j                                        0x20000084   Data           4  app_printer.o(.data)
    j                                        0x20000088   Data           4  app_printer.o(.data)
    j                                        0x2000008c   Data           4  app_printer.o(.data)
    sys_time                                 0x20000090   Data           4  app_printer.o(.data)
    time_ms                                  0x20000094   Data           4  app_printer.o(.data)
    Cycletime                                0x20000098   Data           2  app_printer.o(.data)
    Printer_State                            0x2000009a   Data           1  app_printer.o(.data)
    .data                                    0x2000009c   Section       12  app_esam8810.o(.data)
    rxd_timeout                              0x2000009c   Data           1  app_esam8810.o(.data)
    rxd_num                                  0x2000009e   Data           2  app_esam8810.o(.data)
    sys_time                                 0x200000a0   Data           4  app_esam8810.o(.data)
    time_ms                                  0x200000a4   Data           4  app_esam8810.o(.data)
    .data                                    0x200000a8   Section       12  app_psam_card.o(.data)
    rxd_timeout                              0x200000a8   Data           1  app_psam_card.o(.data)
    rxd_num                                  0x200000aa   Data           2  app_psam_card.o(.data)
    sys_time                                 0x200000ac   Data           4  app_psam_card.o(.data)
    time_ms                                  0x200000b0   Data           4  app_psam_card.o(.data)
    .data                                    0x200000b4   Section       12  app_pa1100.o(.data)
    sys_time                                 0x200000b4   Data           4  app_pa1100.o(.data)
    time_ms                                  0x200000b8   Data           4  app_pa1100.o(.data)
    time_add_up                              0x200000bc   Data           4  app_pa1100.o(.data)
    .data                                    0x200000c0   Section        4  stdout.o(.data)
    .bss                                     0x200000c4   Section     9336  bsp_uart_fifo.o(.bss)
    g_tUart1                                 0x200000c4   Data          40  bsp_uart_fifo.o(.bss)
    g_TxBuf1                                 0x200000ec   Data        2048  bsp_uart_fifo.o(.bss)
    g_RxBuf1                                 0x200008ec   Data        2048  bsp_uart_fifo.o(.bss)
    g_tUart2                                 0x200010ec   Data          40  bsp_uart_fifo.o(.bss)
    g_TxBuf2                                 0x20001114   Data        1024  bsp_uart_fifo.o(.bss)
    g_RxBuf2                                 0x20001514   Data        2048  bsp_uart_fifo.o(.bss)
    g_tUart3                                 0x20001d14   Data          40  bsp_uart_fifo.o(.bss)
    g_TxBuf3                                 0x20001d3c   Data        1024  bsp_uart_fifo.o(.bss)
    g_RxBuf3                                 0x2000213c   Data        1024  bsp_uart_fifo.o(.bss)
    .bss                                     0x2000253c   Section     2500  app_uart.o(.bss)
    Usart1_Rxd_Tempdata                      0x2000253c   Data        2000  app_uart.o(.bss)
    .bss                                     0x20002f00   Section     2308  app_printer.o(.bss)
    STACK                                    0x20003808   Section     1024  startup_stm32f10x_md.o(STACK)

    Global Symbols

    Symbol Name                              Value     Ov Type        Size  Object(Section)

    BuildAttributes$$THM_ISAv4$P$D$K$B$S$PE$A:L22UL41UL21$X:L11$S22US41US21$IEEE1$IW$USESV6$~STKCKD$USESV7$~SHL$OSPACE$ROPI$EBA8$MICROLIB$REQ8$PRES8$EABIv2 0x00000000   Number         0  anon$$obj.o ABSOLUTE
    __ARM_use_no_argv                        0x00000000   Number         0  main.o ABSOLUTE
    _printf_a                                0x00000000   Number         0  stubs.o ABSOLUTE
    _printf_c                                0x00000000   Number         0  stubs.o ABSOLUTE
    _printf_charcount                        0x00000000   Number         0  stubs.o ABSOLUTE
    _printf_d                                0x00000000   Number         0  stubs.o ABSOLUTE
    _printf_e                                0x00000000   Number         0  stubs.o ABSOLUTE
    _printf_f                                0x00000000   Number         0  stubs.o ABSOLUTE
    _printf_flags                            0x00000000   Number         0  stubs.o ABSOLUTE
    _printf_fp_dec                           0x00000000   Number         0  stubs.o ABSOLUTE
    _printf_fp_hex                           0x00000000   Number         0  stubs.o ABSOLUTE
    _printf_g                                0x00000000   Number         0  stubs.o ABSOLUTE
    _printf_i                                0x00000000   Number         0  stubs.o ABSOLUTE
    _printf_int_dec                          0x00000000   Number         0  stubs.o ABSOLUTE
    _printf_l                                0x00000000   Number         0  stubs.o ABSOLUTE
    _printf_lc                               0x00000000   Number         0  stubs.o ABSOLUTE
    _printf_ll                               0x00000000   Number         0  stubs.o ABSOLUTE
    _printf_lld                              0x00000000   Number         0  stubs.o ABSOLUTE
    _printf_lli                              0x00000000   Number         0  stubs.o ABSOLUTE
    _printf_llo                              0x00000000   Number         0  stubs.o ABSOLUTE
    _printf_llu                              0x00000000   Number         0  stubs.o ABSOLUTE
    _printf_llx                              0x00000000   Number         0  stubs.o ABSOLUTE
    _printf_longlong_dec                     0x00000000   Number         0  stubs.o ABSOLUTE
    _printf_longlong_hex                     0x00000000   Number         0  stubs.o ABSOLUTE
    _printf_longlong_oct                     0x00000000   Number         0  stubs.o ABSOLUTE
    _printf_ls                               0x00000000   Number         0  stubs.o ABSOLUTE
    _printf_mbtowc                           0x00000000   Number         0  stubs.o ABSOLUTE
    _printf_n                                0x00000000   Number         0  stubs.o ABSOLUTE
    _printf_o                                0x00000000   Number         0  stubs.o ABSOLUTE
    _printf_p                                0x00000000   Number         0  stubs.o ABSOLUTE
    _printf_percent                          0x00000000   Number         0  stubs.o ABSOLUTE
    _printf_pre_padding                      0x00000000   Number         0  stubs.o ABSOLUTE
    _printf_return_value                     0x00000000   Number         0  stubs.o ABSOLUTE
    _printf_s                                0x00000000   Number         0  stubs.o ABSOLUTE
    _printf_sizespec                         0x00000000   Number         0  stubs.o ABSOLUTE
    _printf_str                              0x00000000   Number         0  stubs.o ABSOLUTE
    _printf_truncate_signed                  0x00000000   Number         0  stubs.o ABSOLUTE
    _printf_truncate_unsigned                0x00000000   Number         0  stubs.o ABSOLUTE
    _printf_u                                0x00000000   Number         0  stubs.o ABSOLUTE
    _printf_wc                               0x00000000   Number         0  stubs.o ABSOLUTE
    _printf_wctomb                           0x00000000   Number         0  stubs.o ABSOLUTE
    _printf_widthprec                        0x00000000   Number         0  stubs.o ABSOLUTE
    _printf_x                                0x00000000   Number         0  stubs.o ABSOLUTE
    __cpp_initialize__aeabi_                  - Undefined Weak Reference
    __cxa_finalize                            - Undefined Weak Reference
    __decompress                              - Undefined Weak Reference
    _clock_init                               - Undefined Weak Reference
    _microlib_exit                            - Undefined Weak Reference
    __Vectors_Size                           0x000000ec   Number         0  startup_stm32f10x_md.o ABSOLUTE
    __Vectors                                0x08000000   Data           4  startup_stm32f10x_md.o(RESET)
    __Vectors_End                            0x080000ec   Data           0  startup_stm32f10x_md.o(RESET)
    __main                                   0x080000ed   Thumb Code     0  entry.o(.ARM.Collect$$$$00000000)
    _main_stk                                0x080000ed   Thumb Code     0  entry2.o(.ARM.Collect$$$$00000001)
    _main_scatterload                        0x080000f1   Thumb Code     0  entry5.o(.ARM.Collect$$$$00000004)
    __main_after_scatterload                 0x080000f5   Thumb Code     0  entry5.o(.ARM.Collect$$$$00000004)
    _main_clock                              0x080000f5   Thumb Code     0  entry7b.o(.ARM.Collect$$$$00000008)
    _main_cpp_init                           0x080000f5   Thumb Code     0  entry8b.o(.ARM.Collect$$$$0000000A)
    _main_init                               0x080000f5   Thumb Code     0  entry9a.o(.ARM.Collect$$$$0000000B)
    __rt_final_cpp                           0x080000fd   Thumb Code     0  entry10a.o(.ARM.Collect$$$$0000000D)
    __rt_final_exit                          0x080000fd   Thumb Code     0  entry11a.o(.ARM.Collect$$$$0000000F)
    Reset_Handler                            0x08000101   Thumb Code     8  startup_stm32f10x_md.o(.text)
    ADC1_2_IRQHandler                        0x0800011b   Thumb Code     0  startup_stm32f10x_md.o(.text)
    CAN1_RX1_IRQHandler                      0x0800011b   Thumb Code     0  startup_stm32f10x_md.o(.text)
    CAN1_SCE_IRQHandler                      0x0800011b   Thumb Code     0  startup_stm32f10x_md.o(.text)
    DMA1_Channel1_IRQHandler                 0x0800011b   Thumb Code     0  startup_stm32f10x_md.o(.text)
    DMA1_Channel2_IRQHandler                 0x0800011b   Thumb Code     0  startup_stm32f10x_md.o(.text)
    DMA1_Channel3_IRQHandler                 0x0800011b   Thumb Code     0  startup_stm32f10x_md.o(.text)
    DMA1_Channel4_IRQHandler                 0x0800011b   Thumb Code     0  startup_stm32f10x_md.o(.text)
    DMA1_Channel5_IRQHandler                 0x0800011b   Thumb Code     0  startup_stm32f10x_md.o(.text)
    DMA1_Channel6_IRQHandler                 0x0800011b   Thumb Code     0  startup_stm32f10x_md.o(.text)
    DMA1_Channel7_IRQHandler                 0x0800011b   Thumb Code     0  startup_stm32f10x_md.o(.text)
    EXTI0_IRQHandler                         0x0800011b   Thumb Code     0  startup_stm32f10x_md.o(.text)
    EXTI15_10_IRQHandler                     0x0800011b   Thumb Code     0  startup_stm32f10x_md.o(.text)
    EXTI1_IRQHandler                         0x0800011b   Thumb Code     0  startup_stm32f10x_md.o(.text)
    EXTI2_IRQHandler                         0x0800011b   Thumb Code     0  startup_stm32f10x_md.o(.text)
    EXTI3_IRQHandler                         0x0800011b   Thumb Code     0  startup_stm32f10x_md.o(.text)
    EXTI4_IRQHandler                         0x0800011b   Thumb Code     0  startup_stm32f10x_md.o(.text)
    EXTI9_5_IRQHandler                       0x0800011b   Thumb Code     0  startup_stm32f10x_md.o(.text)
    FLASH_IRQHandler                         0x0800011b   Thumb Code     0  startup_stm32f10x_md.o(.text)
    I2C1_ER_IRQHandler                       0x0800011b   Thumb Code     0  startup_stm32f10x_md.o(.text)
    I2C1_EV_IRQHandler                       0x0800011b   Thumb Code     0  startup_stm32f10x_md.o(.text)
    I2C2_ER_IRQHandler                       0x0800011b   Thumb Code     0  startup_stm32f10x_md.o(.text)
    I2C2_EV_IRQHandler                       0x0800011b   Thumb Code     0  startup_stm32f10x_md.o(.text)
    PVD_IRQHandler                           0x0800011b   Thumb Code     0  startup_stm32f10x_md.o(.text)
    RCC_IRQHandler                           0x0800011b   Thumb Code     0  startup_stm32f10x_md.o(.text)
    RTCAlarm_IRQHandler                      0x0800011b   Thumb Code     0  startup_stm32f10x_md.o(.text)
    RTC_IRQHandler                           0x0800011b   Thumb Code     0  startup_stm32f10x_md.o(.text)
    SPI1_IRQHandler                          0x0800011b   Thumb Code     0  startup_stm32f10x_md.o(.text)
    SPI2_IRQHandler                          0x0800011b   Thumb Code     0  startup_stm32f10x_md.o(.text)
    TAMPER_IRQHandler                        0x0800011b   Thumb Code     0  startup_stm32f10x_md.o(.text)
    TIM1_BRK_IRQHandler                      0x0800011b   Thumb Code     0  startup_stm32f10x_md.o(.text)
    TIM1_CC_IRQHandler                       0x0800011b   Thumb Code     0  startup_stm32f10x_md.o(.text)
    TIM1_TRG_COM_IRQHandler                  0x0800011b   Thumb Code     0  startup_stm32f10x_md.o(.text)
    TIM1_UP_IRQHandler                       0x0800011b   Thumb Code     0  startup_stm32f10x_md.o(.text)
    TIM3_IRQHandler                          0x0800011b   Thumb Code     0  startup_stm32f10x_md.o(.text)
    TIM4_IRQHandler                          0x0800011b   Thumb Code     0  startup_stm32f10x_md.o(.text)
    USBWakeUp_IRQHandler                     0x0800011b   Thumb Code     0  startup_stm32f10x_md.o(.text)
    USB_HP_CAN1_TX_IRQHandler                0x0800011b   Thumb Code     0  startup_stm32f10x_md.o(.text)
    USB_LP_CAN1_RX0_IRQHandler               0x0800011b   Thumb Code     0  startup_stm32f10x_md.o(.text)
    __aeabi_memcpy                           0x08000125   Thumb Code    36  memcpya.o(.text)
    __aeabi_memcpy4                          0x08000125   Thumb Code     0  memcpya.o(.text)
    __aeabi_memcpy8                          0x08000125   Thumb Code     0  memcpya.o(.text)
    __aeabi_memset                           0x08000149   Thumb Code    14  memseta.o(.text)
    __aeabi_memset4                          0x08000149   Thumb Code     0  memseta.o(.text)
    __aeabi_memset8                          0x08000149   Thumb Code     0  memseta.o(.text)
    __aeabi_memclr                           0x08000157   Thumb Code     4  memseta.o(.text)
    __aeabi_memclr4                          0x08000157   Thumb Code     0  memseta.o(.text)
    __aeabi_memclr8                          0x08000157   Thumb Code     0  memseta.o(.text)
    _memset$wrapper                          0x0800015b   Thumb Code    18  memseta.o(.text)
    __aeabi_uidiv                            0x0800016d   Thumb Code     0  uidiv.o(.text)
    __aeabi_uidivmod                         0x0800016d   Thumb Code    44  uidiv.o(.text)
    __scatterload                            0x08000199   Thumb Code    28  init.o(.text)
    __scatterload_rt2                        0x08000199   Thumb Code     0  init.o(.text)
    App_Init                                 0x080001bd   Thumb Code    20  app.o(i.App_Init)
    App_Task                                 0x080001d1   Thumb Code    28  app.o(i.App_Task)
    BusFault_Handler                         0x080001ed   Thumb Code     4  stm32f10x_it.o(i.BusFault_Handler)
    ComToUart                                0x080001f1   Thumb Code    52  bsp_uart_fifo.o(i.ComToUart)
    DebugMon_Handler                         0x08000293   Thumb Code     2  stm32f10x_it.o(i.DebugMon_Handler)
    GPIO_Init                                0x08000295   Thumb Code   274  stm32f10x_gpio.o(i.GPIO_Init)
    GPIO_PinRemapConfig                      0x080003a9   Thumb Code   138  stm32f10x_gpio.o(i.GPIO_PinRemapConfig)
    GPIO_ResetBits                           0x08000439   Thumb Code     4  stm32f10x_gpio.o(i.GPIO_ResetBits)
    GPIO_SetBits                             0x0800043d   Thumb Code     4  stm32f10x_gpio.o(i.GPIO_SetBits)
    HardFault_Handler                        0x08000441   Thumb Code     4  stm32f10x_it.o(i.HardFault_Handler)
    IWDG_ReloadCounter                       0x08000445   Thumb Code    10  stm32f10x_iwdg.o(i.IWDG_ReloadCounter)
    Iwdg_Feed                                0x080004e9   Thumb Code     8  bsp_wdg.o(i.Iwdg_Feed)
    MemManage_Handler                        0x080004f1   Thumb Code     4  stm32f10x_it.o(i.MemManage_Handler)
    NMI_Handler                              0x080004f5   Thumb Code     2  stm32f10x_it.o(i.NMI_Handler)
    NVIC_Init                                0x080004f9   Thumb Code   102  misc.o(i.NVIC_Init)
    NVIC_PriorityGroupConfig                 0x0800056d   Thumb Code    10  misc.o(i.NVIC_PriorityGroupConfig)
    PendSV_Handler                           0x08000581   Thumb Code     2  stm32f10x_it.o(i.PendSV_Handler)
    RCC_APB1PeriphClockCmd                   0x08000585   Thumb Code    26  stm32f10x_rcc.o(i.RCC_APB1PeriphClockCmd)
    RCC_APB1PeriphResetCmd                   0x080005a5   Thumb Code    26  stm32f10x_rcc.o(i.RCC_APB1PeriphResetCmd)
    RCC_APB2PeriphClockCmd                   0x080005c5   Thumb Code    26  stm32f10x_rcc.o(i.RCC_APB2PeriphClockCmd)
    RCC_APB2PeriphResetCmd                   0x080005e5   Thumb Code    26  stm32f10x_rcc.o(i.RCC_APB2PeriphResetCmd)
    RCC_GetClocksFreq                        0x08000605   Thumb Code   192  stm32f10x_rcc.o(i.RCC_GetClocksFreq)
    SPI_Cmd                                  0x080006d9   Thumb Code    24  stm32f10x_spi.o(i.SPI_Cmd)
    SPI_I2S_GetFlagStatus                    0x080006f1   Thumb Code    18  stm32f10x_spi.o(i.SPI_I2S_GetFlagStatus)
    SPI_I2S_SendData                         0x08000703   Thumb Code     4  stm32f10x_spi.o(i.SPI_I2S_SendData)
    SPI_Init                                 0x08000707   Thumb Code    60  stm32f10x_spi.o(i.SPI_Init)
    SPI_SSOutputCmd                          0x08000743   Thumb Code    24  stm32f10x_spi.o(i.SPI_SSOutputCmd)
    SVC_Handler                              0x0800075b   Thumb Code     2  stm32f10x_it.o(i.SVC_Handler)
    SysTick_Handler                          0x08000841   Thumb Code     8  stm32f10x_it.o(i.SysTick_Handler)
    SysTick_ISR                              0x08000849   Thumb Code    36  bsp_timer.o(i.SysTick_ISR)
    SystemInit                               0x08000879   Thumb Code    78  system_stm32f10x.o(i.SystemInit)
    TIM2_IRQHandler                          0x080008d9   Thumb Code     8  stm32f10x_it.o(i.TIM2_IRQHandler)
    TIM2_ISR                                 0x080008e1   Thumb Code   360  app_printer.o(i.TIM2_ISR)
    TIM_ClearFlag                            0x08000a5d   Thumb Code     6  stm32f10x_tim.o(i.TIM_ClearFlag)
    TIM_ClearITPendingBit                    0x08000a63   Thumb Code     6  stm32f10x_tim.o(i.TIM_ClearITPendingBit)
    TIM_Cmd                                  0x08000a69   Thumb Code    24  stm32f10x_tim.o(i.TIM_Cmd)
    TIM_DeInit                               0x08000a81   Thumb Code   424  stm32f10x_tim.o(i.TIM_DeInit)
    TIM_GetITStatus                          0x08000c69   Thumb Code    34  stm32f10x_tim.o(i.TIM_GetITStatus)
    TIM_ITConfig                             0x08000c8b   Thumb Code    18  stm32f10x_tim.o(i.TIM_ITConfig)
    TIM_InternalClockConfig                  0x08000c9d   Thumb Code    12  stm32f10x_tim.o(i.TIM_InternalClockConfig)
    TIM_SetAutoreload                        0x08000ca9   Thumb Code     4  stm32f10x_tim.o(i.TIM_SetAutoreload)
    TIM_SetCounter                           0x08000cad   Thumb Code     4  stm32f10x_tim.o(i.TIM_SetCounter)
    TIM_TimeBaseInit                         0x08000cb1   Thumb Code   122  stm32f10x_tim.o(i.TIM_TimeBaseInit)
    USART1_IRQHandler                        0x08000d55   Thumb Code    10  bsp_uart_fifo.o(i.USART1_IRQHandler)
    USART1_Tx_Chars                          0x08000d65   Thumb Code    70  app_uart.o(i.USART1_Tx_Chars)
    USART2_IRQHandler                        0x08000dad   Thumb Code    10  bsp_uart_fifo.o(i.USART2_IRQHandler)
    USART3_IRQHandler                        0x08000dbd   Thumb Code    10  bsp_uart_fifo.o(i.USART3_IRQHandler)
    USART_ClearFlag                          0x08000dcd   Thumb Code    18  stm32f10x_usart.o(i.USART_ClearFlag)
    USART_ClockInit                          0x08000ddf   Thumb Code    34  stm32f10x_usart.o(i.USART_ClockInit)
    USART_Cmd                                0x08000e01   Thumb Code    24  stm32f10x_usart.o(i.USART_Cmd)
    USART_GetFlagStatus                      0x08000e19   Thumb Code    26  stm32f10x_usart.o(i.USART_GetFlagStatus)
    USART_GetITStatus                        0x08000e33   Thumb Code    84  stm32f10x_usart.o(i.USART_GetITStatus)
    USART_ITConfig                           0x08000e87   Thumb Code    74  stm32f10x_usart.o(i.USART_ITConfig)
    USART_Init                               0x08000ed1   Thumb Code   210  stm32f10x_usart.o(i.USART_Init)
    USART_ReceiveData                        0x08000fa9   Thumb Code    10  stm32f10x_usart.o(i.USART_ReceiveData)
    USART_SendData                           0x08000fb3   Thumb Code     8  stm32f10x_usart.o(i.USART_SendData)
    USART_SetGuardTime                       0x08000fbb   Thumb Code    16  stm32f10x_usart.o(i.USART_SetGuardTime)
    USART_SetPrescaler                       0x08000fcb   Thumb Code    16  stm32f10x_usart.o(i.USART_SetPrescaler)
    USART_SmartCardCmd                       0x08000fdb   Thumb Code    24  stm32f10x_usart.o(i.USART_SmartCardCmd)
    USART_SmartCardNACKCmd                   0x08000ff3   Thumb Code    24  stm32f10x_usart.o(i.USART_SmartCardNACKCmd)
    UsageFault_Handler                       0x08001261   Thumb Code     4  stm32f10x_it.o(i.UsageFault_Handler)
    WWDG_ClearFlag                           0x08001265   Thumb Code     8  stm32f10x_wwdg.o(i.WWDG_ClearFlag)
    WWDG_IRQHandler                          0x08001271   Thumb Code     8  stm32f10x_it.o(i.WWDG_IRQHandler)
    WWDG_SetCounter                          0x08001279   Thumb Code    10  stm32f10x_wwdg.o(i.WWDG_SetCounter)
    Wwdg_Feed                                0x08001289   Thumb Code    10  bsp_wdg.o(i.Wwdg_Feed)
    Wwdg_ISR                                 0x08001295   Thumb Code    18  bsp_wdg.o(i.Wwdg_ISR)
    Wwdg_Reload_Task                         0x080012bd   Thumb Code   236  bsp_wdg.o(i.Wwdg_Reload_Task)
    __0printf$1                              0x080013bd   Thumb Code    22  printf1.o(i.__0printf$1)
    __1printf$1                              0x080013bd   Thumb Code     0  printf1.o(i.__0printf$1)
    __2printf                                0x080013bd   Thumb Code     0  printf1.o(i.__0printf$1)
    __scatterload_copy                       0x080013dd   Thumb Code    14  handlers.o(i.__scatterload_copy)
    __scatterload_null                       0x080013eb   Thumb Code     2  handlers.o(i.__scatterload_null)
    __scatterload_zeroinit                   0x080013ed   Thumb Code    14  handlers.o(i.__scatterload_zeroinit)
    app_Hook                                 0x08001555   Thumb Code    64  app.o(i.app_Hook)
    bsp_DelayUS                              0x080015a5   Thumb Code    76  bsp_timer.o(i.bsp_DelayUS)
    bsp_Idle                                 0x080015f9   Thumb Code    12  bsp.o(i.bsp_Idle)
    bsp_Init                                 0x08001605   Thumb Code    30  bsp.o(i.bsp_Init)
    bsp_InitTimer                            0x08001639   Thumb Code    84  bsp_timer.o(i.bsp_InitTimer)
    bsp_InitUart                             0x08001699   Thumb Code    16  bsp_uart_fifo.o(i.bsp_InitUart)
    comGetChar                               0x080018ad   Thumb Code    30  bsp_uart_fifo.o(i.comGetChar)
    comSendBuf                               0x080018cb   Thumb Code    46  bsp_uart_fifo.o(i.comSendBuf)
    comSendChar                              0x080018f9   Thumb Code    16  bsp_uart_fifo.o(i.comSendChar)
    esam8810_CMD_DEAL                        0x08001909   Thumb Code    92  app_esam8810.o(i.esam8810_CMD_DEAL)
    esam8810_Init                            0x08001969   Thumb Code   266  app_esam8810.o(i.esam8810_Init)
    esam8810_SERVER_TASK                     0x08001a7d   Thumb Code    50  app_esam8810.o(i.esam8810_SERVER_TASK)
    fputc                                    0x08001b51   Thumb Code    32  bsp_uart_fifo.o(i.fputc)
    main                                     0x08001cb3   Thumb Code    20  main.o(i.main)
    pa1100_CMD_DEAL                          0x08001cc9   Thumb Code    88  app_pa1100.o(i.pa1100_CMD_DEAL)
    pa1100_Init                              0x08001d25   Thumb Code    42  app_pa1100.o(i.pa1100_Init)
    pa1100_SERVER_TASK                       0x08001d55   Thumb Code   224  app_pa1100.o(i.pa1100_SERVER_TASK)
    printer_CMD_DEAL                         0x08001f3d   Thumb Code   416  app_printer.o(i.printer_CMD_DEAL)
    printer_Init                             0x080020f1   Thumb Code   592  app_printer.o(i.printer_Init)
    printer_SERVER_TASK                      0x08002359   Thumb Code   238  app_printer.o(i.printer_SERVER_TASK)
    psam_card_CMD_DEAL                       0x08002f0d   Thumb Code    92  app_psam_card.o(i.psam_card_CMD_DEAL)
    psam_card_Init                           0x08002f6d   Thumb Code   272  app_psam_card.o(i.psam_card_Init)
    psam_card_SERVER_TASK                    0x08003085   Thumb Code    44  app_psam_card.o(i.psam_card_SERVER_TASK)
    uart_SERVER_TASK                         0x080031c1   Thumb Code   282  app_uart.o(i.uart_SERVER_TASK)
    ZIMO_000                                 0x080032f8   Data        1152  app_printer.o(.constdata)
    ZIMO_001                                 0x08003778   Data       39552  app_printer.o(.constdata)
    ZIMO_002                                 0x0800d1f8   Data        1536  app_printer.o(.constdata)
    reload_time                              0x0800d7f8   Data          56  app_printer.o(.constdata)
    Region$$Table$$Base                      0x0800d830   Number         0  anon$$obj.o(Region$$Table)
    Region$$Table$$Limit                     0x0800d850   Number         0  anon$$obj.o(Region$$Table)
    SystemCoreClock                          0x20000014   Data           4  system_stm32f10x.o(.data)
    AHBPrescTable                            0x20000018   Data          16  system_stm32f10x.o(.data)
    WWDG_EN_MARK                             0x20000034   Data           1  bsp_wdg.o(.data)
    Sys_Time                                 0x20000038   Data           4  bsp_timer.o(.data)
    Print_Buf_Mark                           0x2000007c   Data           1  app_printer.o(.data)
    __stdout                                 0x200000c0   Data           4  stdout.o(.data)
    Usart1_Txd_Tempdata                      0x20002d0c   Data         500  app_uart.o(.bss)
    printer_buf                              0x20002f00   Data        1154  app_printer.o(.bss)
    printer_buf_temp                         0x20003382   Data        1154  app_printer.o(.bss)
    __initial_sp                             0x20003c08   Data           0  startup_stm32f10x_md.o(STACK)



==============================================================================

Memory Map of the image

  Image Entry point : 0x080000ed

  Load Region LR_IROM1 (Base: 0x08000000, Size: 0x0000d914, Max: 0x00010000, ABSOLUTE)

    Execution Region ER_IROM1 (Base: 0x08000000, Size: 0x0000d850, Max: 0x00010000, ABSOLUTE)

    Base Addr    Size         Type   Attr      Idx    E Section Name        Object

    0x08000000   0x000000ec   Data   RO         3370    RESET               startup_stm32f10x_md.o
    0x080000ec   0x00000000   Code   RO         3981  * .ARM.Collect$$$$00000000  mc_w.l(entry.o)
    0x080000ec   0x00000004   Code   RO         4251    .ARM.Collect$$$$00000001  mc_w.l(entry2.o)
    0x080000f0   0x00000004   Code   RO         4254    .ARM.Collect$$$$00000004  mc_w.l(entry5.o)
    0x080000f4   0x00000000   Code   RO         4256    .ARM.Collect$$$$00000008  mc_w.l(entry7b.o)
    0x080000f4   0x00000000   Code   RO         4258    .ARM.Collect$$$$0000000A  mc_w.l(entry8b.o)
    0x080000f4   0x00000008   Code   RO         4259    .ARM.Collect$$$$0000000B  mc_w.l(entry9a.o)
    0x080000fc   0x00000000   Code   RO         4261    .ARM.Collect$$$$0000000D  mc_w.l(entry10a.o)
    0x080000fc   0x00000000   Code   RO         4263    .ARM.Collect$$$$0000000F  mc_w.l(entry11a.o)
    0x080000fc   0x00000004   Code   RO         4252    .ARM.Collect$$$$00002712  mc_w.l(entry2.o)
    0x08000100   0x00000024   Code   RO         3371    .text               startup_stm32f10x_md.o
    0x08000124   0x00000024   Code   RO         3984    .text               mc_w.l(memcpya.o)
    0x08000148   0x00000024   Code   RO         3986    .text               mc_w.l(memseta.o)
    0x0800016c   0x0000002c   Code   RO         4266    .text               mc_w.l(uidiv.o)
    0x08000198   0x00000024   Code   RO         4281    .text               mc_w.l(init.o)
    0x080001bc   0x00000014   Code   RO         3655    i.App_Init          app.o
    0x080001d0   0x0000001c   Code   RO         3656    i.App_Task          app.o
    0x080001ec   0x00000004   Code   RO            1    i.BusFault_Handler  stm32f10x_it.o
    0x080001f0   0x00000040   Code   RO         3528    i.ComToUart         bsp_uart_fifo.o
    0x08000230   0x00000062   Code   RO         3529    i.ConfigUartNVIC    bsp_uart_fifo.o
    0x08000292   0x00000002   Code   RO            2    i.DebugMon_Handler  stm32f10x_it.o
    0x08000294   0x00000112   Code   RO          502    i.GPIO_Init         stm32f10x_gpio.o
    0x080003a6   0x00000002   PAD
    0x080003a8   0x00000090   Code   RO          504    i.GPIO_PinRemapConfig  stm32f10x_gpio.o
    0x08000438   0x00000004   Code   RO          509    i.GPIO_ResetBits    stm32f10x_gpio.o
    0x0800043c   0x00000004   Code   RO          510    i.GPIO_SetBits      stm32f10x_gpio.o
    0x08000440   0x00000004   Code   RO            3    i.HardFault_Handler  stm32f10x_it.o
    0x08000444   0x00000010   Code   RO         2516    i.IWDG_ReloadCounter  stm32f10x_iwdg.o
    0x08000454   0x00000094   Code   RO         3530    i.InitHardUart      bsp_uart_fifo.o
    0x080004e8   0x00000008   Code   RO         3375    i.Iwdg_Feed         bsp_wdg.o
    0x080004f0   0x00000004   Code   RO            4    i.MemManage_Handler  stm32f10x_it.o
    0x080004f4   0x00000002   Code   RO            5    i.NMI_Handler       stm32f10x_it.o
    0x080004f6   0x00000002   PAD
    0x080004f8   0x00000074   Code   RO          616    i.NVIC_Init         misc.o
    0x0800056c   0x00000014   Code   RO          617    i.NVIC_PriorityGroupConfig  misc.o
    0x08000580   0x00000002   Code   RO            6    i.PendSV_Handler    stm32f10x_it.o
    0x08000582   0x00000002   PAD
    0x08000584   0x00000020   Code   RO          222    i.RCC_APB1PeriphClockCmd  stm32f10x_rcc.o
    0x080005a4   0x00000020   Code   RO          223    i.RCC_APB1PeriphResetCmd  stm32f10x_rcc.o
    0x080005c4   0x00000020   Code   RO          224    i.RCC_APB2PeriphClockCmd  stm32f10x_rcc.o
    0x080005e4   0x00000020   Code   RO          225    i.RCC_APB2PeriphResetCmd  stm32f10x_rcc.o
    0x08000604   0x000000d4   Code   RO          232    i.RCC_GetClocksFreq  stm32f10x_rcc.o
    0x080006d8   0x00000018   Code   RO          717    i.SPI_Cmd           stm32f10x_spi.o
    0x080006f0   0x00000012   Code   RO          725    i.SPI_I2S_GetFlagStatus  stm32f10x_spi.o
    0x08000702   0x00000004   Code   RO          729    i.SPI_I2S_SendData  stm32f10x_spi.o
    0x08000706   0x0000003c   Code   RO          730    i.SPI_Init          stm32f10x_spi.o
    0x08000742   0x00000018   Code   RO          732    i.SPI_SSOutputCmd   stm32f10x_spi.o
    0x0800075a   0x00000002   Code   RO            7    i.SVC_Handler       stm32f10x_it.o
    0x0800075c   0x00000008   Code   RO         3322    i.SetSysClock       system_stm32f10x.o
    0x08000764   0x000000dc   Code   RO         3323    i.SetSysClockTo72   system_stm32f10x.o
    0x08000840   0x00000008   Code   RO            8    i.SysTick_Handler   stm32f10x_it.o
    0x08000848   0x00000030   Code   RO         3467    i.SysTick_ISR       bsp_timer.o
    0x08000878   0x00000060   Code   RO         3325    i.SystemInit        system_stm32f10x.o
    0x080008d8   0x00000008   Code   RO            9    i.TIM2_IRQHandler   stm32f10x_it.o
    0x080008e0   0x0000017c   Code   RO         3735    i.TIM2_ISR          app_printer.o
    0x08000a5c   0x00000006   Code   RO         2716    i.TIM_ClearFlag     stm32f10x_tim.o
    0x08000a62   0x00000006   Code   RO         2717    i.TIM_ClearITPendingBit  stm32f10x_tim.o
    0x08000a68   0x00000018   Code   RO         2722    i.TIM_Cmd           stm32f10x_tim.o
    0x08000a80   0x000001e8   Code   RO         2727    i.TIM_DeInit        stm32f10x_tim.o
    0x08000c68   0x00000022   Code   RO         2743    i.TIM_GetITStatus   stm32f10x_tim.o
    0x08000c8a   0x00000012   Code   RO         2747    i.TIM_ITConfig      stm32f10x_tim.o
    0x08000c9c   0x0000000c   Code   RO         2749    i.TIM_InternalClockConfig  stm32f10x_tim.o
    0x08000ca8   0x00000004   Code   RO         2781    i.TIM_SetAutoreload  stm32f10x_tim.o
    0x08000cac   0x00000004   Code   RO         2787    i.TIM_SetCounter    stm32f10x_tim.o
    0x08000cb0   0x000000a4   Code   RO         2793    i.TIM_TimeBaseInit  stm32f10x_tim.o
    0x08000d54   0x00000010   Code   RO         3531    i.USART1_IRQHandler  bsp_uart_fifo.o
    0x08000d64   0x00000046   Code   RO         3700    i.USART1_Tx_Chars   app_uart.o
    0x08000daa   0x00000002   PAD
    0x08000dac   0x00000010   Code   RO         3532    i.USART2_IRQHandler  bsp_uart_fifo.o
    0x08000dbc   0x00000010   Code   RO         3533    i.USART3_IRQHandler  bsp_uart_fifo.o
    0x08000dcc   0x00000012   Code   RO          982    i.USART_ClearFlag   stm32f10x_usart.o
    0x08000dde   0x00000022   Code   RO          984    i.USART_ClockInit   stm32f10x_usart.o
    0x08000e00   0x00000018   Code   RO          986    i.USART_Cmd         stm32f10x_usart.o
    0x08000e18   0x0000001a   Code   RO          989    i.USART_GetFlagStatus  stm32f10x_usart.o
    0x08000e32   0x00000054   Code   RO          990    i.USART_GetITStatus  stm32f10x_usart.o
    0x08000e86   0x0000004a   Code   RO          992    i.USART_ITConfig    stm32f10x_usart.o
    0x08000ed0   0x000000d8   Code   RO          993    i.USART_Init        stm32f10x_usart.o
    0x08000fa8   0x0000000a   Code   RO         1000    i.USART_ReceiveData  stm32f10x_usart.o
    0x08000fb2   0x00000008   Code   RO         1003    i.USART_SendData    stm32f10x_usart.o
    0x08000fba   0x00000010   Code   RO         1005    i.USART_SetGuardTime  stm32f10x_usart.o
    0x08000fca   0x00000010   Code   RO         1006    i.USART_SetPrescaler  stm32f10x_usart.o
    0x08000fda   0x00000018   Code   RO         1007    i.USART_SmartCardCmd  stm32f10x_usart.o
    0x08000ff2   0x00000018   Code   RO         1008    i.USART_SmartCardNACKCmd  stm32f10x_usart.o
    0x0800100a   0x0000004a   Code   RO         3536    i.UartGetChar       bsp_uart_fifo.o
    0x08001054   0x000000e6   Code   RO         3537    i.UartIRQ           bsp_uart_fifo.o
    0x0800113a   0x00000072   Code   RO         3538    i.UartSend          bsp_uart_fifo.o
    0x080011ac   0x000000b4   Code   RO         3539    i.UartVarInit       bsp_uart_fifo.o
    0x08001260   0x00000004   Code   RO           10    i.UsageFault_Handler  stm32f10x_it.o
    0x08001264   0x0000000c   Code   RO         3257    i.WWDG_ClearFlag    stm32f10x_wwdg.o
    0x08001270   0x00000008   Code   RO           11    i.WWDG_IRQHandler   stm32f10x_it.o
    0x08001278   0x00000010   Code   RO         3262    i.WWDG_SetCounter   stm32f10x_wwdg.o
    0x08001288   0x0000000a   Code   RO         3376    i.Wwdg_Feed         bsp_wdg.o
    0x08001292   0x00000002   PAD
    0x08001294   0x00000028   Code   RO         3377    i.Wwdg_ISR          bsp_wdg.o
    0x080012bc   0x00000100   Code   RO         3378    i.Wwdg_Reload_Task  bsp_wdg.o
    0x080013bc   0x00000020   Code   RO         4035    i.__0printf$1       mc_w.l(printf1.o)
    0x080013dc   0x0000000e   Code   RO         4293    i.__scatterload_copy  mc_w.l(handlers.o)
    0x080013ea   0x00000002   Code   RO         4294    i.__scatterload_null  mc_w.l(handlers.o)
    0x080013ec   0x0000000e   Code   RO         4295    i.__scatterload_zeroinit  mc_w.l(handlers.o)
    0x080013fa   0x00000006   Code   RO         3540    i.__set_PRIMASK     bsp_uart_fifo.o
    0x08001400   0x00000154   Code   RO         4042    i._printf_core      mc_w.l(printf1.o)
    0x08001554   0x00000050   Code   RO         3657    i.app_Hook          app.o
    0x080015a4   0x00000054   Code   RO         3470    i.bsp_DelayUS       bsp_timer.o
    0x080015f8   0x0000000c   Code   RO         3438    i.bsp_Idle          bsp.o
    0x08001604   0x00000034   Code   RO         3439    i.bsp_Init          bsp.o
    0x08001638   0x00000060   Code   RO         3472    i.bsp_InitTimer     bsp_timer.o
    0x08001698   0x00000010   Code   RO         3541    i.bsp_InitUart      bsp_uart_fifo.o
    0x080016a8   0x00000002   Code   RO         3440    i.bsp_rcc_init      bsp.o
    0x080016aa   0x00000002   PAD
    0x080016ac   0x0000002c   Code   RO         3840    i.ceshi             app_esam8810.o
    0x080016d8   0x0000002c   Code   RO         3880    i.ceshi             app_psam_card.o
    0x08001704   0x000000b4   Code   RO         3921    i.ceshi             app_pa1100.o
    0x080017b8   0x00000030   Code   RO         3736    i.check_to_print    app_printer.o
    0x080017e8   0x000000c4   Code   RO         3701    i.checkout_cmd      app_uart.o
    0x080018ac   0x0000001e   Code   RO         3544    i.comGetChar        bsp_uart_fifo.o
    0x080018ca   0x0000002e   Code   RO         3545    i.comSendBuf        bsp_uart_fifo.o
    0x080018f8   0x00000010   Code   RO         3546    i.comSendChar       bsp_uart_fifo.o
    0x08001908   0x00000060   Code   RO         3841    i.esam8810_CMD_DEAL  app_esam8810.o
    0x08001968   0x00000114   Code   RO         3842    i.esam8810_Init     app_esam8810.o
    0x08001a7c   0x00000040   Code   RO         3843    i.esam8810_SERVER_TASK  app_esam8810.o
    0x08001abc   0x00000060   Code   RO         3844    i.esam8810_rcv      app_esam8810.o
    0x08001b1c   0x00000034   Code   RO         3845    i.esam8810_rst      app_esam8810.o
    0x08001b50   0x00000024   Code   RO         3548    i.fputc             bsp_uart_fifo.o
    0x08001b74   0x000000ce   Code   RO         3737    i.get_print_mode    app_printer.o
    0x08001c42   0x00000002   PAD
    0x08001c44   0x00000018   Code   RO         3922    i.is_detect_down    app_pa1100.o
    0x08001c5c   0x00000018   Code   RO         3739    i.is_detect_ok      app_printer.o
    0x08001c74   0x0000003e   Code   RO         3702    i.judge_cmd_correct  app_uart.o
    0x08001cb2   0x00000014   Code   RO          205    i.main              main.o
    0x08001cc6   0x00000002   PAD
    0x08001cc8   0x0000005c   Code   RO         3923    i.pa1100_CMD_DEAL   app_pa1100.o
    0x08001d24   0x00000030   Code   RO         3924    i.pa1100_Init       app_pa1100.o
    0x08001d54   0x000000f0   Code   RO         3925    i.pa1100_SERVER_TASK  app_pa1100.o
    0x08001e44   0x0000001e   Code   RO         3926    i.pa1100_read_data  app_pa1100.o
    0x08001e62   0x00000002   PAD
    0x08001e64   0x000000d8   Code   RO         3927    i.pa1100_rst        app_pa1100.o
    0x08001f3c   0x000001b4   Code   RO         3741    i.printer_CMD_DEAL  app_printer.o
    0x080020f0   0x00000268   Code   RO         3742    i.printer_Init      app_printer.o
    0x08002358   0x00000114   Code   RO         3743    i.printer_SERVER_TASK  app_printer.o
    0x0800246c   0x0000006c   Code   RO         3744    i.printer_data_out  app_printer.o
    0x080024d8   0x00000078   Code   RO         3745    i.printer_heat      app_printer.o
    0x08002550   0x000000a0   Code   RO         3746    i.printer_moter_cut_feed  app_printer.o
    0x080025f0   0x00000100   Code   RO         3747    i.printer_moter_step  app_printer.o
    0x080026f0   0x000003e8   Code   RO         3748    i.printer_start     app_printer.o
    0x08002ad8   0x000003f4   Code   RO         3749    i.printer_start_ceshi  app_printer.o
    0x08002ecc   0x00000040   Code   RO         3751    i.printer_stop_ceshi  app_printer.o
    0x08002f0c   0x00000060   Code   RO         3881    i.psam_card_CMD_DEAL  app_psam_card.o
    0x08002f6c   0x00000118   Code   RO         3882    i.psam_card_Init    app_psam_card.o
    0x08003084   0x00000038   Code   RO         3883    i.psam_card_SERVER_TASK  app_psam_card.o
    0x080030bc   0x0000003c   Code   RO         3885    i.psam_card_rst     app_psam_card.o
    0x080030f8   0x00000024   Code   RO         3928    i.set_mosi_ipu      app_pa1100.o
    0x0800311c   0x00000024   Code   RO         3929    i.set_mosi_out_pp   app_pa1100.o
    0x08003140   0x00000030   Code   RO         3752    i.set_tim_reload    app_printer.o
    0x08003170   0x00000050   Code   RO         3930    i.spi_read_byte     app_pa1100.o
    0x080031c0   0x00000138   Code   RO         3703    i.uart_SERVER_TASK  app_uart.o
    0x080032f8   0x0000a538   Data   RO         3754    .constdata          app_printer.o
    0x0800d830   0x00000020   Data   RO         4291    Region$$Table       anon$$obj.o


    Execution Region RW_IRAM1 (Base: 0x20000000, Size: 0x00003c08, Max: 0x00005000, ABSOLUTE)

    Base Addr    Size         Type   Attr      Idx    E Section Name        Object

    0x20000000   0x00000014   Data   RW          252    .data               stm32f10x_rcc.o
    0x20000014   0x00000014   Data   RW         3326    .data               system_stm32f10x.o
    0x20000028   0x0000000d   Data   RW         3382    .data               bsp_wdg.o
    0x20000035   0x00000003   PAD
    0x20000038   0x00000028   Data   RW         3473    .data               bsp_timer.o
    0x20000060   0x0000000c   Data   RW         3658    .data               app.o
    0x2000006c   0x0000000d   Data   RW         3705    .data               app_uart.o
    0x20000079   0x00000003   PAD
    0x2000007c   0x0000001f   Data   RW         3755    .data               app_printer.o
    0x2000009b   0x00000001   PAD
    0x2000009c   0x0000000c   Data   RW         3846    .data               app_esam8810.o
    0x200000a8   0x0000000c   Data   RW         3886    .data               app_psam_card.o
    0x200000b4   0x0000000c   Data   RW         3931    .data               app_pa1100.o
    0x200000c0   0x00000004   Data   RW         4265    .data               mc_w.l(stdout.o)
    0x200000c4   0x00002478   Zero   RW         3549    .bss                bsp_uart_fifo.o
    0x2000253c   0x000009c4   Zero   RW         3704    .bss                app_uart.o
    0x20002f00   0x00000904   Zero   RW         3753    .bss                app_printer.o
    0x20003804   0x00000004   PAD
    0x20003808   0x00000400   Zero   RW         3368    STACK               startup_stm32f10x_md.o


==============================================================================

Image component sizes


      Code (inc. data)   RO Data    RW Data    ZI Data      Debug   Object Name

       128         16          0         12          0       1537   app.o
       628         44          0         12          0       4683   app_esam8810.o
       982         64          0         12          0       6465   app_pa1100.o
      4754        256      42296         31       2308      16532   app_printer.o
       536         34          0         12          0       4930   app_psam_card.o
       640         36          0         13       2500       3463   app_uart.o
        66         22          0          0          0       1210   bsp.o
       228         32          0         40          0      18654   bsp_timer.o
      1106         94          0          0       9336       9215   bsp_uart_fifo.o
       314         42          0         13          0      19148   bsp_wdg.o
         0          0          0          0          0         32   core_cm3.o
        20          0          0          0          0        419   main.o
       136         24          0          0          0       3519   misc.o
        36          8        236          0       1024        896   startup_stm32f10x_md.o
       426          6          0          0          0      21438   stm32f10x_gpio.o
        48          0          0          0          0      52042   stm32f10x_it.o
        16          6          0          0          0        517   stm32f10x_iwdg.o
       340         44          0         20          0     216640   stm32f10x_rcc.o
       130          0          0          0          0      11166   stm32f10x_spi.o
       760        106          0          0          0      27430   stm32f10x_tim.o
       574          6          0          0          0      16337   stm32f10x_usart.o
        28         10          0          0          0       1055   stm32f10x_wwdg.o
       324         26          0         20          0       3873   system_stm32f10x.o

    ----------------------------------------------------------------------
     12238        876      42564        192      15172     441201   Object Totals
         0          0         32          0          0          0   (incl. Generated)
        18          0          0          7          4          0   (incl. Padding)

    ----------------------------------------------------------------------

      Code (inc. data)   RO Data    RW Data    ZI Data      Debug   Library Member Name

         0          0          0          0          0          0   entry.o
         0          0          0          0          0          0   entry10a.o
         0          0          0          0          0          0   entry11a.o
         8          4          0          0          0          0   entry2.o
         4          0          0          0          0          0   entry5.o
         0          0          0          0          0          0   entry7b.o
         0          0          0          0          0          0   entry8b.o
         8          4          0          0          0          0   entry9a.o
        30          0          0          0          0          0   handlers.o
        36          8          0          0          0         68   init.o
        36          0          0          0          0         68   memcpya.o
        36          0          0          0          0        108   memseta.o
       372         16          0          0          0        180   printf1.o
         0          0          0          4          0          0   stdout.o
        44          0          0          0          0         80   uidiv.o

    ----------------------------------------------------------------------
       574         32          0          4          0        504   Library Totals
         0          0          0          0          0          0   (incl. Padding)

    ----------------------------------------------------------------------

      Code (inc. data)   RO Data    RW Data    ZI Data      Debug   Library Name

       574         32          0          4          0        504   mc_w.l

    ----------------------------------------------------------------------
       574         32          0          4          0        504   Library Totals

    ----------------------------------------------------------------------

==============================================================================


      Code (inc. data)   RO Data    RW Data    ZI Data      Debug   

     12812        908      42564        196      15172     435101   Grand Totals
     12812        908      42564        196      15172     435101   ELF Image Totals
     12812        908      42564        196          0          0   ROM Totals

==============================================================================

    Total RO  Size (Code + RO Data)                55376 (  54.08kB)
    Total RW  Size (RW Data + ZI Data)             15368 (  15.01kB)
    Total ROM Size (Code + RO Data + RW Data)      55572 (  54.27kB)

==============================================================================

