ARM Linker, 5.03 [Build 69] [MDK-ARM Standard]

==============================================================================

Section Cross References

    stm32f10x_it.o(i.SysTick_Handler) refers to bsp_timer.o(i.SysTick_ISR) for SysTick_ISR
    stm32f10x_it.o(i.TIM2_IRQHandler) refers to app_printer.o(i.TIM2_ISR) for TIM2_ISR
    stm32f10x_it.o(i.WWDG_IRQHandler) refers to bsp_wdg.o(i.Wwdg_ISR) for Wwdg_ISR
    main.o(i.main) refers to bsp.o(i.bsp_Init) for bsp_Init
    main.o(i.main) refers to app.o(i.App_Init) for App_Init
    main.o(i.main) refers to bsp.o(i.bsp_Idle) for bsp_Idle
    main.o(i.main) refers to app.o(i.App_Task) for App_Task
    stm32f10x_rcc.o(i.RCC_GetClocksFreq) refers to stm32f10x_rcc.o(.data) for APBAHBPrescTable
    stm32f10x_rcc.o(i.RCC_WaitForHSEStartUp) refers to stm32f10x_rcc.o(i.RCC_GetFlagStatus) for RCC_GetFlagStatus
    stm32f10x_gpio.o(i.GPIO_AFIODeInit) refers to stm32f10x_rcc.o(i.RCC_APB2PeriphResetCmd) for RCC_APB2PeriphResetCmd
    stm32f10x_gpio.o(i.GPIO_DeInit) refers to stm32f10x_rcc.o(i.RCC_APB2PeriphResetCmd) for RCC_APB2PeriphResetCmd
    stm32f10x_spi.o(i.I2S_Init) refers to stm32f10x_rcc.o(i.RCC_GetClocksFreq) for RCC_GetClocksFreq
    stm32f10x_spi.o(i.SPI_I2S_DeInit) refers to stm32f10x_rcc.o(i.RCC_APB2PeriphResetCmd) for RCC_APB2PeriphResetCmd
    stm32f10x_spi.o(i.SPI_I2S_DeInit) refers to stm32f10x_rcc.o(i.RCC_APB1PeriphResetCmd) for RCC_APB1PeriphResetCmd
    stm32f10x_usart.o(i.USART_DeInit) refers to stm32f10x_rcc.o(i.RCC_APB2PeriphResetCmd) for RCC_APB2PeriphResetCmd
    stm32f10x_usart.o(i.USART_DeInit) refers to stm32f10x_rcc.o(i.RCC_APB1PeriphResetCmd) for RCC_APB1PeriphResetCmd
    stm32f10x_usart.o(i.USART_Init) refers to stm32f10x_rcc.o(i.RCC_GetClocksFreq) for RCC_GetClocksFreq
    stm32f10x_i2c.o(i.I2C_DeInit) refers to stm32f10x_rcc.o(i.RCC_APB1PeriphResetCmd) for RCC_APB1PeriphResetCmd
    stm32f10x_i2c.o(i.I2C_Init) refers to stm32f10x_rcc.o(i.RCC_GetClocksFreq) for RCC_GetClocksFreq
    stm32f10x_adc.o(i.ADC_DeInit) refers to stm32f10x_rcc.o(i.RCC_APB2PeriphResetCmd) for RCC_APB2PeriphResetCmd
    stm32f10x_bkp.o(i.BKP_DeInit) refers to stm32f10x_rcc.o(i.RCC_BackupResetCmd) for RCC_BackupResetCmd
    stm32f10x_can.o(i.CAN_DeInit) refers to stm32f10x_rcc.o(i.RCC_APB1PeriphResetCmd) for RCC_APB1PeriphResetCmd
    stm32f10x_can.o(i.CAN_GetITStatus) refers to stm32f10x_can.o(i.CheckITStatus) for CheckITStatus
    stm32f10x_cec.o(i.CEC_DeInit) refers to stm32f10x_rcc.o(i.RCC_APB1PeriphResetCmd) for RCC_APB1PeriphResetCmd
    stm32f10x_dac.o(i.DAC_DeInit) refers to stm32f10x_rcc.o(i.RCC_APB1PeriphResetCmd) for RCC_APB1PeriphResetCmd
    stm32f10x_flash.o(i.FLASH_EnableWriteProtection) refers to stm32f10x_flash.o(i.FLASH_WaitForLastOperation) for FLASH_WaitForLastOperation
    stm32f10x_flash.o(i.FLASH_EraseAllBank1Pages) refers to stm32f10x_flash.o(i.FLASH_WaitForLastBank1Operation) for FLASH_WaitForLastBank1Operation
    stm32f10x_flash.o(i.FLASH_EraseAllPages) refers to stm32f10x_flash.o(i.FLASH_WaitForLastOperation) for FLASH_WaitForLastOperation
    stm32f10x_flash.o(i.FLASH_EraseOptionBytes) refers to stm32f10x_flash.o(i.FLASH_GetReadOutProtectionStatus) for FLASH_GetReadOutProtectionStatus
    stm32f10x_flash.o(i.FLASH_EraseOptionBytes) refers to stm32f10x_flash.o(i.FLASH_WaitForLastOperation) for FLASH_WaitForLastOperation
    stm32f10x_flash.o(i.FLASH_ErasePage) refers to stm32f10x_flash.o(i.FLASH_WaitForLastOperation) for FLASH_WaitForLastOperation
    stm32f10x_flash.o(i.FLASH_ProgramHalfWord) refers to stm32f10x_flash.o(i.FLASH_WaitForLastOperation) for FLASH_WaitForLastOperation
    stm32f10x_flash.o(i.FLASH_ProgramOptionByteData) refers to stm32f10x_flash.o(i.FLASH_WaitForLastOperation) for FLASH_WaitForLastOperation
    stm32f10x_flash.o(i.FLASH_ProgramWord) refers to stm32f10x_flash.o(i.FLASH_WaitForLastOperation) for FLASH_WaitForLastOperation
    stm32f10x_flash.o(i.FLASH_ReadOutProtection) refers to stm32f10x_flash.o(i.FLASH_WaitForLastOperation) for FLASH_WaitForLastOperation
    stm32f10x_flash.o(i.FLASH_UserOptionByteConfig) refers to stm32f10x_flash.o(i.FLASH_WaitForLastOperation) for FLASH_WaitForLastOperation
    stm32f10x_flash.o(i.FLASH_WaitForLastBank1Operation) refers to stm32f10x_flash.o(i.FLASH_GetBank1Status) for FLASH_GetBank1Status
    stm32f10x_flash.o(i.FLASH_WaitForLastOperation) refers to stm32f10x_flash.o(i.FLASH_GetBank1Status) for FLASH_GetBank1Status
    stm32f10x_pwr.o(i.PWR_DeInit) refers to stm32f10x_rcc.o(i.RCC_APB1PeriphResetCmd) for RCC_APB1PeriphResetCmd
    stm32f10x_rtc.o(i.RTC_SetAlarm) refers to stm32f10x_rtc.o(i.RTC_EnterConfigMode) for RTC_EnterConfigMode
    stm32f10x_rtc.o(i.RTC_SetAlarm) refers to stm32f10x_rtc.o(i.RTC_ExitConfigMode) for RTC_ExitConfigMode
    stm32f10x_rtc.o(i.RTC_SetCounter) refers to stm32f10x_rtc.o(i.RTC_EnterConfigMode) for RTC_EnterConfigMode
    stm32f10x_rtc.o(i.RTC_SetCounter) refers to stm32f10x_rtc.o(i.RTC_ExitConfigMode) for RTC_ExitConfigMode
[...]
    Removing stm32f10x_flash.o(i.FLASH_GetBank1Status), (52 bytes).
    Removing stm32f10x_flash.o(i.FLASH_GetFlagStatus), (48 bytes).
    Removing stm32f10x_flash.o(i.FLASH_GetPrefetchBufferStatus), (24 bytes).
    Removing stm32f10x_flash.o(i.FLASH_GetReadOutProtectionStatus), (24 bytes).
    Removing stm32f10x_flash.o(i.FLASH_GetStatus), (52 bytes).
    Removing stm32f10x_flash.o(i.FLASH_GetUserOptionByte), (12 bytes).
    Removing stm32f10x_flash.o(i.FLASH_GetWriteProtectionOptionByte), (12 bytes).
    Removing stm32f10x_flash.o(i.FLASH_HalfCycleAccessCmd), (28 bytes).
    Removing stm32f10x_flash.o(i.FLASH_ITConfig), (32 bytes).
    Removing stm32f10x_flash.o(i.FLASH_Lock), (20 bytes).
    Removing stm32f10x_flash.o(i.FLASH_LockBank1), (20 bytes).
    Removing stm32f10x_flash.o(i.FLASH_PrefetchBufferCmd), (28 bytes).
    Removing stm32f10x_flash.o(i.FLASH_ProgramHalfWord), (64 bytes).
    Removing stm32f10x_flash.o(i.FLASH_ProgramOptionByteData), (84 bytes).
    Removing stm32f10x_flash.o(i.FLASH_ProgramWord), (108 bytes).
    Removing stm32f10x_flash.o(i.FLASH_ReadOutProtection), (172 bytes).
    Removing stm32f10x_flash.o(i.FLASH_SetLatency), (24 bytes).
    Removing stm32f10x_flash.o(i.FLASH_Unlock), (24 bytes).
    Removing stm32f10x_flash.o(i.FLASH_UnlockBank1), (24 bytes).
    Removing stm32f10x_flash.o(i.FLASH_UserOptionByteConfig), (104 bytes).
    Removing stm32f10x_flash.o(i.FLASH_WaitForLastBank1Operation), (38 bytes).
    Removing stm32f10x_flash.o(i.FLASH_WaitForLastOperation), (38 bytes).
    Removing stm32f10x_iwdg.o(i.IWDG_GetFlagStatus), (24 bytes).
    Removing stm32f10x_pwr.o(i.PWR_BackupAccessCmd), (12 bytes).
    Removing stm32f10x_pwr.o(i.PWR_ClearFlag), (20 bytes).
    Removing stm32f10x_pwr.o(i.PWR_DeInit), (22 bytes).
    Removing stm32f10x_pwr.o(i.PWR_EnterSTANDBYMode), (52 bytes).
    Removing stm32f10x_pwr.o(i.PWR_EnterSTOPMode), (64 bytes).
    Removing stm32f10x_pwr.o(i.PWR_GetFlagStatus), (24 bytes).
    Removing stm32f10x_pwr.o(i.PWR_PVDCmd), (12 bytes).
    Removing stm32f10x_pwr.o(i.PWR_PVDLevelConfig), (24 bytes).
    Removing stm32f10x_pwr.o(i.PWR_WakeUpPinCmd), (12 bytes).
    Removing stm32f10x_rtc.o(i.RTC_ClearFlag), (16 bytes).
    Removing stm32f10x_rtc.o(i.RTC_ClearITPendingBit), (16 bytes).
    Removing stm32f10x_rtc.o(i.RTC_EnterConfigMode), (20 bytes).
    Removing stm32f10x_rtc.o(i.RTC_ExitConfigMode), (20 bytes).
    Removing stm32f10x_rtc.o(i.RTC_GetCounter), (20 bytes).
    Removing stm32f10x_rtc.o(i.RTC_GetDivider), (24 bytes).
    Removing stm32f10x_rtc.o(i.RTC_GetFlagStatus), (24 bytes).
    Removing stm32f10x_rtc.o(i.RTC_GetITStatus), (36 bytes).
    Removing stm32f10x_rtc.o(i.RTC_ITConfig), (32 bytes).
    Removing stm32f10x_rtc.o(i.RTC_SetAlarm), (28 bytes).
    Removing stm32f10x_rtc.o(i.RTC_SetCounter), (28 bytes).
    Removing stm32f10x_rtc.o(i.RTC_SetPrescaler), (32 bytes).
    Removing stm32f10x_rtc.o(i.RTC_WaitForLastTask), (20 bytes).
    Removing stm32f10x_rtc.o(i.RTC_WaitForSynchro), (32 bytes).
    Removing stm32f10x_tim.o(i.TI1_Config), (128 bytes).
    Removing stm32f10x_tim.o(i.TI2_Config), (152 bytes).
    Removing stm32f10x_tim.o(i.TI3_Config), (144 bytes).
    Removing stm32f10x_tim.o(i.TI4_Config), (152 bytes).
    Removing stm32f10x_tim.o(i.TIM_ARRPreloadConfig), (24 bytes).
    Removing stm32f10x_tim.o(i.TIM_BDTRConfig), (32 bytes).
    Removing stm32f10x_tim.o(i.TIM_BDTRStructInit), (18 bytes).
    Removing stm32f10x_tim.o(i.TIM_CCPreloadControl), (24 bytes).
    Removing stm32f10x_tim.o(i.TIM_CCxCmd), (30 bytes).
    Removing stm32f10x_tim.o(i.TIM_CCxNCmd), (30 bytes).
    Removing stm32f10x_tim.o(i.TIM_ClearOC1Ref), (18 bytes).
    Removing stm32f10x_tim.o(i.TIM_ClearOC2Ref), (24 bytes).
    Removing stm32f10x_tim.o(i.TIM_ClearOC3Ref), (18 bytes).
    Removing stm32f10x_tim.o(i.TIM_ClearOC4Ref), (24 bytes).
    Removing stm32f10x_tim.o(i.TIM_CounterModeConfig), (18 bytes).
    Removing stm32f10x_tim.o(i.TIM_CtrlPWMOutputs), (30 bytes).
    Removing stm32f10x_tim.o(i.TIM_DMACmd), (18 bytes).
    Removing stm32f10x_tim.o(i.TIM_DMAConfig), (10 bytes).
    Removing stm32f10x_tim.o(i.TIM_ETRClockMode1Config), (54 bytes).
    Removing stm32f10x_tim.o(i.TIM_ETRClockMode2Config), (32 bytes).
    Removing stm32f10x_tim.o(i.TIM_ETRConfig), (28 bytes).
    Removing stm32f10x_tim.o(i.TIM_EncoderInterfaceConfig), (66 bytes).
    Removing stm32f10x_tim.o(i.TIM_ForcedOC1Config), (18 bytes).
    Removing stm32f10x_tim.o(i.TIM_ForcedOC2Config), (26 bytes).
    Removing stm32f10x_tim.o(i.TIM_ForcedOC3Config), (18 bytes).
    Removing stm32f10x_tim.o(i.TIM_ForcedOC4Config), (26 bytes).
    Removing stm32f10x_tim.o(i.TIM_GenerateEvent), (4 bytes).
    Removing stm32f10x_tim.o(i.TIM_GetCapture1), (6 bytes).
    Removing stm32f10x_tim.o(i.TIM_GetCapture2), (6 bytes).
    Removing stm32f10x_tim.o(i.TIM_GetCapture3), (6 bytes).
    Removing stm32f10x_tim.o(i.TIM_GetCapture4), (8 bytes).
    Removing stm32f10x_tim.o(i.TIM_GetCounter), (6 bytes).
    Removing stm32f10x_tim.o(i.TIM_GetFlagStatus), (18 bytes).
    Removing stm32f10x_tim.o(i.TIM_GetPrescaler), (6 bytes).
    Removing stm32f10x_tim.o(i.TIM_ICInit), (172 bytes).
    Removing stm32f10x_tim.o(i.TIM_ICStructInit), (18 bytes).
    Removing stm32f10x_tim.o(i.TIM_ITRxExternalClockConfig), (24 bytes).
    Removing stm32f10x_tim.o(i.TIM_OC1FastConfig), (18 bytes).
    Removing stm32f10x_tim.o(i.TIM_OC1Init), (152 bytes).
    Removing stm32f10x_tim.o(i.TIM_OC1NPolarityConfig), (18 bytes).
    Removing stm32f10x_tim.o(i.TIM_OC1PolarityConfig), (18 bytes).
    Removing stm32f10x_tim.o(i.TIM_OC1PreloadConfig), (18 bytes).
    Removing stm32f10x_tim.o(i.TIM_OC2FastConfig), (26 bytes).
    Removing stm32f10x_tim.o(i.TIM_OC2Init), (164 bytes).
    Removing stm32f10x_tim.o(i.TIM_OC2NPolarityConfig), (26 bytes).
    Removing stm32f10x_tim.o(i.TIM_OC2PolarityConfig), (26 bytes).
    Removing stm32f10x_tim.o(i.TIM_OC2PreloadConfig), (26 bytes).
    Removing stm32f10x_tim.o(i.TIM_OC3FastConfig), (18 bytes).
    Removing stm32f10x_tim.o(i.TIM_OC3Init), (160 bytes).
    Removing stm32f10x_tim.o(i.TIM_OC3NPolarityConfig), (26 bytes).
    Removing stm32f10x_tim.o(i.TIM_OC3PolarityConfig), (26 bytes).
    Removing stm32f10x_tim.o(i.TIM_OC3PreloadConfig), (18 bytes).
    Removing stm32f10x_tim.o(i.TIM_OC4FastConfig), (26 bytes).
    Removing stm32f10x_tim.o(i.TIM_OC4Init), (124 bytes).
    Removing stm32f10x_tim.o(i.TIM_OC4PolarityConfig), (26 bytes).
    Removing stm32f10x_tim.o(i.TIM_OC4PreloadConfig), (26 bytes).
    Removing stm32f10x_tim.o(i.TIM_OCStructInit), (20 bytes).
    Removing stm32f10x_tim.o(i.TIM_PWMIConfig), (124 bytes).
    Removing stm32f10x_tim.o(i.TIM_PrescalerConfig), (6 bytes).
    Removing stm32f10x_tim.o(i.TIM_SelectCCDMA), (24 bytes).
    Removing stm32f10x_tim.o(i.TIM_SelectCOM), (24 bytes).
    Removing stm32f10x_tim.o(i.TIM_SelectHallSensor), (24 bytes).
    Removing stm32f10x_tim.o(i.TIM_SelectInputTrigger), (18 bytes).
    Removing stm32f10x_tim.o(i.TIM_SelectMasterSlaveMode), (18 bytes).
    Removing stm32f10x_tim.o(i.TIM_SelectOCxM), (82 bytes).
    Removing stm32f10x_tim.o(i.TIM_SelectOnePulseMode), (18 bytes).
    Removing stm32f10x_tim.o(i.TIM_SelectOutputTrigger), (18 bytes).
    Removing stm32f10x_tim.o(i.TIM_SelectSlaveMode), (18 bytes).
    Removing stm32f10x_tim.o(i.TIM_SetClockDivision), (18 bytes).
    Removing stm32f10x_tim.o(i.TIM_SetCompare1), (4 bytes).
    Removing stm32f10x_tim.o(i.TIM_SetCompare2), (4 bytes).
    Removing stm32f10x_tim.o(i.TIM_SetCompare3), (4 bytes).
    Removing stm32f10x_tim.o(i.TIM_SetCompare4), (6 bytes).
    Removing stm32f10x_tim.o(i.TIM_SetIC1Prescaler), (18 bytes).
    Removing stm32f10x_tim.o(i.TIM_SetIC2Prescaler), (26 bytes).
    Removing stm32f10x_tim.o(i.TIM_SetIC3Prescaler), (18 bytes).
    Removing stm32f10x_tim.o(i.TIM_SetIC4Prescaler), (26 bytes).
    Removing stm32f10x_tim.o(i.TIM_TIxExternalClockConfig), (62 bytes).
    Removing stm32f10x_tim.o(i.TIM_TimeBaseStructInit), (18 bytes).
    Removing stm32f10x_tim.o(i.TIM_UpdateDisableConfig), (24 bytes).
    Removing stm32f10x_tim.o(i.TIM_UpdateRequestConfig), (24 bytes).
    Removing stm32f10x_wwdg.o(i.WWDG_DeInit), (22 bytes).
    Removing stm32f10x_wwdg.o(i.WWDG_Enable), (16 bytes).
    Removing stm32f10x_wwdg.o(i.WWDG_EnableIT), (12 bytes).
    Removing stm32f10x_wwdg.o(i.WWDG_GetFlagStatus), (12 bytes).
    Removing stm32f10x_wwdg.o(i.WWDG_SetPrescaler), (24 bytes).
    Removing stm32f10x_wwdg.o(i.WWDG_SetWindowValue), (40 bytes).
    Removing core_cm3.o(.emb_text), (32 bytes).
    Removing system_stm32f10x.o(i.SystemCoreClockUpdate), (164 bytes).
    Removing startup_stm32f10x_md.o(HEAP), (512 bytes).
    Removing bsp_wdg.o(i.Wwdg_Reload_Task), (256 bytes).
    Removing bsp_wdg.o(i.bsp_InitWwdg), (76 bytes).
    Removing bsp_wdg.o(.data), (13 bytes).
    Removing bsp_timer.o(i.Ceshi_Task0), (80 bytes).
    Removing bsp_timer.o(i.Ceshi_Task1), (292 bytes).
    Removing bsp_timer.o(i.__set_PRIMASK), (6 bytes).
    Removing bsp_timer.o(i.bsp_DelayMS), (68 bytes).
    Removing bsp_timer.o(i.bsp_GetRunTime), (28 bytes).
    Removing bsp_uart_fifo.o(i.USART6_SendBefor), (4 bytes).
    Removing bsp_uart_fifo.o(i.USART6_SendOver), (4 bytes).
    Removing bsp_uart_fifo.o(i.comClearRxFifo), (28 bytes).
    Removing bsp_uart_fifo.o(i.comClearTxFifo), (28 bytes).
    Removing bsp_uart_fifo.o(i.fgetc), (32 bytes).
    Removing app.o(i.app_Hook), (116 bytes).
    Removing app.o(.data), (12 bytes).
    Removing dadd.o(.text), (334 bytes).
    Removing dmul.o(.text), (228 bytes).
    Removing ddiv.o(.text), (222 bytes).
    Removing dfixul.o(.text), (48 bytes).
    Removing cdrcmple.o(.text), (40 bytes).
    Removing depilogue.o(.text), (190 bytes).

438 unused section(s) (total 18993 bytes) removed from the image.

==============================================================================

Image Symbol Table

    Local Symbols

    Symbol Name                              Value     Ov Type        Size  Object(Section)

    ../clib/microlib/division.c              0x00000000   Number         0  uldiv.o ABSOLUTE
    ../clib/microlib/division.c              0x00000000   Number         0  uidiv.o ABSOLUTE
    ../clib/microlib/init/entry.s            0x00000000   Number         0  entry5.o ABSOLUTE
    ../clib/microlib/init/entry.s            0x00000000   Number         0  entry10a.o ABSOLUTE
    ../clib/microlib/init/entry.s            0x00000000   Number         0  entry8a.o ABSOLUTE
    ../clib/microlib/init/entry.s            0x00000000   Number         0  entry8b.o ABSOLUTE
    ../clib/microlib/init/entry.s            0x00000000   Number         0  entry7a.o ABSOLUTE
    ../clib/microlib/init/entry.s            0x00000000   Number         0  entry9a.o ABSOLUTE
    ../clib/microlib/init/entry.s            0x00000000   Number         0  entry7b.o ABSOLUTE
    ../clib/microlib/init/entry.s            0x00000000   Number         0  entry2.o ABSOLUTE
    ../clib/microlib/init/entry.s            0x00000000   Number         0  entry9b.o ABSOLUTE
    ../clib/microlib/init/entry.s            0x00000000   Number         0  entry10b.o ABSOLUTE
    ../clib/microlib/init/entry.s            0x00000000   Number         0  entry.o ABSOLUTE
    ../clib/microlib/init/entry.s            0x00000000   Number         0  entry11b.o ABSOLUTE
    ../clib/microlib/init/entry.s            0x00000000   Number         0  entry11a.o ABSOLUTE
    ../clib/microlib/longlong.c              0x00000000   Number         0  llshl.o ABSOLUTE
    ../clib/microlib/longlong.c              0x00000000   Number         0  llsshr.o ABSOLUTE
    ../clib/microlib/longlong.c              0x00000000   Number         0  llushr.o ABSOLUTE
    ../clib/microlib/printf/printf.c         0x00000000   Number         0  printfb.o ABSOLUTE
    ../clib/microlib/printf/printf.c         0x00000000   Number         0  printf0.o ABSOLUTE
    ../clib/microlib/printf/printf.c         0x00000000   Number         0  printf1.o ABSOLUTE
    ../clib/microlib/printf/printf.c         0x00000000   Number         0  printf2.o ABSOLUTE
    ../clib/microlib/printf/printf.c         0x00000000   Number         0  printf3.o ABSOLUTE
    ../clib/microlib/printf/printf.c         0x00000000   Number         0  printf4.o ABSOLUTE
    ../clib/microlib/printf/printf.c         0x00000000   Number         0  printf5.o ABSOLUTE
    ../clib/microlib/printf/printf.c         0x00000000   Number         0  printfa.o ABSOLUTE
    ../clib/microlib/printf/printf.c         0x00000000   Number         0  printf6.o ABSOLUTE
    ../clib/microlib/printf/printf.c         0x00000000   Number         0  printf7.o ABSOLUTE
    ../clib/microlib/printf/printf.c         0x00000000   Number         0  printf8.o ABSOLUTE
    ../clib/microlib/printf/stubs.s          0x00000000   Number         0  stubs.o ABSOLUTE
    ../clib/microlib/stdio/streams.c         0x00000000   Number         0  stdout.o ABSOLUTE
    ../clib/microlib/string/memcpy.c         0x00000000   Number         0  memcpya.o ABSOLUTE
    ../clib/microlib/string/memcpy.c         0x00000000   Number         0  memcpyb.o ABSOLUTE
    ../clib/microlib/string/memset.c         0x00000000   Number         0  memseta.o ABSOLUTE
    ../clib/microlib/stubs.s                 0x00000000   Number         0  iusefp.o ABSOLUTE
    ../fplib/microlib/fpadd.c                0x00000000   Number         0  dadd.o ABSOLUTE
    ../fplib/microlib/fpdiv.c                0x00000000   Number         0  ddiv.o ABSOLUTE
    ../fplib/microlib/fpepilogue.c           0x00000000   Number         0  depilogue.o ABSOLUTE
    ../fplib/microlib/fpfix.c                0x00000000   Number         0  dfixul.o ABSOLUTE
    ../fplib/microlib/fpmul.c                0x00000000   Number         0  dmul.o ABSOLUTE
    ..\..\..\Libraries\CMSIS\CM3\CoreSupport\core_cm3.c 0x00000000   Number         0  core_cm3.o ABSOLUTE
    ..\..\..\Libraries\CMSIS\CM3\DeviceSupport\ST\STM32F10x\startup\arm\startup_stm32f10x_md.s 0x00000000   Number         0  startup_stm32f10x_md.o ABSOLUTE
    ..\..\..\Libraries\STM32F10x_StdPeriph_Driver\src\misc.c 0x00000000   Number         0  misc.o ABSOLUTE
    ..\..\..\Libraries\STM32F10x_StdPeriph_Driver\src\stm32f10x_adc.c 0x00000000   Number         0  stm32f10x_adc.o ABSOLUTE
    ..\..\..\Libraries\STM32F10x_StdPeriph_Driver\src\stm32f10x_bkp.c 0x00000000   Number         0  stm32f10x_bkp.o ABSOLUTE
    ..\..\..\Libraries\STM32F10x_StdPeriph_Driver\src\stm32f10x_can.c 0x00000000   Number         0  stm32f10x_can.o ABSOLUTE
    ..\..\..\Libraries\STM32F10x_StdPeriph_Driver\src\stm32f10x_cec.c 0x00000000   Number         0  stm32f10x_cec.o ABSOLUTE
    ..\..\..\Libraries\STM32F10x_StdPeriph_Driver\src\stm32f10x_crc.c 0x00000000   Number         0  stm32f10x_crc.o ABSOLUTE
    ..\..\..\Libraries\STM32F10x_StdPeriph_Driver\src\stm32f10x_dac.c 0x00000000   Number         0  stm32f10x_dac.o ABSOLUTE
    ..\..\..\Libraries\STM32F10x_StdPeriph_Driver\src\stm32f10x_dbgmcu.c 0x00000000   Number         0  stm32f10x_dbgmcu.o ABSOLUTE
    ..\..\..\Libraries\STM32F10x_StdPeriph_Driver\src\stm32f10x_dma.c 0x00000000   Number         0  stm32f10x_dma.o ABSOLUTE
    ..\..\..\Libraries\STM32F10x_StdPeriph_Driver\src\stm32f10x_exti.c 0x00000000   Number         0  stm32f10x_exti.o ABSOLUTE
    ..\..\..\Libraries\STM32F10x_StdPeriph_Driver\src\stm32f10x_flash.c 0x00000000   Number         0  stm32f10x_flash.o ABSOLUTE
    ..\..\..\Libraries\STM32F10x_StdPeriph_Driver\src\stm32f10x_fsmc.c 0x00000000   Number         0  stm32f10x_fsmc.o ABSOLUTE
    ..\..\..\Libraries\STM32F10x_StdPeriph_Driver\src\stm32f10x_gpio.c 0x00000000   Number         0  stm32f10x_gpio.o ABSOLUTE
    ..\..\..\Libraries\STM32F10x_StdPeriph_Driver\src\stm32f10x_i2c.c 0x00000000   Number         0  stm32f10x_i2c.o ABSOLUTE
    ..\..\..\Libraries\STM32F10x_StdPeriph_Driver\src\stm32f10x_iwdg.c 0x00000000   Number         0  stm32f10x_iwdg.o ABSOLUTE
    ..\..\..\Libraries\STM32F10x_StdPeriph_Driver\src\stm32f10x_pwr.c 0x00000000   Number         0  stm32f10x_pwr.o ABSOLUTE
    ..\..\..\Libraries\STM32F10x_StdPeriph_Driver\src\stm32f10x_rcc.c 0x00000000   Number         0  stm32f10x_rcc.o ABSOLUTE
    ..\..\..\Libraries\STM32F10x_StdPeriph_Driver\src\stm32f10x_rtc.c 0x00000000   Number         0  stm32f10x_rtc.o ABSOLUTE
    ..\..\..\Libraries\STM32F10x_StdPeriph_Driver\src\stm32f10x_sdio.c 0x00000000   Number         0  stm32f10x_sdio.o ABSOLUTE
    ..\..\..\Libraries\STM32F10x_StdPeriph_Driver\src\stm32f10x_spi.c 0x00000000   Number         0  stm32f10x_spi.o ABSOLUTE
    ..\..\..\Libraries\STM32F10x_StdPeriph_Driver\src\stm32f10x_tim.c 0x00000000   Number         0  stm32f10x_tim.o ABSOLUTE
    ..\..\..\Libraries\STM32F10x_StdPeriph_Driver\src\stm32f10x_usart.c 0x00000000   Number         0  stm32f10x_usart.o ABSOLUTE
    ..\..\..\Libraries\STM32F10x_StdPeriph_Driver\src\stm32f10x_wwdg.c 0x00000000   Number         0  stm32f10x_wwdg.o ABSOLUTE
    ..\..\app\app.c                          0x00000000   Number         0  app.o ABSOLUTE
    ..\..\app\app_esam8810.c                 0x00000000   Number         0  app_esam8810.o ABSOLUTE
    ..\..\app\app_pa1100.c                   0x00000000   Number         0  app_pa1100.o ABSOLUTE
    ..\..\app\app_printer.c                  0x00000000   Number         0  app_printer.o ABSOLUTE
    ..\..\app\app_psam_card.c                0x00000000   Number         0  app_psam_card.o ABSOLUTE
    ..\..\app\app_uart.c                     0x00000000   Number         0  app_uart.o ABSOLUTE
    ..\..\bsp\bsp.c                          0x00000000   Number         0  bsp.o ABSOLUTE
    ..\..\bsp\bsp_adc.c                      0x00000000   Number         0  bsp_adc.o ABSOLUTE
    ..\..\bsp\bsp_timer.c                    0x00000000   Number         0  bsp_timer.o ABSOLUTE
    ..\..\bsp\bsp_uart_fifo.c                0x00000000   Number         0  bsp_uart_fifo.o ABSOLUTE
    ..\..\bsp\bsp_wdg.c                      0x00000000   Number         0  bsp_wdg.o ABSOLUTE
    ..\\..\\..\\Libraries\\CMSIS\\CM3\\CoreSupport\\core_cm3.c 0x00000000   Number         0  core_cm3.o ABSOLUTE
    ..\main.c                                0x00000000   Number         0  main.o ABSOLUTE
    ..\stm32f10x_it.c                        0x00000000   Number         0  stm32f10x_it.o ABSOLUTE
    ..\system_stm32f10x.c                    0x00000000   Number         0  system_stm32f10x.o ABSOLUTE
    cdrcmple.s                               0x00000000   Number         0  cdrcmple.o ABSOLUTE
    dc.s                                     0x00000000   Number         0  dc.o ABSOLUTE
    handlers.s                               0x00000000   Number         0  handlers.o ABSOLUTE
    init.s                                   0x00000000   Number         0  init.o ABSOLUTE
    RESET                                    0x08000000   Section      236  startup_stm32f10x_md.o(RESET)
    .ARM.Collect$$$$00000000                 0x080000ec   Section        0  entry.o(.ARM.Collect$$$$00000000)
    .ARM.Collect$$$$00000001                 0x080000ec   Section        4  entry2.o(.ARM.Collect$$$$00000001)
    .ARM.Collect$$$$00000004                 0x080000f0   Section        4  entry5.o(.ARM.Collect$$$$00000004)
    .ARM.Collect$$$$00000008                 0x080000f4   Section        0  entry7b.o(.ARM.Collect$$$$00000008)
    .ARM.Collect$$$$0000000A                 0x080000f4   Section        0  entry8b.o(.ARM.Collect$$$$0000000A)
    .ARM.Collect$$$$0000000B                 0x080000f4   Section        8  entry9a.o(.ARM.Collect$$$$0000000B)
    .ARM.Collect$$$$0000000D                 0x080000fc   Section        0  entry10a.o(.ARM.Collect$$$$0000000D)
    .ARM.Collect$$$$0000000F                 0x080000fc   Section        0  entry11a.o(.ARM.Collect$$$$0000000F)
    .ARM.Collect$$$$00002712                 0x080000fc   Section        4  entry2.o(.ARM.Collect$$$$00002712)
    __lit__00000000                          0x080000fc   Data           4  entry2.o(.ARM.Collect$$$$00002712)
    .text                                    0x08000100   Section       36  startup_stm32f10x_md.o(.text)
    .text                                    0x08000124   Section        0  memcpya.o(.text)
    .text                                    0x08000148   Section        0  memseta.o(.text)
    .text                                    0x0800016c   Section        0  uidiv.o(.text)
    .text                                    0x08000198   Section       36  init.o(.text)
    i.ADC_Cmd                                0x080001bc   Section        0  stm32f10x_adc.o(i.ADC_Cmd)
    i.ADC_DeInit                             0x080001d4   Section        0  stm32f10x_adc.o(i.ADC_DeInit)
    i.ADC_GetCalibrationStatus               0x08000230   Section        0  stm32f10x_adc.o(i.ADC_GetCalibrationStatus)
    i.ADC_GetResetCalibrationStatus          0x08000244   Section        0  stm32f10x_adc.o(i.ADC_GetResetCalibrationStatus)
    i.ADC_Init                               0x08000258   Section        0  stm32f10x_adc.o(i.ADC_Init)
    i.ADC_RegularChannelConfig               0x080002a8   Section        0  stm32f10x_adc.o(i.ADC_RegularChannelConfig)
    i.ADC_ResetCalibration                   0x08000360   Section        0  stm32f10x_adc.o(i.ADC_ResetCalibration)
    i.ADC_SoftwareStartConvCmd               0x0800036a   Section        0  stm32f10x_adc.o(i.ADC_SoftwareStartConvCmd)
    i.ADC_StartCalibration                   0x08000380   Section        0  stm32f10x_adc.o(i.ADC_StartCalibration)
    i.App_Init                               0x0800038a   Section        0  app.o(i.App_Init)
    i.App_Task                               0x0800039e   Section        0  app.o(i.App_Task)
    i.BusFault_Handler                       0x080003b6   Section        0  stm32f10x_it.o(i.BusFault_Handler)
    i.ComToUart                              0x080003bc   Section        0  bsp_uart_fifo.o(i.ComToUart)
    i.ConfigUartNVIC                         0x080003fc   Section        0  bsp_uart_fifo.o(i.ConfigUartNVIC)
    ConfigUartNVIC                           0x080003fd   Thumb Code    90  bsp_uart_fifo.o(i.ConfigUartNVIC)
    i.DebugMon_Handler                       0x08000456   Section        0  stm32f10x_it.o(i.DebugMon_Handler)
    i.GPIO_Init                              0x08000458   Section        0  stm32f10x_gpio.o(i.GPIO_Init)
    i.GPIO_PinRemapConfig                    0x0800056c   Section        0  stm32f10x_gpio.o(i.GPIO_PinRemapConfig)
    i.GPIO_ResetBits                         0x080005fc   Section        0  stm32f10x_gpio.o(i.GPIO_ResetBits)
    i.GPIO_SetBits                           0x08000600   Section        0  stm32f10x_gpio.o(i.GPIO_SetBits)
    i.HardFault_Handler                      0x08000604   Section        0  stm32f10x_it.o(i.HardFault_Handler)
    i.IWDG_Enable                            0x08000608   Section        0  stm32f10x_iwdg.o(i.IWDG_Enable)
    i.IWDG_ReloadCounter                     0x08000618   Section        0  stm32f10x_iwdg.o(i.IWDG_ReloadCounter)
    i.IWDG_SetPrescaler                      0x08000628   Section        0  stm32f10x_iwdg.o(i.IWDG_SetPrescaler)
    i.IWDG_SetReload                         0x08000634   Section        0  stm32f10x_iwdg.o(i.IWDG_SetReload)
    i.IWDG_WriteAccessCmd                    0x08000640   Section        0  stm32f10x_iwdg.o(i.IWDG_WriteAccessCmd)
    i.InitHardUart                           0x0800064c   Section        0  bsp_uart_fifo.o(i.InitHardUart)
    InitHardUart                             0x0800064d   Thumb Code   138  bsp_uart_fifo.o(i.InitHardUart)
    i.Iwdg_Feed                              0x080006e0   Section        0  bsp_wdg.o(i.Iwdg_Feed)
    i.MemManage_Handler                      0x080006e8   Section        0  stm32f10x_it.o(i.MemManage_Handler)
    i.NMI_Handler                            0x080006ec   Section        0  stm32f10x_it.o(i.NMI_Handler)
    i.NVIC_Init                              0x080006f0   Section        0  misc.o(i.NVIC_Init)
    i.NVIC_PriorityGroupConfig               0x08000764   Section        0  misc.o(i.NVIC_PriorityGroupConfig)
    i.PendSV_Handler                         0x08000778   Section        0  stm32f10x_it.o(i.PendSV_Handler)
    i.RCC_ADCCLKConfig                       0x0800077c   Section        0  stm32f10x_rcc.o(i.RCC_ADCCLKConfig)
    i.RCC_APB1PeriphClockCmd                 0x08000794   Section        0  stm32f10x_rcc.o(i.RCC_APB1PeriphClockCmd)
    i.RCC_APB1PeriphResetCmd                 0x080007b4   Section        0  stm32f10x_rcc.o(i.RCC_APB1PeriphResetCmd)
    i.RCC_APB2PeriphClockCmd                 0x080007d4   Section        0  stm32f10x_rcc.o(i.RCC_APB2PeriphClockCmd)
    i.RCC_APB2PeriphResetCmd                 0x080007f4   Section        0  stm32f10x_rcc.o(i.RCC_APB2PeriphResetCmd)
    i.RCC_GetClocksFreq                      0x08000814   Section        0  stm32f10x_rcc.o(i.RCC_GetClocksFreq)
    i.RCC_GetFlagStatus                      0x080008e8   Section        0  stm32f10x_rcc.o(i.RCC_GetFlagStatus)
    i.RCC_LSICmd                             0x08000924   Section        0  stm32f10x_rcc.o(i.RCC_LSICmd)
    i.SPI_Cmd                                0x08000930   Section        0  stm32f10x_spi.o(i.SPI_Cmd)
    i.SPI_I2S_GetFlagStatus                  0x08000948   Section        0  stm32f10x_spi.o(i.SPI_I2S_GetFlagStatus)
    i.SPI_I2S_SendData                       0x0800095a   Section        0  stm32f10x_spi.o(i.SPI_I2S_SendData)
    i.SPI_Init                               0x0800095e   Section        0  stm32f10x_spi.o(i.SPI_Init)
    i.SPI_SSOutputCmd                        0x0800099a   Section        0  stm32f10x_spi.o(i.SPI_SSOutputCmd)
    i.SVC_Handler                            0x080009b2   Section        0  stm32f10x_it.o(i.SVC_Handler)
    i.SetSysClock                            0x080009b4   Section        0  system_stm32f10x.o(i.SetSysClock)
    SetSysClock                              0x080009b5   Thumb Code     8  system_stm32f10x.o(i.SetSysClock)
    i.SetSysClockTo72                        0x080009bc   Section        0  system_stm32f10x.o(i.SetSysClockTo72)
    SetSysClockTo72                          0x080009bd   Thumb Code   212  system_stm32f10x.o(i.SetSysClockTo72)
    i.SysTick_Handler                        0x08000a98   Section        0  stm32f10x_it.o(i.SysTick_Handler)
    i.SysTick_ISR                            0x08000aa0   Section        0  bsp_timer.o(i.SysTick_ISR)
    i.SystemInit                             0x08000ad0   Section        0  system_stm32f10x.o(i.SystemInit)
    i.TIM2_IRQHandler                        0x08000b30   Section        0  stm32f10x_it.o(i.TIM2_IRQHandler)
    i.TIM2_ISR                               0x08000b38   Section        0  app_printer.o(i.TIM2_ISR)
    i.TIM_ClearFlag                          0x08000cac   Section        0  stm32f10x_tim.o(i.TIM_ClearFlag)
    i.TIM_ClearITPendingBit                  0x08000cb2   Section        0  stm32f10x_tim.o(i.TIM_ClearITPendingBit)
    i.TIM_Cmd                                0x08000cb8   Section        0  stm32f10x_tim.o(i.TIM_Cmd)
    i.TIM_DeInit                             0x08000cd0   Section        0  stm32f10x_tim.o(i.TIM_DeInit)
    i.TIM_GetITStatus                        0x08000eb8   Section        0  stm32f10x_tim.o(i.TIM_GetITStatus)
    i.TIM_ITConfig                           0x08000eda   Section        0  stm32f10x_tim.o(i.TIM_ITConfig)
    i.TIM_InternalClockConfig                0x08000eec   Section        0  stm32f10x_tim.o(i.TIM_InternalClockConfig)
    i.TIM_SetAutoreload                      0x08000ef8   Section        0  stm32f10x_tim.o(i.TIM_SetAutoreload)
    i.TIM_SetCounter                         0x08000efc   Section        0  stm32f10x_tim.o(i.TIM_SetCounter)
    i.TIM_TimeBaseInit                       0x08000f00   Section        0  stm32f10x_tim.o(i.TIM_TimeBaseInit)
    i.USART1_IRQHandler                      0x08000fa4   Section        0  bsp_uart_fifo.o(i.USART1_IRQHandler)
    i.USART1_Tx_Chars                        0x08000fb4   Section        0  app_uart.o(i.USART1_Tx_Chars)
    i.USART2_IRQHandler                      0x08000ffc   Section        0  bsp_uart_fifo.o(i.USART2_IRQHandler)
    i.USART3_IRQHandler                      0x0800100c   Section        0  bsp_uart_fifo.o(i.USART3_IRQHandler)
    i.USART_ClearFlag                        0x0800101c   Section        0  stm32f10x_usart.o(i.USART_ClearFlag)
    i.USART_ClockInit                        0x0800102e   Section        0  stm32f10x_usart.o(i.USART_ClockInit)
    i.USART_Cmd                              0x08001050   Section        0  stm32f10x_usart.o(i.USART_Cmd)
    i.USART_GetFlagStatus                    0x08001068   Section        0  stm32f10x_usart.o(i.USART_GetFlagStatus)
    i.USART_GetITStatus                      0x08001082   Section        0  stm32f10x_usart.o(i.USART_GetITStatus)
    i.USART_ITConfig                         0x080010d6   Section        0  stm32f10x_usart.o(i.USART_ITConfig)
    i.USART_Init                             0x08001120   Section        0  stm32f10x_usart.o(i.USART_Init)
    i.USART_ReceiveData                      0x080011f8   Section        0  stm32f10x_usart.o(i.USART_ReceiveData)
    i.USART_SendData                         0x08001202   Section        0  stm32f10x_usart.o(i.USART_SendData)
    i.USART_SetGuardTime                     0x0800120a   Section        0  stm32f10x_usart.o(i.USART_SetGuardTime)
    i.USART_SetPrescaler                     0x0800121a   Section        0  stm32f10x_usart.o(i.USART_SetPrescaler)
    i.USART_SmartCardCmd                     0x0800122a   Section        0  stm32f10x_usart.o(i.USART_SmartCardCmd)
    i.USART_SmartCardNACKCmd                 0x08001242   Section        0  stm32f10x_usart.o(i.USART_SmartCardNACKCmd)
    i.UartGetChar                            0x0800125a   Section        0  bsp_uart_fifo.o(i.UartGetChar)
    UartGetChar                              0x0800125b   Thumb Code    74  bsp_uart_fifo.o(i.UartGetChar)
    i.UartIRQ                                0x080012a4   Section        0  bsp_uart_fifo.o(i.UartIRQ)
    UartIRQ                                  0x080012a5   Thumb Code   230  bsp_uart_fifo.o(i.UartIRQ)
    i.UartSend                               0x0800138a   Section        0  bsp_uart_fifo.o(i.UartSend)
    UartSend                                 0x0800138b   Thumb Code   114  bsp_uart_fifo.o(i.UartSend)
    i.UartVarInit                            0x080013fc   Section        0  bsp_uart_fifo.o(i.UartVarInit)
    UartVarInit                              0x080013fd   Thumb Code   132  bsp_uart_fifo.o(i.UartVarInit)
    i.UsageFault_Handler                     0x080014b0   Section        0  stm32f10x_it.o(i.UsageFault_Handler)
    i.WWDG_ClearFlag                         0x080014b4   Section        0  stm32f10x_wwdg.o(i.WWDG_ClearFlag)
    i.WWDG_IRQHandler                        0x080014c0   Section        0  stm32f10x_it.o(i.WWDG_IRQHandler)
    i.WWDG_SetCounter                        0x080014c8   Section        0  stm32f10x_wwdg.o(i.WWDG_SetCounter)
    i.Wwdg_Feed                              0x080014d8   Section        0  bsp_wdg.o(i.Wwdg_Feed)
    i.Wwdg_ISR                               0x080014e4   Section        0  bsp_wdg.o(i.Wwdg_ISR)
    i.__0printf$1                            0x0800150c   Section        0  printf1.o(i.__0printf$1)
    i.__scatterload_copy                     0x0800152c   Section       14  handlers.o(i.__scatterload_copy)
    i.__scatterload_null                     0x0800153a   Section        2  handlers.o(i.__scatterload_null)
    i.__scatterload_zeroinit                 0x0800153c   Section       14  handlers.o(i.__scatterload_zeroinit)
    i.__set_PRIMASK                          0x0800154a   Section        0  bsp_uart_fifo.o(i.__set_PRIMASK)
    __set_PRIMASK                            0x0800154b   Thumb Code     6  bsp_uart_fifo.o(i.__set_PRIMASK)
    i._printf_core                           0x08001550   Section        0  printf1.o(i._printf_core)
    _printf_core                             0x08001551   Thumb Code   334  printf1.o(i._printf_core)
    i.bsp_DelayUS                            0x080016a4   Section        0  bsp_timer.o(i.bsp_DelayUS)
    i.bsp_Idle                               0x080016f8   Section        0  bsp.o(i.bsp_Idle)
    i.bsp_Init                               0x08001700   Section        0  bsp.o(i.bsp_Init)
    i.bsp_InitAdc                            0x08001720   Section        0  bsp_adc.o(i.bsp_InitAdc)
    i.bsp_InitIwdg                           0x080017c8   Section        0  bsp_wdg.o(i.bsp_InitIwdg)
    bsp_InitIwdg                             0x080017c9   Thumb Code    52  bsp_wdg.o(i.bsp_InitIwdg)
    i.bsp_InitTimer                          0x080017fc   Section        0  bsp_timer.o(i.bsp_InitTimer)
    i.bsp_InitUart                           0x0800185c   Section        0  bsp_uart_fifo.o(i.bsp_InitUart)
    i.bsp_InitWdg                            0x0800186c   Section        0  bsp_wdg.o(i.bsp_InitWdg)
    i.bsp_rcc_init                           0x08001874   Section        0  bsp.o(i.bsp_rcc_init)
    bsp_rcc_init                             0x08001875   Thumb Code     2  bsp.o(i.bsp_rcc_init)
    i.ceshi                                  0x08001878   Section        0  app_esam8810.o(i.ceshi)
    ceshi                                    0x08001879   Thumb Code    40  app_esam8810.o(i.ceshi)
    i.ceshi                                  0x080018a4   Section        0  app_psam_card.o(i.ceshi)
    ceshi                                    0x080018a5   Thumb Code    40  app_psam_card.o(i.ceshi)
    i.ceshi                                  0x080018d0   Section        0  app_pa1100.o(i.ceshi)
    ceshi                                    0x080018d1   Thumb Code   172  app_pa1100.o(i.ceshi)
    i.check_to_print                         0x08001984   Section        0  app_printer.o(i.check_to_print)
    check_to_print                           0x08001985   Thumb Code    36  app_printer.o(i.check_to_print)
    i.checkout_cmd                           0x080019b4   Section        0  app_uart.o(i.checkout_cmd)
    checkout_cmd                             0x080019b5   Thumb Code   190  app_uart.o(i.checkout_cmd)
    i.comGetChar                             0x08001a78   Section        0  bsp_uart_fifo.o(i.comGetChar)
    i.comSendBuf                             0x08001a96   Section        0  bsp_uart_fifo.o(i.comSendBuf)
    i.comSendChar                            0x08001ac4   Section        0  bsp_uart_fifo.o(i.comSendChar)
    i.esam8810_CMD_DEAL                      0x08001ad4   Section        0  app_esam8810.o(i.esam8810_CMD_DEAL)
    i.esam8810_Init                          0x08001b38   Section        0  app_esam8810.o(i.esam8810_Init)
    i.esam8810_SERVER_TASK                   0x08001c48   Section        0  app_esam8810.o(i.esam8810_SERVER_TASK)
    i.esam8810_rcv                           0x08001c88   Section        0  app_esam8810.o(i.esam8810_rcv)
    esam8810_rcv                             0x08001c89   Thumb Code    88  app_esam8810.o(i.esam8810_rcv)
    i.esam8810_rst                           0x08001ce8   Section        0  app_esam8810.o(i.esam8810_rst)
    esam8810_rst                             0x08001ce9   Thumb Code    48  app_esam8810.o(i.esam8810_rst)
    i.fputc                                  0x08001d1c   Section        0  bsp_uart_fifo.o(i.fputc)
    i.get_print_mode                         0x08001d40   Section        0  app_printer.o(i.get_print_mode)
    get_print_mode                           0x08001d41   Thumb Code   230  app_printer.o(i.get_print_mode)
    i.is_detect_down                         0x08001e28   Section        0  app_pa1100.o(i.is_detect_down)
    is_detect_down                           0x08001e29   Thumb Code    18  app_pa1100.o(i.is_detect_down)
    i.is_detect_ok                           0x08001e40   Section        0  app_printer.o(i.is_detect_ok)
    is_detect_ok                             0x08001e41   Thumb Code    18  app_printer.o(i.is_detect_ok)
    i.judge_cmd_correct                      0x08001e58   Section        0  app_uart.o(i.judge_cmd_correct)
    judge_cmd_correct                        0x08001e59   Thumb Code    62  app_uart.o(i.judge_cmd_correct)
    i.main                                   0x08001e96   Section        0  main.o(i.main)
    i.pa1100_CMD_DEAL                        0x08001eac   Section        0  app_pa1100.o(i.pa1100_CMD_DEAL)
    i.pa1100_Init                            0x08001f0c   Section        0  app_pa1100.o(i.pa1100_Init)
    i.pa1100_SERVER_TASK                     0x08001f3c   Section        0  app_pa1100.o(i.pa1100_SERVER_TASK)
    i.pa1100_read_data                       0x0800202c   Section        0  app_pa1100.o(i.pa1100_read_data)
    pa1100_read_data                         0x0800202d   Thumb Code    30  app_pa1100.o(i.pa1100_read_data)
    i.pa1100_rst                             0x0800204c   Section        0  app_pa1100.o(i.pa1100_rst)
    pa1100_rst                               0x0800204d   Thumb Code   210  app_pa1100.o(i.pa1100_rst)
    i.printer_CMD_DEAL                       0x08002124   Section        0  app_printer.o(i.printer_CMD_DEAL)
    i.printer_Init                           0x08002324   Section        0  app_printer.o(i.printer_Init)
    i.printer_SERVER_TASK                    0x080025c8   Section        0  app_printer.o(i.printer_SERVER_TASK)
    i.printer_data_out                       0x080026e4   Section        0  app_printer.o(i.printer_data_out)
    printer_data_out                         0x080026e5   Thumb Code   102  app_printer.o(i.printer_data_out)
    i.printer_heat                           0x08002750   Section        0  app_printer.o(i.printer_heat)
    printer_heat                             0x08002751   Thumb Code   122  app_printer.o(i.printer_heat)
    i.printer_moter_cut_feed                 0x080027d0   Section        0  app_printer.o(i.printer_moter_cut_feed)
    printer_moter_cut_feed                   0x080027d1   Thumb Code   142  app_printer.o(i.printer_moter_cut_feed)
    i.printer_moter_step                     0x08002870   Section        0  app_printer.o(i.printer_moter_step)
    printer_moter_step                       0x08002871   Thumb Code   248  app_printer.o(i.printer_moter_step)
    i.printer_start                          0x08002970   Section        0  app_printer.o(i.printer_start)
    printer_start                            0x08002971   Thumb Code  1052  app_printer.o(i.printer_start)
    i.printer_start_ceshi                    0x08002d8c   Section        0  app_printer.o(i.printer_start_ceshi)
    printer_start_ceshi                      0x08002d8d   Thumb Code  1040  app_printer.o(i.printer_start_ceshi)
    i.printer_stop                           0x0800319c   Section        0  app_printer.o(i.printer_stop)
    printer_stop                             0x0800319d   Thumb Code    50  app_printer.o(i.printer_stop)
    i.printer_stop_ceshi                     0x080031dc   Section        0  app_printer.o(i.printer_stop_ceshi)
    printer_stop_ceshi                       0x080031dd   Thumb Code    28  app_printer.o(i.printer_stop_ceshi)
    i.psam_card_CMD_DEAL                     0x08003200   Section        0  app_psam_card.o(i.psam_card_CMD_DEAL)
    i.psam_card_Init                         0x08003264   Section        0  app_psam_card.o(i.psam_card_Init)
    i.psam_card_SERVER_TASK                  0x08003378   Section        0  app_psam_card.o(i.psam_card_SERVER_TASK)
    i.psam_card_rcv                          0x080033b8   Section        0  app_psam_card.o(i.psam_card_rcv)
    i.psam_card_rst                          0x08003418   Section        0  app_psam_card.o(i.psam_card_rst)
    psam_card_rst                            0x08003419   Thumb Code    54  app_psam_card.o(i.psam_card_rst)
    i.set_mosi_ipu                           0x08003454   Section        0  app_pa1100.o(i.set_mosi_ipu)
    set_mosi_ipu                             0x08003455   Thumb Code    30  app_pa1100.o(i.set_mosi_ipu)
    i.set_mosi_out_pp                        0x08003478   Section        0  app_pa1100.o(i.set_mosi_out_pp)
    set_mosi_out_pp                          0x08003479   Thumb Code    30  app_pa1100.o(i.set_mosi_out_pp)
    i.set_tim_reload                         0x0800349c   Section        0  app_printer.o(i.set_tim_reload)
    set_tim_reload                           0x0800349d   Thumb Code    42  app_printer.o(i.set_tim_reload)
    i.spi_read_byte                          0x080034cc   Section        0  app_pa1100.o(i.spi_read_byte)
    spi_read_byte                            0x080034cd   Thumb Code    74  app_pa1100.o(i.spi_read_byte)
    i.uart_SERVER_TASK                       0x0800351c   Section        0  app_uart.o(i.uart_SERVER_TASK)
    .constdata                               0x08003630   Section    41144  app_printer.o(.constdata)
    .data                                    0x20000000   Section       20  stm32f10x_rcc.o(.data)
    APBAHBPrescTable                         0x20000000   Data          16  stm32f10x_rcc.o(.data)
    ADCPrescTable                            0x20000010   Data           4  stm32f10x_rcc.o(.data)
    .data                                    0x20000014   Section       20  system_stm32f10x.o(.data)
    .data                                    0x20000028   Section       40  bsp_timer.o(.data)
    DelayCount                               0x2000002c   Data           4  bsp_timer.o(.data)
    TimeOutFlag                              0x20000030   Data           1  bsp_timer.o(.data)
    sys_time                                 0x20000034   Data           4  bsp_timer.o(.data)
    time_ms                                  0x20000038   Data           4  bsp_timer.o(.data)
    time_add_up                              0x2000003c   Data           4  bsp_timer.o(.data)
    sys_time                                 0x20000040   Data           4  bsp_timer.o(.data)
    time_ms                                  0x20000044   Data           4  bsp_timer.o(.data)
    time_add_up                              0x20000048   Data           4  bsp_timer.o(.data)
    work_time_max                            0x2000004c   Data           4  bsp_timer.o(.data)
    .data                                    0x20000050   Section        5  app_uart.o(.data)
    Rxdtime                                  0x20000050   Data           2  app_uart.o(.data)
    USART1_RXD_CON                           0x20000052   Data           2  app_uart.o(.data)
    uart_FRAME_STATE                         0x20000054   Data           1  app_uart.o(.data)
    .data                                    0x20000058   Section       28  app_printer.o(.data)
    Motor_Feed_Step                          0x2000005a   Data           2  app_printer.o(.data)
    Motor_State                              0x2000005c   Data           1  app_printer.o(.data)
    Motor_Feed_T                             0x2000005d   Data           1  app_printer.o(.data)
    j                                        0x20000060   Data           4  app_printer.o(.data)
    j                                        0x20000064   Data           4  app_printer.o(.data)
    sys_time                                 0x20000068   Data           4  app_printer.o(.data)
    time_ms                                  0x2000006c   Data           4  app_printer.o(.data)
    Cycletime                                0x20000070   Data           2  app_printer.o(.data)
    Printer_State                            0x20000073   Data           1  app_printer.o(.data)
    .data                                    0x20000074   Section       12  app_esam8810.o(.data)
    rxd_timeout                              0x20000074   Data           1  app_esam8810.o(.data)
    rxd_num                                  0x20000076   Data           2  app_esam8810.o(.data)
    sys_time                                 0x20000078   Data           4  app_esam8810.o(.data)
    time_ms                                  0x2000007c   Data           4  app_esam8810.o(.data)
    .data                                    0x20000080   Section       12  app_psam_card.o(.data)
    rxd_timeout                              0x20000080   Data           1  app_psam_card.o(.data)
    rxd_num                                  0x20000082   Data           2  app_psam_card.o(.data)
    sys_time                                 0x20000084   Data           4  app_psam_card.o(.data)
    time_ms                                  0x20000088   Data           4  app_psam_card.o(.data)
    .data                                    0x2000008c   Section       12  app_pa1100.o(.data)
    sys_time                                 0x2000008c   Data           4  app_pa1100.o(.data)
    time_ms                                  0x20000090   Data           4  app_pa1100.o(.data)
    time_add_up                              0x20000094   Data           4  app_pa1100.o(.data)
    .data                                    0x20000098   Section        4  stdout.o(.data)
    .bss                                     0x2000009c   Section    10360  bsp_uart_fifo.o(.bss)
    g_tUart1                                 0x2000009c   Data          40  bsp_uart_fifo.o(.bss)
    g_TxBuf1                                 0x200000c4   Data        1024  bsp_uart_fifo.o(.bss)
    g_RxBuf1                                 0x200004c4   Data        5120  bsp_uart_fifo.o(.bss)
    g_tUart2                                 0x200018c4   Data          40  bsp_uart_fifo.o(.bss)
    g_TxBuf2                                 0x200018ec   Data        1024  bsp_uart_fifo.o(.bss)
    g_RxBuf2                                 0x20001cec   Data        1024  bsp_uart_fifo.o(.bss)
    g_tUart3                                 0x200020ec   Data          40  bsp_uart_fifo.o(.bss)
    g_TxBuf3                                 0x20002114   Data        1024  bsp_uart_fifo.o(.bss)
    g_RxBuf3                                 0x20002514   Data        1024  bsp_uart_fifo.o(.bss)
    .bss                                     0x20002914   Section     5620  app_uart.o(.bss)
    Usart1_Rxd_Tempdata                      0x20002914   Data        5120  app_uart.o(.bss)
    .bss                                     0x20003f08   Section     2308  app_printer.o(.bss)
    STACK                                    0x20004810   Section     1024  startup_stm32f10x_md.o(STACK)

    Global Symbols

    Symbol Name                              Value     Ov Type        Size  Object(Section)

    BuildAttributes$$THM_ISAv4$P$D$K$B$S$PE$A:L22UL41UL21$X:L11$S22US41US21$IEEE1$IW$USESV6$~STKCKD$USESV7$~SHL$OSPACE$ROPI$EBA8$MICROLIB$REQ8$PRES8$EABIv2 0x00000000   Number         0  anon$$obj.o ABSOLUTE
    __ARM_use_no_argv                        0x00000000   Number         0  main.o ABSOLUTE
    _printf_a                                0x00000000   Number         0  stubs.o ABSOLUTE
    _printf_c                                0x00000000   Number         0  stubs.o ABSOLUTE
    _printf_charcount                        0x00000000   Number         0  stubs.o ABSOLUTE
    _printf_d                                0x00000000   Number         0  stubs.o ABSOLUTE
    _printf_e                                0x00000000   Number         0  stubs.o ABSOLUTE
    _printf_f                                0x00000000   Number         0  stubs.o ABSOLUTE
    _printf_flags                            0x00000000   Number         0  stubs.o ABSOLUTE
    _printf_fp_dec                           0x00000000   Number         0  stubs.o ABSOLUTE
    _printf_fp_hex                           0x00000000   Number         0  stubs.o ABSOLUTE
    _printf_g                                0x00000000   Number         0  stubs.o ABSOLUTE
    _printf_i                                0x00000000   Number         0  stubs.o ABSOLUTE
    _printf_int_dec                          0x00000000   Number         0  stubs.o ABSOLUTE
    _printf_l                                0x00000000   Number         0  stubs.o ABSOLUTE
    _printf_lc                               0x00000000   Number         0  stubs.o ABSOLUTE
    _printf_ll                               0x00000000   Number         0  stubs.o ABSOLUTE
    _printf_lld                              0x00000000   Number         0  stubs.o ABSOLUTE
    _printf_lli                              0x00000000   Number         0  stubs.o ABSOLUTE
    _printf_llo                              0x00000000   Number         0  stubs.o ABSOLUTE
    _printf_llu                              0x00000000   Number         0  stubs.o ABSOLUTE
    _printf_llx                              0x00000000   Number         0  stubs.o ABSOLUTE
    _printf_longlong_dec                     0x00000000   Number         0  stubs.o ABSOLUTE
    _printf_longlong_hex                     0x00000000   Number         0  stubs.o ABSOLUTE
    _printf_longlong_oct                     0x00000000   Number         0  stubs.o ABSOLUTE
    _printf_ls                               0x00000000   Number         0  stubs.o ABSOLUTE
    _printf_mbtowc                           0x00000000   Number         0  stubs.o ABSOLUTE
    _printf_n                                0x00000000   Number         0  stubs.o ABSOLUTE
    _printf_o                                0x00000000   Number         0  stubs.o ABSOLUTE
    _printf_p                                0x00000000   Number         0  stubs.o ABSOLUTE
    _printf_percent                          0x00000000   Number         0  stubs.o ABSOLUTE
    _printf_pre_padding                      0x00000000   Number         0  stubs.o ABSOLUTE
    _printf_return_value                     0x00000000   Number         0  stubs.o ABSOLUTE
    _printf_s                                0x00000000   Number         0  stubs.o ABSOLUTE
    _printf_sizespec                         0x00000000   Number         0  stubs.o ABSOLUTE
    _printf_str                              0x00000000   Number         0  stubs.o ABSOLUTE
    _printf_truncate_signed                  0x00000000   Number         0  stubs.o ABSOLUTE
    _printf_truncate_unsigned                0x00000000   Number         0  stubs.o ABSOLUTE
    _printf_u                                0x00000000   Number         0  stubs.o ABSOLUTE
    _printf_wc                               0x00000000   Number         0  stubs.o ABSOLUTE
    _printf_wctomb                           0x00000000   Number         0  stubs.o ABSOLUTE
    _printf_widthprec                        0x00000000   Number         0  stubs.o ABSOLUTE
    _printf_x                                0x00000000   Number         0  stubs.o ABSOLUTE
    __cpp_initialize__aeabi_                  - Undefined Weak Reference
    __cxa_finalize                            - Undefined Weak Reference
    __decompress                              - Undefined Weak Reference
    _clock_init                               - Undefined Weak Reference
    _microlib_exit                            - Undefined Weak Reference
    __Vectors_Size                           0x000000ec   Number         0  startup_stm32f10x_md.o ABSOLUTE
    __Vectors                                0x08000000   Data           4  startup_stm32f10x_md.o(RESET)
    __Vectors_End                            0x080000ec   Data           0  startup_stm32f10x_md.o(RESET)
    __main                                   0x080000ed   Thumb Code     0  entry.o(.ARM.Collect$$$$00000000)
    _main_stk                                0x080000ed   Thumb Code     0  entry2.o(.ARM.Collect$$$$00000001)
    _main_scatterload                        0x080000f1   Thumb Code     0  entry5.o(.ARM.Collect$$$$00000004)
    __main_after_scatterload                 0x080000f5   Thumb Code     0  entry5.o(.ARM.Collect$$$$00000004)
    _main_clock                              0x080000f5   Thumb Code     0  entry7b.o(.ARM.Collect$$$$00000008)
    _main_cpp_init                           0x080000f5   Thumb Code     0  entry8b.o(.ARM.Collect$$$$0000000A)
    _main_init                               0x080000f5   Thumb Code     0  entry9a.o(.ARM.Collect$$$$0000000B)
    __rt_final_cpp                           0x080000fd   Thumb Code     0  entry10a.o(.ARM.Collect$$$$0000000D)
    __rt_final_exit                          0x080000fd   Thumb Code     0  entry11a.o(.ARM.Collect$$$$0000000F)
    Reset_Handler                            0x08000101   Thumb Code     8  startup_stm32f10x_md.o(.text)
    ADC1_2_IRQHandler                        0x0800011b   Thumb Code     0  startup_stm32f10x_md.o(.text)
    CAN1_RX1_IRQHandler                      0x0800011b   Thumb Code     0  startup_stm32f10x_md.o(.text)
    CAN1_SCE_IRQHandler                      0x0800011b   Thumb Code     0  startup_stm32f10x_md.o(.text)
    DMA1_Channel1_IRQHandler                 0x0800011b   Thumb Code     0  startup_stm32f10x_md.o(.text)
    DMA1_Channel2_IRQHandler                 0x0800011b   Thumb Code     0  startup_stm32f10x_md.o(.text)
    DMA1_Channel3_IRQHandler                 0x0800011b   Thumb Code     0  startup_stm32f10x_md.o(.text)
    DMA1_Channel4_IRQHandler                 0x0800011b   Thumb Code     0  startup_stm32f10x_md.o(.text)
    DMA1_Channel5_IRQHandler                 0x0800011b   Thumb Code     0  startup_stm32f10x_md.o(.text)
    DMA1_Channel6_IRQHandler                 0x0800011b   Thumb Code     0  startup_stm32f10x_md.o(.text)
    DMA1_Channel7_IRQHandler                 0x0800011b   Thumb Code     0  startup_stm32f10x_md.o(.text)
    EXTI0_IRQHandler                         0x0800011b   Thumb Code     0  startup_stm32f10x_md.o(.text)
    EXTI15_10_IRQHandler                     0x0800011b   Thumb Code     0  startup_stm32f10x_md.o(.text)
    EXTI1_IRQHandler                         0x0800011b   Thumb Code     0  startup_stm32f10x_md.o(.text)
    EXTI2_IRQHandler                         0x0800011b   Thumb Code     0  startup_stm32f10x_md.o(.text)
    EXTI3_IRQHandler                         0x0800011b   Thumb Code     0  startup_stm32f10x_md.o(.text)
    EXTI4_IRQHandler                         0x0800011b   Thumb Code     0  startup_stm32f10x_md.o(.text)
    EXTI9_5_IRQHandler                       0x0800011b   Thumb Code     0  startup_stm32f10x_md.o(.text)
    FLASH_IRQHandler                         0x0800011b   Thumb Code     0  startup_stm32f10x_md.o(.text)
    I2C1_ER_IRQHandler                       0x0800011b   Thumb Code     0  startup_stm32f10x_md.o(.text)
    I2C1_EV_IRQHandler                       0x0800011b   Thumb Code     0  startup_stm32f10x_md.o(.text)
    I2C2_ER_IRQHandler                       0x0800011b   Thumb Code     0  startup_stm32f10x_md.o(.text)
    I2C2_EV_IRQHandler                       0x0800011b   Thumb Code     0  startup_stm32f10x_md.o(.text)
    PVD_IRQHandler                           0x0800011b   Thumb Code     0  startup_stm32f10x_md.o(.text)
    RCC_IRQHandler                           0x0800011b   Thumb Code     0  startup_stm32f10x_md.o(.text)
    RTCAlarm_IRQHandler                      0x0800011b   Thumb Code     0  startup_stm32f10x_md.o(.text)
    RTC_IRQHandler                           0x0800011b   Thumb Code     0  startup_stm32f10x_md.o(.text)
    SPI1_IRQHandler                          0x0800011b   Thumb Code     0  startup_stm32f10x_md.o(.text)
    SPI2_IRQHandler                          0x0800011b   Thumb Code     0  startup_stm32f10x_md.o(.text)
    TAMPER_IRQHandler                        0x0800011b   Thumb Code     0  startup_stm32f10x_md.o(.text)
    TIM1_BRK_IRQHandler                      0x0800011b   Thumb Code     0  startup_stm32f10x_md.o(.text)
    TIM1_CC_IRQHandler                       0x0800011b   Thumb Code     0  startup_stm32f10x_md.o(.text)
    TIM1_TRG_COM_IRQHandler                  0x0800011b   Thumb Code     0  startup_stm32f10x_md.o(.text)
    TIM1_UP_IRQHandler                       0x0800011b   Thumb Code     0  startup_stm32f10x_md.o(.text)
    TIM3_IRQHandler                          0x0800011b   Thumb Code     0  startup_stm32f10x_md.o(.text)
    TIM4_IRQHandler                          0x0800011b   Thumb Code     0  startup_stm32f10x_md.o(.text)
    USBWakeUp_IRQHandler                     0x0800011b   Thumb Code     0  startup_stm32f10x_md.o(.text)
    USB_HP_CAN1_TX_IRQHandler                0x0800011b   Thumb Code     0  startup_stm32f10x_md.o(.text)
    USB_LP_CAN1_RX0_IRQHandler               0x0800011b   Thumb Code     0  startup_stm32f10x_md.o(.text)
    __aeabi_memcpy                           0x08000125   Thumb Code    36  memcpya.o(.text)
    __aeabi_memcpy4                          0x08000125   Thumb Code     0  memcpya.o(.text)
    __aeabi_memcpy8                          0x08000125   Thumb Code     0  memcpya.o(.text)
    __aeabi_memset                           0x08000149   Thumb Code    14  memseta.o(.text)
    __aeabi_memset4                          0x08000149   Thumb Code     0  memseta.o(.text)
    __aeabi_memset8                          0x08000149   Thumb Code     0  memseta.o(.text)
    __aeabi_memclr                           0x08000157   Thumb Code     4  memseta.o(.text)
    __aeabi_memclr4                          0x08000157   Thumb Code     0  memseta.o(.text)
    __aeabi_memclr8                          0x08000157   Thumb Code     0  memseta.o(.text)
    _memset$wrapper                          0x0800015b   Thumb Code    18  memseta.o(.text)
    __aeabi_uidiv                            0x0800016d   Thumb Code     0  uidiv.o(.text)
    __aeabi_uidivmod                         0x0800016d   Thumb Code    44  uidiv.o(.text)
    __scatterload                            0x08000199   Thumb Code    28  init.o(.text)
    __scatterload_rt2                        0x08000199   Thumb Code     0  init.o(.text)
    ADC_Cmd                                  0x080001bd   Thumb Code    22  stm32f10x_adc.o(i.ADC_Cmd)
    ADC_DeInit                               0x080001d5   Thumb Code    78  stm32f10x_adc.o(i.ADC_DeInit)
    ADC_GetCalibrationStatus                 0x08000231   Thumb Code    20  stm32f10x_adc.o(i.ADC_GetCalibrationStatus)
    ADC_GetResetCalibrationStatus            0x08000245   Thumb Code    20  stm32f10x_adc.o(i.ADC_GetResetCalibrationStatus)
    ADC_Init                                 0x08000259   Thumb Code    70  stm32f10x_adc.o(i.ADC_Init)
    ADC_RegularChannelConfig                 0x080002a9   Thumb Code   184  stm32f10x_adc.o(i.ADC_RegularChannelConfig)
    ADC_ResetCalibration                     0x08000361   Thumb Code    10  stm32f10x_adc.o(i.ADC_ResetCalibration)
    ADC_SoftwareStartConvCmd                 0x0800036b   Thumb Code    22  stm32f10x_adc.o(i.ADC_SoftwareStartConvCmd)
    ADC_StartCalibration                     0x08000381   Thumb Code    10  stm32f10x_adc.o(i.ADC_StartCalibration)
    App_Init                                 0x0800038b   Thumb Code    20  app.o(i.App_Init)
    App_Task                                 0x0800039f   Thumb Code    24  app.o(i.App_Task)
    BusFault_Handler                         0x080003b7   Thumb Code     4  stm32f10x_it.o(i.BusFault_Handler)
    ComToUart                                0x080003bd   Thumb Code    52  bsp_uart_fifo.o(i.ComToUart)
    DebugMon_Handler                         0x08000457   Thumb Code     2  stm32f10x_it.o(i.DebugMon_Handler)
    GPIO_Init                                0x08000459   Thumb Code   274  stm32f10x_gpio.o(i.GPIO_Init)
    GPIO_PinRemapConfig                      0x0800056d   Thumb Code   138  stm32f10x_gpio.o(i.GPIO_PinRemapConfig)
    GPIO_ResetBits                           0x080005fd   Thumb Code     4  stm32f10x_gpio.o(i.GPIO_ResetBits)
    GPIO_SetBits                             0x08000601   Thumb Code     4  stm32f10x_gpio.o(i.GPIO_SetBits)
    HardFault_Handler                        0x08000605   Thumb Code     4  stm32f10x_it.o(i.HardFault_Handler)
    IWDG_Enable                              0x08000609   Thumb Code    10  stm32f10x_iwdg.o(i.IWDG_Enable)
    IWDG_ReloadCounter                       0x08000619   Thumb Code    10  stm32f10x_iwdg.o(i.IWDG_ReloadCounter)
    IWDG_SetPrescaler                        0x08000629   Thumb Code     6  stm32f10x_iwdg.o(i.IWDG_SetPrescaler)
    IWDG_SetReload                           0x08000635   Thumb Code     6  stm32f10x_iwdg.o(i.IWDG_SetReload)
    IWDG_WriteAccessCmd                      0x08000641   Thumb Code     6  stm32f10x_iwdg.o(i.IWDG_WriteAccessCmd)
    Iwdg_Feed                                0x080006e1   Thumb Code     8  bsp_wdg.o(i.Iwdg_Feed)
    MemManage_Handler                        0x080006e9   Thumb Code     4  stm32f10x_it.o(i.MemManage_Handler)
    NMI_Handler                              0x080006ed   Thumb Code     2  stm32f10x_it.o(i.NMI_Handler)
    NVIC_Init                                0x080006f1   Thumb Code   102  misc.o(i.NVIC_Init)
    NVIC_PriorityGroupConfig                 0x08000765   Thumb Code    10  misc.o(i.NVIC_PriorityGroupConfig)
    PendSV_Handler                           0x08000779   Thumb Code     2  stm32f10x_it.o(i.PendSV_Handler)
    RCC_ADCCLKConfig                         0x0800077d   Thumb Code    18  stm32f10x_rcc.o(i.RCC_ADCCLKConfig)
    RCC_APB1PeriphClockCmd                   0x08000795   Thumb Code    26  stm32f10x_rcc.o(i.RCC_APB1PeriphClockCmd)
    RCC_APB1PeriphResetCmd                   0x080007b5   Thumb Code    26  stm32f10x_rcc.o(i.RCC_APB1PeriphResetCmd)
    RCC_APB2PeriphClockCmd                   0x080007d5   Thumb Code    26  stm32f10x_rcc.o(i.RCC_APB2PeriphClockCmd)
    RCC_APB2PeriphResetCmd                   0x080007f5   Thumb Code    26  stm32f10x_rcc.o(i.RCC_APB2PeriphResetCmd)
    RCC_GetClocksFreq                        0x08000815   Thumb Code   192  stm32f10x_rcc.o(i.RCC_GetClocksFreq)
    RCC_GetFlagStatus                        0x080008e9   Thumb Code    56  stm32f10x_rcc.o(i.RCC_GetFlagStatus)
    RCC_LSICmd                               0x08000925   Thumb Code     6  stm32f10x_rcc.o(i.RCC_LSICmd)
    SPI_Cmd                                  0x08000931   Thumb Code    24  stm32f10x_spi.o(i.SPI_Cmd)
    SPI_I2S_GetFlagStatus                    0x08000949   Thumb Code    18  stm32f10x_spi.o(i.SPI_I2S_GetFlagStatus)
    SPI_I2S_SendData                         0x0800095b   Thumb Code     4  stm32f10x_spi.o(i.SPI_I2S_SendData)
    SPI_Init                                 0x0800095f   Thumb Code    60  stm32f10x_spi.o(i.SPI_Init)
    SPI_SSOutputCmd                          0x0800099b   Thumb Code    24  stm32f10x_spi.o(i.SPI_SSOutputCmd)
    SVC_Handler                              0x080009b3   Thumb Code     2  stm32f10x_it.o(i.SVC_Handler)
    SysTick_Handler                          0x08000a99   Thumb Code     8  stm32f10x_it.o(i.SysTick_Handler)
    SysTick_ISR                              0x08000aa1   Thumb Code    36  bsp_timer.o(i.SysTick_ISR)
    SystemInit                               0x08000ad1   Thumb Code    78  system_stm32f10x.o(i.SystemInit)
    TIM2_IRQHandler                          0x08000b31   Thumb Code     8  stm32f10x_it.o(i.TIM2_IRQHandler)
    TIM2_ISR                                 0x08000b39   Thumb Code   350  app_printer.o(i.TIM2_ISR)
    TIM_ClearFlag                            0x08000cad   Thumb Code     6  stm32f10x_tim.o(i.TIM_ClearFlag)
    TIM_ClearITPendingBit                    0x08000cb3   Thumb Code     6  stm32f10x_tim.o(i.TIM_ClearITPendingBit)
    TIM_Cmd                                  0x08000cb9   Thumb Code    24  stm32f10x_tim.o(i.TIM_Cmd)
    TIM_DeInit                               0x08000cd1   Thumb Code   424  stm32f10x_tim.o(i.TIM_DeInit)
    TIM_GetITStatus                          0x08000eb9   Thumb Code    34  stm32f10x_tim.o(i.TIM_GetITStatus)
    TIM_ITConfig                             0x08000edb   Thumb Code    18  stm32f10x_tim.o(i.TIM_ITConfig)
    TIM_InternalClockConfig                  0x08000eed   Thumb Code    12  stm32f10x_tim.o(i.TIM_InternalClockConfig)
    TIM_SetAutoreload                        0x08000ef9   Thumb Code     4  stm32f10x_tim.o(i.TIM_SetAutoreload)
    TIM_SetCounter                           0x08000efd   Thumb Code     4  stm32f10x_tim.o(i.TIM_SetCounter)
    TIM_TimeBaseInit                         0x08000f01   Thumb Code   122  stm32f10x_tim.o(i.TIM_TimeBaseInit)
    USART1_IRQHandler                        0x08000fa5   Thumb Code    10  bsp_uart_fifo.o(i.USART1_IRQHandler)
    USART1_Tx_Chars                          0x08000fb5   Thumb Code    70  app_uart.o(i.USART1_Tx_Chars)
    USART2_IRQHandler                        0x08000ffd   Thumb Code    10  bsp_uart_fifo.o(i.USART2_IRQHandler)
    USART3_IRQHandler                        0x0800100d   Thumb Code    10  bsp_uart_fifo.o(i.USART3_IRQHandler)
    USART_ClearFlag                          0x0800101d   Thumb Code    18  stm32f10x_usart.o(i.USART_ClearFlag)
    USART_ClockInit                          0x0800102f   Thumb Code    34  stm32f10x_usart.o(i.USART_ClockInit)
    USART_Cmd                                0x08001051   Thumb Code    24  stm32f10x_usart.o(i.USART_Cmd)
    USART_GetFlagStatus                      0x08001069   Thumb Code    26  stm32f10x_usart.o(i.USART_GetFlagStatus)
    USART_GetITStatus                        0x08001083   Thumb Code    84  stm32f10x_usart.o(i.USART_GetITStatus)
    USART_ITConfig                           0x080010d7   Thumb Code    74  stm32f10x_usart.o(i.USART_ITConfig)
    USART_Init                               0x08001121   Thumb Code   210  stm32f10x_usart.o(i.USART_Init)
    USART_ReceiveData                        0x080011f9   Thumb Code    10  stm32f10x_usart.o(i.USART_ReceiveData)
    USART_SendData                           0x08001203   Thumb Code     8  stm32f10x_usart.o(i.USART_SendData)
    USART_SetGuardTime                       0x0800120b   Thumb Code    16  stm32f10x_usart.o(i.USART_SetGuardTime)
    USART_SetPrescaler                       0x0800121b   Thumb Code    16  stm32f10x_usart.o(i.USART_SetPrescaler)
    USART_SmartCardCmd                       0x0800122b   Thumb Code    24  stm32f10x_usart.o(i.USART_SmartCardCmd)
    USART_SmartCardNACKCmd                   0x08001243   Thumb Code    24  stm32f10x_usart.o(i.USART_SmartCardNACKCmd)
    UsageFault_Handler                       0x080014b1   Thumb Code     4  stm32f10x_it.o(i.UsageFault_Handler)
    WWDG_ClearFlag                           0x080014b5   Thumb Code     8  stm32f10x_wwdg.o(i.WWDG_ClearFlag)
    WWDG_IRQHandler                          0x080014c1   Thumb Code     8  stm32f10x_it.o(i.WWDG_IRQHandler)
    WWDG_SetCounter                          0x080014c9   Thumb Code    10  stm32f10x_wwdg.o(i.WWDG_SetCounter)
    Wwdg_Feed                                0x080014d9   Thumb Code    10  bsp_wdg.o(i.Wwdg_Feed)
    Wwdg_ISR                                 0x080014e5   Thumb Code    18  bsp_wdg.o(i.Wwdg_ISR)
    __0printf$1                              0x0800150d   Thumb Code    22  printf1.o(i.__0printf$1)
    __1printf$1                              0x0800150d   Thumb Code     0  printf1.o(i.__0printf$1)
    __2printf                                0x0800150d   Thumb Code     0  printf1.o(i.__0printf$1)
    __scatterload_copy                       0x0800152d   Thumb Code    14  handlers.o(i.__scatterload_copy)
    __scatterload_null                       0x0800153b   Thumb Code     2  handlers.o(i.__scatterload_null)
    __scatterload_zeroinit                   0x0800153d   Thumb Code    14  handlers.o(i.__scatterload_zeroinit)
    bsp_DelayUS                              0x080016a5   Thumb Code    76  bsp_timer.o(i.bsp_DelayUS)
    bsp_Idle                                 0x080016f9   Thumb Code     8  bsp.o(i.bsp_Idle)
    bsp_Init                                 0x08001701   Thumb Code    32  bsp.o(i.bsp_Init)
    bsp_InitAdc                              0x08001721   Thumb Code   160  bsp_adc.o(i.bsp_InitAdc)
    bsp_InitTimer                            0x080017fd   Thumb Code    84  bsp_timer.o(i.bsp_InitTimer)
    bsp_InitUart                             0x0800185d   Thumb Code    16  bsp_uart_fifo.o(i.bsp_InitUart)
    bsp_InitWdg                              0x0800186d   Thumb Code     8  bsp_wdg.o(i.bsp_InitWdg)
    comGetChar                               0x08001a79   Thumb Code    30  bsp_uart_fifo.o(i.comGetChar)
    comSendBuf                               0x08001a97   Thumb Code    46  bsp_uart_fifo.o(i.comSendBuf)
    comSendChar                              0x08001ac5   Thumb Code    16  bsp_uart_fifo.o(i.comSendChar)
    esam8810_CMD_DEAL                        0x08001ad5   Thumb Code    94  app_esam8810.o(i.esam8810_CMD_DEAL)
    esam8810_Init                            0x08001b39   Thumb Code   262  app_esam8810.o(i.esam8810_Init)
    esam8810_SERVER_TASK                     0x08001c49   Thumb Code    50  app_esam8810.o(i.esam8810_SERVER_TASK)
    fputc                                    0x08001d1d   Thumb Code    32  bsp_uart_fifo.o(i.fputc)
    main                                     0x08001e97   Thumb Code    20  main.o(i.main)
    pa1100_CMD_DEAL                          0x08001ead   Thumb Code    90  app_pa1100.o(i.pa1100_CMD_DEAL)
    pa1100_Init                              0x08001f0d   Thumb Code    42  app_pa1100.o(i.pa1100_Init)
    pa1100_SERVER_TASK                       0x08001f3d   Thumb Code   224  app_pa1100.o(i.pa1100_SERVER_TASK)
    printer_CMD_DEAL                         0x08002125   Thumb Code   492  app_printer.o(i.printer_CMD_DEAL)
    printer_Init                             0x08002325   Thumb Code   650  app_printer.o(i.printer_Init)
    printer_SERVER_TASK                      0x080025c9   Thumb Code   242  app_printer.o(i.printer_SERVER_TASK)
    psam_card_CMD_DEAL                       0x08003201   Thumb Code    94  app_psam_card.o(i.psam_card_CMD_DEAL)
    psam_card_Init                           0x08003265   Thumb Code   268  app_psam_card.o(i.psam_card_Init)
    psam_card_SERVER_TASK                    0x08003379   Thumb Code    50  app_psam_card.o(i.psam_card_SERVER_TASK)
    psam_card_rcv                            0x080033b9   Thumb Code    88  app_psam_card.o(i.psam_card_rcv)
    uart_SERVER_TASK                         0x0800351d   Thumb Code   260  app_uart.o(i.uart_SERVER_TASK)
    ZIMO_000                                 0x08003630   Data        1152  app_printer.o(.constdata)
    ZIMO_001                                 0x08003ab0   Data       38400  app_printer.o(.constdata)
    ZIMO_002                                 0x0800d0b0   Data        1536  app_printer.o(.constdata)
    reload_time                              0x0800d6b0   Data          56  app_printer.o(.constdata)
    Region$$Table$$Base                      0x0800d6e8   Number         0  anon$$obj.o(Region$$Table)
    Region$$Table$$Limit                     0x0800d708   Number         0  anon$$obj.o(Region$$Table)
    SystemCoreClock                          0x20000014   Data           4  system_stm32f10x.o(.data)
    AHBPrescTable                            0x20000018   Data          16  system_stm32f10x.o(.data)
    Sys_Time                                 0x20000028   Data           4  bsp_timer.o(.data)
    Print_Buf_Mark                           0x20000058   Data           1  app_printer.o(.data)
    last_package_mark                        0x20000072   Data           1  app_printer.o(.data)
    __stdout                                 0x20000098   Data           4  stdout.o(.data)
    Usart1_Txd_Tempdata                      0x20003d14   Data         500  app_uart.o(.bss)
    printer_buf                              0x20003f08   Data        1154  app_printer.o(.bss)
    printer_buf_temp                         0x2000438a   Data        1154  app_printer.o(.bss)
    __initial_sp                             0x20004c10   Data           0  startup_stm32f10x_md.o(STACK)



==============================================================================

Memory Map of the image

  Image Entry point : 0x080000ed

  Load Region LR_IROM1 (Base: 0x08000000, Size: 0x0000d7a4, Max: 0x00040000, ABSOLUTE)

    Execution Region ER_IROM1 (Base: 0x08000000, Size: 0x0000d708, Max: 0x00040000, ABSOLUTE)

    Base Addr    Size         Type   Attr      Idx    E Section Name        Object

    0x08000000   0x000000ec   Data   RO         3373    RESET               startup_stm32f10x_md.o
    0x080000ec   0x00000000   Code   RO         3989  * .ARM.Collect$$$$00000000  mc_w.l(entry.o)
    0x080000ec   0x00000004   Code   RO         4259    .ARM.Collect$$$$00000001  mc_w.l(entry2.o)
    0x080000f0   0x00000004   Code   RO         4262    .ARM.Collect$$$$00000004  mc_w.l(entry5.o)
    0x080000f4   0x00000000   Code   RO         4264    .ARM.Collect$$$$00000008  mc_w.l(entry7b.o)
    0x080000f4   0x00000000   Code   RO         4266    .ARM.Collect$$$$0000000A  mc_w.l(entry8b.o)
    0x080000f4   0x00000008   Code   RO         4267    .ARM.Collect$$$$0000000B  mc_w.l(entry9a.o)
    0x080000fc   0x00000000   Code   RO         4269    .ARM.Collect$$$$0000000D  mc_w.l(entry10a.o)
    0x080000fc   0x00000000   Code   RO         4271    .ARM.Collect$$$$0000000F  mc_w.l(entry11a.o)
    0x080000fc   0x00000004   Code   RO         4260    .ARM.Collect$$$$00002712  mc_w.l(entry2.o)
    0x08000100   0x00000024   Code   RO         3374    .text               startup_stm32f10x_md.o
    0x08000124   0x00000024   Code   RO         3992    .text               mc_w.l(memcpya.o)
    0x08000148   0x00000024   Code   RO         3994    .text               mc_w.l(memseta.o)
    0x0800016c   0x0000002c   Code   RO         4274    .text               mc_w.l(uidiv.o)
    0x08000198   0x00000024   Code   RO         4289    .text               mc_w.l(init.o)
    0x080001bc   0x00000016   Code   RO         1645    i.ADC_Cmd           stm32f10x_adc.o
    0x080001d2   0x00000002   PAD
    0x080001d4   0x0000005c   Code   RO         1647    i.ADC_DeInit        stm32f10x_adc.o
    0x08000230   0x00000014   Code   RO         1653    i.ADC_GetCalibrationStatus  stm32f10x_adc.o
    0x08000244   0x00000014   Code   RO         1659    i.ADC_GetResetCalibrationStatus  stm32f10x_adc.o
    0x08000258   0x00000050   Code   RO         1663    i.ADC_Init          stm32f10x_adc.o
    0x080002a8   0x000000b8   Code   RO         1667    i.ADC_RegularChannelConfig  stm32f10x_adc.o
    0x08000360   0x0000000a   Code   RO         1668    i.ADC_ResetCalibration  stm32f10x_adc.o
    0x0800036a   0x00000016   Code   RO         1670    i.ADC_SoftwareStartConvCmd  stm32f10x_adc.o
    0x08000380   0x0000000a   Code   RO         1672    i.ADC_StartCalibration  stm32f10x_adc.o
    0x0800038a   0x00000014   Code   RO         3673    i.App_Init          app.o
    0x0800039e   0x00000018   Code   RO         3674    i.App_Task          app.o
    0x080003b6   0x00000004   Code   RO            1    i.BusFault_Handler  stm32f10x_it.o
    0x080003ba   0x00000002   PAD
    0x080003bc   0x00000040   Code   RO         3534    i.ComToUart         bsp_uart_fifo.o
    0x080003fc   0x0000005a   Code   RO         3535    i.ConfigUartNVIC    bsp_uart_fifo.o
    0x08000456   0x00000002   Code   RO            2    i.DebugMon_Handler  stm32f10x_it.o
    0x08000458   0x00000112   Code   RO          505    i.GPIO_Init         stm32f10x_gpio.o
    0x0800056a   0x00000002   PAD
    0x0800056c   0x00000090   Code   RO          507    i.GPIO_PinRemapConfig  stm32f10x_gpio.o
    0x080005fc   0x00000004   Code   RO          512    i.GPIO_ResetBits    stm32f10x_gpio.o
    0x08000600   0x00000004   Code   RO          513    i.GPIO_SetBits      stm32f10x_gpio.o
    0x08000604   0x00000004   Code   RO            3    i.HardFault_Handler  stm32f10x_it.o
    0x08000608   0x00000010   Code   RO         2517    i.IWDG_Enable       stm32f10x_iwdg.o
    0x08000618   0x00000010   Code   RO         2519    i.IWDG_ReloadCounter  stm32f10x_iwdg.o
    0x08000628   0x0000000c   Code   RO         2520    i.IWDG_SetPrescaler  stm32f10x_iwdg.o
    0x08000634   0x0000000c   Code   RO         2521    i.IWDG_SetReload    stm32f10x_iwdg.o
    0x08000640   0x0000000c   Code   RO         2522    i.IWDG_WriteAccessCmd  stm32f10x_iwdg.o
    0x0800064c   0x00000094   Code   RO         3536    i.InitHardUart      bsp_uart_fifo.o
    0x080006e0   0x00000008   Code   RO         3378    i.Iwdg_Feed         bsp_wdg.o
    0x080006e8   0x00000004   Code   RO            4    i.MemManage_Handler  stm32f10x_it.o
    0x080006ec   0x00000002   Code   RO            5    i.NMI_Handler       stm32f10x_it.o
    0x080006ee   0x00000002   PAD
    0x080006f0   0x00000074   Code   RO          619    i.NVIC_Init         misc.o
    0x08000764   0x00000014   Code   RO          620    i.NVIC_PriorityGroupConfig  misc.o
    0x08000778   0x00000002   Code   RO            6    i.PendSV_Handler    stm32f10x_it.o
    0x0800077a   0x00000002   PAD
    0x0800077c   0x00000018   Code   RO          223    i.RCC_ADCCLKConfig  stm32f10x_rcc.o
    0x08000794   0x00000020   Code   RO          225    i.RCC_APB1PeriphClockCmd  stm32f10x_rcc.o
    0x080007b4   0x00000020   Code   RO          226    i.RCC_APB1PeriphResetCmd  stm32f10x_rcc.o
    0x080007d4   0x00000020   Code   RO          227    i.RCC_APB2PeriphClockCmd  stm32f10x_rcc.o
    0x080007f4   0x00000020   Code   RO          228    i.RCC_APB2PeriphResetCmd  stm32f10x_rcc.o
    0x08000814   0x000000d4   Code   RO          235    i.RCC_GetClocksFreq  stm32f10x_rcc.o
    0x080008e8   0x0000003c   Code   RO          236    i.RCC_GetFlagStatus  stm32f10x_rcc.o
    0x08000924   0x0000000c   Code   RO          244    i.RCC_LSICmd        stm32f10x_rcc.o
    0x08000930   0x00000018   Code   RO          720    i.SPI_Cmd           stm32f10x_spi.o
    0x08000948   0x00000012   Code   RO          728    i.SPI_I2S_GetFlagStatus  stm32f10x_spi.o
    0x0800095a   0x00000004   Code   RO          732    i.SPI_I2S_SendData  stm32f10x_spi.o
    0x0800095e   0x0000003c   Code   RO          733    i.SPI_Init          stm32f10x_spi.o
    0x0800099a   0x00000018   Code   RO          735    i.SPI_SSOutputCmd   stm32f10x_spi.o
    0x080009b2   0x00000002   Code   RO            7    i.SVC_Handler       stm32f10x_it.o
    0x080009b4   0x00000008   Code   RO         3325    i.SetSysClock       system_stm32f10x.o
    0x080009bc   0x000000dc   Code   RO         3326    i.SetSysClockTo72   system_stm32f10x.o
    0x08000a98   0x00000008   Code   RO            8    i.SysTick_Handler   stm32f10x_it.o
    0x08000aa0   0x00000030   Code   RO         3473    i.SysTick_ISR       bsp_timer.o
    0x08000ad0   0x00000060   Code   RO         3328    i.SystemInit        system_stm32f10x.o
    0x08000b30   0x00000008   Code   RO            9    i.TIM2_IRQHandler   stm32f10x_it.o
    0x08000b38   0x00000174   Code   RO         3753    i.TIM2_ISR          app_printer.o
    0x08000cac   0x00000006   Code   RO         2719    i.TIM_ClearFlag     stm32f10x_tim.o
    0x08000cb2   0x00000006   Code   RO         2720    i.TIM_ClearITPendingBit  stm32f10x_tim.o
    0x08000cb8   0x00000018   Code   RO         2725    i.TIM_Cmd           stm32f10x_tim.o
    0x08000cd0   0x000001e8   Code   RO         2730    i.TIM_DeInit        stm32f10x_tim.o
    0x08000eb8   0x00000022   Code   RO         2746    i.TIM_GetITStatus   stm32f10x_tim.o
    0x08000eda   0x00000012   Code   RO         2750    i.TIM_ITConfig      stm32f10x_tim.o
    0x08000eec   0x0000000c   Code   RO         2752    i.TIM_InternalClockConfig  stm32f10x_tim.o
    0x08000ef8   0x00000004   Code   RO         2784    i.TIM_SetAutoreload  stm32f10x_tim.o
    0x08000efc   0x00000004   Code   RO         2790    i.TIM_SetCounter    stm32f10x_tim.o
    0x08000f00   0x000000a4   Code   RO         2796    i.TIM_TimeBaseInit  stm32f10x_tim.o
    0x08000fa4   0x00000010   Code   RO         3537    i.USART1_IRQHandler  bsp_uart_fifo.o
    0x08000fb4   0x00000046   Code   RO         3718    i.USART1_Tx_Chars   app_uart.o
    0x08000ffa   0x00000002   PAD
    0x08000ffc   0x00000010   Code   RO         3538    i.USART2_IRQHandler  bsp_uart_fifo.o
    0x0800100c   0x00000010   Code   RO         3539    i.USART3_IRQHandler  bsp_uart_fifo.o
    0x0800101c   0x00000012   Code   RO          985    i.USART_ClearFlag   stm32f10x_usart.o
    0x0800102e   0x00000022   Code   RO          987    i.USART_ClockInit   stm32f10x_usart.o
    0x08001050   0x00000018   Code   RO          989    i.USART_Cmd         stm32f10x_usart.o
    0x08001068   0x0000001a   Code   RO          992    i.USART_GetFlagStatus  stm32f10x_usart.o
    0x08001082   0x00000054   Code   RO          993    i.USART_GetITStatus  stm32f10x_usart.o
    0x080010d6   0x0000004a   Code   RO          995    i.USART_ITConfig    stm32f10x_usart.o
    0x08001120   0x000000d8   Code   RO          996    i.USART_Init        stm32f10x_usart.o
    0x080011f8   0x0000000a   Code   RO         1003    i.USART_ReceiveData  stm32f10x_usart.o
    0x08001202   0x00000008   Code   RO         1006    i.USART_SendData    stm32f10x_usart.o
    0x0800120a   0x00000010   Code   RO         1008    i.USART_SetGuardTime  stm32f10x_usart.o
    0x0800121a   0x00000010   Code   RO         1009    i.USART_SetPrescaler  stm32f10x_usart.o
    0x0800122a   0x00000018   Code   RO         1010    i.USART_SmartCardCmd  stm32f10x_usart.o
    0x08001242   0x00000018   Code   RO         1011    i.USART_SmartCardNACKCmd  stm32f10x_usart.o
    0x0800125a   0x0000004a   Code   RO         3542    i.UartGetChar       bsp_uart_fifo.o
    0x080012a4   0x000000e6   Code   RO         3543    i.UartIRQ           bsp_uart_fifo.o
    0x0800138a   0x00000072   Code   RO         3544    i.UartSend          bsp_uart_fifo.o
    0x080013fc   0x000000b4   Code   RO         3545    i.UartVarInit       bsp_uart_fifo.o
    0x080014b0   0x00000004   Code   RO           10    i.UsageFault_Handler  stm32f10x_it.o
    0x080014b4   0x0000000c   Code   RO         3260    i.WWDG_ClearFlag    stm32f10x_wwdg.o
    0x080014c0   0x00000008   Code   RO           11    i.WWDG_IRQHandler   stm32f10x_it.o
    0x080014c8   0x00000010   Code   RO         3265    i.WWDG_SetCounter   stm32f10x_wwdg.o
    0x080014d8   0x0000000a   Code   RO         3379    i.Wwdg_Feed         bsp_wdg.o
    0x080014e2   0x00000002   PAD
    0x080014e4   0x00000028   Code   RO         3380    i.Wwdg_ISR          bsp_wdg.o
    0x0800150c   0x00000020   Code   RO         4043    i.__0printf$1       mc_w.l(printf1.o)
    0x0800152c   0x0000000e   Code   RO         4301    i.__scatterload_copy  mc_w.l(handlers.o)
    0x0800153a   0x00000002   Code   RO         4302    i.__scatterload_null  mc_w.l(handlers.o)
    0x0800153c   0x0000000e   Code   RO         4303    i.__scatterload_zeroinit  mc_w.l(handlers.o)
    0x0800154a   0x00000006   Code   RO         3546    i.__set_PRIMASK     bsp_uart_fifo.o
    0x08001550   0x00000154   Code   RO         4050    i._printf_core      mc_w.l(printf1.o)
    0x080016a4   0x00000054   Code   RO         3476    i.bsp_DelayUS       bsp_timer.o
    0x080016f8   0x00000008   Code   RO         3444    i.bsp_Idle          bsp.o
    0x08001700   0x00000020   Code   RO         3445    i.bsp_Init          bsp.o
    0x08001720   0x000000a8   Code   RO         3661    i.bsp_InitAdc       bsp_adc.o
    0x080017c8   0x00000034   Code   RO         3382    i.bsp_InitIwdg      bsp_wdg.o
    0x080017fc   0x00000060   Code   RO         3478    i.bsp_InitTimer     bsp_timer.o
    0x0800185c   0x00000010   Code   RO         3547    i.bsp_InitUart      bsp_uart_fifo.o
    0x0800186c   0x00000008   Code   RO         3383    i.bsp_InitWdg       bsp_wdg.o
    0x08001874   0x00000002   Code   RO         3446    i.bsp_rcc_init      bsp.o
    0x08001876   0x00000002   PAD
    0x08001878   0x0000002c   Code   RO         3848    i.ceshi             app_esam8810.o
    0x080018a4   0x0000002c   Code   RO         3888    i.ceshi             app_psam_card.o
    0x080018d0   0x000000b4   Code   RO         3929    i.ceshi             app_pa1100.o
    0x08001984   0x00000030   Code   RO         3754    i.check_to_print    app_printer.o
    0x080019b4   0x000000c4   Code   RO         3719    i.checkout_cmd      app_uart.o
    0x08001a78   0x0000001e   Code   RO         3550    i.comGetChar        bsp_uart_fifo.o
    0x08001a96   0x0000002e   Code   RO         3551    i.comSendBuf        bsp_uart_fifo.o
    0x08001ac4   0x00000010   Code   RO         3552    i.comSendChar       bsp_uart_fifo.o
    0x08001ad4   0x00000064   Code   RO         3849    i.esam8810_CMD_DEAL  app_esam8810.o
    0x08001b38   0x00000110   Code   RO         3850    i.esam8810_Init     app_esam8810.o
    0x08001c48   0x00000040   Code   RO         3851    i.esam8810_SERVER_TASK  app_esam8810.o
    0x08001c88   0x00000060   Code   RO         3852    i.esam8810_rcv      app_esam8810.o
    0x08001ce8   0x00000034   Code   RO         3853    i.esam8810_rst      app_esam8810.o
    0x08001d1c   0x00000024   Code   RO         3554    i.fputc             bsp_uart_fifo.o
    0x08001d40   0x000000e6   Code   RO         3755    i.get_print_mode    app_printer.o
    0x08001e26   0x00000002   PAD
    0x08001e28   0x00000018   Code   RO         3930    i.is_detect_down    app_pa1100.o
    0x08001e40   0x00000018   Code   RO         3756    i.is_detect_ok      app_printer.o
    0x08001e58   0x0000003e   Code   RO         3720    i.judge_cmd_correct  app_uart.o
    0x08001e96   0x00000014   Code   RO          208    i.main              main.o
    0x08001eaa   0x00000002   PAD
    0x08001eac   0x00000060   Code   RO         3931    i.pa1100_CMD_DEAL   app_pa1100.o
    0x08001f0c   0x00000030   Code   RO         3932    i.pa1100_Init       app_pa1100.o
    0x08001f3c   0x000000f0   Code   RO         3933    i.pa1100_SERVER_TASK  app_pa1100.o
    0x0800202c   0x0000001e   Code   RO         3934    i.pa1100_read_data  app_pa1100.o
    0x0800204a   0x00000002   PAD
    0x0800204c   0x000000d8   Code   RO         3935    i.pa1100_rst        app_pa1100.o
    0x08002124   0x00000200   Code   RO         3757    i.printer_CMD_DEAL  app_printer.o
    0x08002324   0x000002a4   Code   RO         3758    i.printer_Init      app_printer.o
    0x080025c8   0x0000011c   Code   RO         3759    i.printer_SERVER_TASK  app_printer.o
    0x080026e4   0x0000006c   Code   RO         3760    i.printer_data_out  app_printer.o
    0x08002750   0x00000080   Code   RO         3761    i.printer_heat      app_printer.o
    0x080027d0   0x000000a0   Code   RO         3762    i.printer_moter_cut_feed  app_printer.o
    0x08002870   0x00000100   Code   RO         3763    i.printer_moter_step  app_printer.o
    0x08002970   0x0000041c   Code   RO         3764    i.printer_start     app_printer.o
    0x08002d8c   0x00000410   Code   RO         3765    i.printer_start_ceshi  app_printer.o
    0x0800319c   0x00000040   Code   RO         3766    i.printer_stop      app_printer.o
    0x080031dc   0x00000024   Code   RO         3767    i.printer_stop_ceshi  app_printer.o
    0x08003200   0x00000064   Code   RO         3889    i.psam_card_CMD_DEAL  app_psam_card.o
    0x08003264   0x00000114   Code   RO         3890    i.psam_card_Init    app_psam_card.o
    0x08003378   0x00000040   Code   RO         3891    i.psam_card_SERVER_TASK  app_psam_card.o
    0x080033b8   0x00000060   Code   RO         3892    i.psam_card_rcv     app_psam_card.o
    0x08003418   0x0000003c   Code   RO         3893    i.psam_card_rst     app_psam_card.o
    0x08003454   0x00000024   Code   RO         3936    i.set_mosi_ipu      app_pa1100.o
    0x08003478   0x00000024   Code   RO         3937    i.set_mosi_out_pp   app_pa1100.o
    0x0800349c   0x00000030   Code   RO         3768    i.set_tim_reload    app_printer.o
    0x080034cc   0x00000050   Code   RO         3938    i.spi_read_byte     app_pa1100.o
    0x0800351c   0x00000114   Code   RO         3721    i.uart_SERVER_TASK  app_uart.o
    0x08003630   0x0000a0b8   Data   RO         3770    .constdata          app_printer.o
    0x0800d6e8   0x00000020   Data   RO         4299    Region$$Table       anon$$obj.o


    Execution Region RW_IRAM1 (Base: 0x20000000, Size: 0x00004c10, Max: 0x0000c000, ABSOLUTE)

    Base Addr    Size         Type   Attr      Idx    E Section Name        Object

    0x20000000   0x00000014   Data   RW          255    .data               stm32f10x_rcc.o
    0x20000014   0x00000014   Data   RW         3329    .data               system_stm32f10x.o
    0x20000028   0x00000028   Data   RW         3479    .data               bsp_timer.o
    0x20000050   0x00000005   Data   RW         3723    .data               app_uart.o
    0x20000055   0x00000003   PAD
    0x20000058   0x0000001c   Data   RW         3771    .data               app_printer.o
    0x20000074   0x0000000c   Data   RW         3854    .data               app_esam8810.o
    0x20000080   0x0000000c   Data   RW         3894    .data               app_psam_card.o
    0x2000008c   0x0000000c   Data   RW         3939    .data               app_pa1100.o
    0x20000098   0x00000004   Data   RW         4273    .data               mc_w.l(stdout.o)
    0x2000009c   0x00002878   Zero   RW         3555    .bss                bsp_uart_fifo.o
    0x20002914   0x000015f4   Zero   RW         3722    .bss                app_uart.o
    0x20003f08   0x00000904   Zero   RW         3769    .bss                app_printer.o
    0x2000480c   0x00000004   PAD
    0x20004810   0x00000400   Zero   RW         3371    STACK               startup_stm32f10x_md.o


==============================================================================

Image component sizes


      Code (inc. data)   RO Data    RW Data    ZI Data      Debug   Object Name

        44          0          0          0          0        854   app.o
       628         46          0         12          0       4679   app_esam8810.o
       986         66          0         12          0       6465   app_pa1100.o
      5038        278      41144         28       2308      17710   app_printer.o
       640         46          0         12          0       5034   app_psam_card.o
       604         22          0          5       5620       3227   app_uart.o
        42          0          0          0          0       1210   bsp.o
       168          8          0          0          0        610   bsp_adc.o
       228         32          0         40          0      18646   bsp_timer.o
      1098         92          0          0      10360       9219   bsp_uart_fifo.o
       118         22          0          0          0      18480   bsp_wdg.o
         0          0          0          0          0         32   core_cm3.o
        20          0          0          0          0        419   main.o
       136         24          0          0          0       3519   misc.o
        36          8        236          0       1024        896   startup_stm32f10x_md.o
       460         24          0          0          0      16997   stm32f10x_adc.o
       426          6          0          0          0      21438   stm32f10x_gpio.o
        48          0          0          0          0      51478   stm32f10x_it.o
        68         30          0          0          0       2682   stm32f10x_iwdg.o
       436         60          0         20          0     218436   stm32f10x_rcc.o
       130          0          0          0          0      11166   stm32f10x_spi.o
       760        106          0          0          0      27430   stm32f10x_tim.o
       574          6          0          0          0      16337   stm32f10x_usart.o
        28         10          0          0          0       1055   stm32f10x_wwdg.o
       324         26          0         20          0      13009   system_stm32f10x.o

    ----------------------------------------------------------------------
     13062        912      41412        152      19316     471028   Object Totals
         0          0         32          0          0          0   (incl. Generated)
        22          0          0          3          4          0   (incl. Padding)

    ----------------------------------------------------------------------

      Code (inc. data)   RO Data    RW Data    ZI Data      Debug   Library Member Name

         0          0          0          0          0          0   entry.o
         0          0          0          0          0          0   entry10a.o
         0          0          0          0          0          0   entry11a.o
         8          4          0          0          0          0   entry2.o
         4          0          0          0          0          0   entry5.o
         0          0          0          0          0          0   entry7b.o
         0          0          0          0          0          0   entry8b.o
         8          4          0          0          0          0   entry9a.o
        30          0          0          0          0          0   handlers.o
        36          8          0          0          0         68   init.o
        36          0          0          0          0         68   memcpya.o
        36          0          0          0          0        108   memseta.o
       372         16          0          0          0        180   printf1.o
         0          0          0          4          0          0   stdout.o
        44          0          0          0          0         80   uidiv.o

    ----------------------------------------------------------------------
       574         32          0          4          0        504   Library Totals
         0          0          0          0          0          0   (incl. Padding)

    ----------------------------------------------------------------------

      Code (inc. data)   RO Data    RW Data    ZI Data      Debug   Library Name

       574         32          0          4          0        504   mc_w.l

    ----------------------------------------------------------------------
       574         32          0          4          0        504   Library Totals

    ----------------------------------------------------------------------

==============================================================================


      Code (inc. data)   RO Data    RW Data    ZI Data      Debug   

     13636        944      41412        156      19316     463940   Grand Totals
     13636        944      41412        156      19316     463940   ELF Image Totals
     13636        944      41412        156          0          0   ROM Totals

==============================================================================

    Total RO  Size (Code + RO Data)                55048 (  53.76kB)
    Total RW  Size (RW Data + ZI Data)             19472 (  19.02kB)
    Total ROM Size (Code + RO Data + RW Data)      55204 (  53.91kB)

==============================================================================

