<html>
<body>
<pre>
<h1>µVision Build Log</h1>
<h2>Project:</h2>
F:\STM32 Projects\stm32f103rbt6-weipass2\Project\STM32F10x_StdPeriph_Template\MDK-ARM\Project.uvproj
Project File Date:  05/15/2014

<h2>Output:</h2>
Build target 'STM32100E-EVAL'
compiling app_pa1100.c...
linking...
Program Size: Code=10428 RO-data=1420 RW-data=196 ZI-data=8788  
FromELF: creating hex file...
".\output\outptu.axf" - 0 Error(s), 0 Warning(s).
Load "F:\\STM32 Projects\\stm32f103rbt6-weipass2\\Project\\STM32F10x_StdPeriph_Template\\MDK-ARM\\output\\outptu.axf" 
Erase Done.
Programming Done.
Verify OK.
Build target 'STM32100E-EVAL'
compiling app_pa1100.c...
linking...
Program Size: Code=10440 RO-data=1420 RW-data=196 ZI-data=8788  
FromELF: creating hex file...
".\output\outptu.axf" - 0 Error(s), 0 Warning(s).
Load "F:\\STM32 Projects\\stm32f103rbt6-weipass2\\Project\\STM32F10x_StdPeriph_Template\\MDK-ARM\\output\\outptu.axf" 
Erase Done.
Programming Done.
Verify OK.
Build target 'STM32100E-EVAL'
compiling app_pa1100.c...
linking...
Program Size: Code=10460 RO-data=1420 RW-data=196 ZI-data=8788  
FromELF: creating hex file...
".\output\outptu.axf" - 0 Error(s), 0 Warning(s).
Load "F:\\STM32 Projects\\stm32f103rbt6-weipass2\\Project\\STM32F10x_StdPeriph_Template\\MDK-ARM\\output\\outptu.axf" 
Erase Done.
Programming Done.
Verify OK.
Build target 'STM32100E-EVAL'
compiling app_pa1100.c...
linking...
Program Size: Code=10460 RO-data=1420 RW-data=196 ZI-data=8788  
FromELF: creating hex file...
".\output\outptu.axf" - 0 Error(s), 0 Warning(s).
Load "F:\\STM32 Projects\\stm32f103rbt6-weipass2\\Project\\STM32F10x_StdPeriph_Template\\MDK-ARM\\output\\outptu.axf" 
Erase Done.
Programming Done.
Verify OK.
Build target 'STM32100E-EVAL'
compiling app_pa1100.c...
linking...
Program Size: Code=10460 RO-data=1420 RW-data=196 ZI-data=8788  
FromELF: creating hex file...
".\output\outptu.axf" - 0 Error(s), 0 Warning(s).
Load "F:\\STM32 Projects\\stm32f103rbt6-weipass2\\Project\\STM32F10x_StdPeriph_Template\\MDK-ARM\\output\\outptu.axf" 
Erase Done.
Programming Done.
Verify OK.
Build target 'STM32100E-EVAL'
compiling app_pa1100.c...
linking...
Program Size: Code=10460 RO-data=1420 RW-data=196 ZI-data=8788  
FromELF: creating hex file...
".\output\outptu.axf" - 0 Error(s), 0 Warning(s).
Rebuild target 'STM32100E-EVAL'
compiling stm32f10x_it.c...
compiling main.c...
compiling stm32f10x_rcc.c...
compiling stm32f10x_gpio.c...
compiling misc.c...
compiling stm32f10x_exti.c...
compiling stm32f10x_spi.c...
compiling stm32f10x_fsmc.c...
compiling stm32f10x_usart.c...
compiling stm32f10x_sdio.c...
compiling stm32f10x_dma.c...
compiling stm32f10x_i2c.c...
compiling stm32f10x_adc.c...
compiling stm32f10x_bkp.c...
compiling stm32f10x_can.c...
compiling stm32f10x_cec.c...
compiling stm32f10x_crc.c...
compiling stm32f10x_dac.c...
compiling stm32f10x_dbgmcu.c...
compiling stm32f10x_flash.c...
compiling stm32f10x_iwdg.c...
compiling stm32f10x_pwr.c...
compiling stm32f10x_rtc.c...
compiling stm32f10x_tim.c...
compiling stm32f10x_wwdg.c...
compiling core_cm3.c...
compiling system_stm32f10x.c...
assembling startup_stm32f10x_md.s...
compiling bsp_wdg.c...
compiling bsp.c...
compiling bsp_timer.c...
compiling bsp_uart_fifo.c...
compiling app.c...
compiling app_uart.c...
compiling app_printer.c...
compiling app_esam8810.c...
..\..\app\app_esam8810.c(177): warning:  #177-D: variable "Cycletime" was declared but never referenced
compiling app_psam_card.c...
..\..\app\app_psam_card.c(182): warning:  #177-D: variable "Cycletime" was declared but never referenced
compiling app_pa1100.c...
linking...
Program Size: Code=10460 RO-data=1420 RW-data=196 ZI-data=8788  
FromELF: creating hex file...
".\output\outptu.axf" - 0 Error(s), 2 Warning(s).
Load "F:\\STM32 Projects\\stm32f103rbt6-weipass2\\Project\\STM32F10x_StdPeriph_Template\\MDK-ARM\\output\\outptu.axf" 
Build target 'STM32100E-EVAL'
compiling app_pa1100.c...
linking...
Program Size: Code=10424 RO-data=1420 RW-data=196 ZI-data=8788  
FromELF: creating hex file...
".\output\outptu.axf" - 0 Error(s), 0 Warning(s).
Load "F:\\STM32 Projects\\stm32f103rbt6-weipass2\\Project\\STM32F10x_StdPeriph_Template\\MDK-ARM\\output\\outptu.axf" 
Load "F:\\STM32 Projects\\stm32f103rbt6-weipass2\\Project\\STM32F10x_StdPeriph_Template\\MDK-ARM\\output\\outptu.axf" 
Erase Done.
Programming Done.
Verify OK.
Build target 'STM32100E-EVAL'
compiling app_pa1100.c...
linking...
Program Size: Code=10428 RO-data=1420 RW-data=196 ZI-data=8788  
FromELF: creating hex file...
".\output\outptu.axf" - 0 Error(s), 0 Warning(s).
Load "F:\\STM32 Projects\\stm32f103rbt6-weipass2\\Project\\STM32F10x_StdPeriph_Template\\MDK-ARM\\output\\outptu.axf" 
Erase Done.
Programming Done.
Verify OK.
Build target 'STM32100E-EVAL'
compiling app_pa1100.c...
linking...
Program Size: Code=10516 RO-data=1420 RW-data=196 ZI-data=8788  
FromELF: creating hex file...
".\output\outptu.axf" - 0 Error(s), 0 Warning(s).
Load "F:\\STM32 Projects\\stm32f103rbt6-weipass2\\Project\\STM32F10x_StdPeriph_Template\\MDK-ARM\\output\\outptu.axf" 
Erase Done.
Programming Done.
Verify OK.
Build target 'STM32100E-EVAL'
compiling app_pa1100.c...
linking...
Program Size: Code=10516 RO-data=1420 RW-data=196 ZI-data=8788  
FromELF: creating hex file...
".\output\outptu.axf" - 0 Error(s), 0 Warning(s).
Load "F:\\STM32 Projects\\stm32f103rbt6-weipass2\\Project\\STM32F10x_StdPeriph_Template\\MDK-ARM\\output\\outptu.axf" 
Erase Done.
Programming Done.
Verify OK.
Build target 'STM32100E-EVAL'
compiling app_pa1100.c...
linking...
Program Size: Code=10516 RO-data=1420 RW-data=196 ZI-data=8788  
FromELF: creating hex file...
".\output\outptu.axf" - 0 Error(s), 0 Warning(s).
Load "F:\\STM32 Projects\\stm32f103rbt6-weipass2\\Project\\STM32F10x_StdPeriph_Template\\MDK-ARM\\output\\outptu.axf" 
Erase Done.
Programming Done.
Verify OK.
Build target 'STM32100E-EVAL'
compiling app_pa1100.c...
linking...
Program Size: Code=10556 RO-data=1420 RW-data=196 ZI-data=8788  
FromELF: creating hex file...
".\output\outptu.axf" - 0 Error(s), 0 Warning(s).
Load "F:\\STM32 Projects\\stm32f103rbt6-weipass2\\Project\\STM32F10x_StdPeriph_Template\\MDK-ARM\\output\\outptu.axf" 
Erase Done.
Programming Done.
Verify OK.
Build target 'STM32100E-EVAL'
compiling app_printer.c...
compiling app_pa1100.c...
linking...
Program Size: Code=10548 RO-data=1420 RW-data=196 ZI-data=8788  
FromELF: creating hex file...
".\output\outptu.axf" - 0 Error(s), 0 Warning(s).
Load "F:\\STM32 Projects\\stm32f103rbt6-weipass2\\Project\\STM32F10x_StdPeriph_Template\\MDK-ARM\\output\\outptu.axf" 
Erase Done.
Programming Done.
Verify OK.
Build target 'STM32100E-EVAL'
compiling app_pa1100.c...
linking...
Program Size: Code=10548 RO-data=1420 RW-data=196 ZI-data=8788  
FromELF: creating hex file...
".\output\outptu.axf" - 0 Error(s), 0 Warning(s).
Load "F:\\STM32 Projects\\stm32f103rbt6-weipass2\\Project\\STM32F10x_StdPeriph_Template\\MDK-ARM\\output\\outptu.axf" 
Erase Done.
Programming Done.
Verify OK.
Build target 'STM32100E-EVAL'
compiling app_pa1100.c...
linking...
Program Size: Code=10548 RO-data=1420 RW-data=196 ZI-data=8788  
FromELF: creating hex file...
".\output\outptu.axf" - 0 Error(s), 0 Warning(s).
Load "F:\\STM32 Projects\\stm32f103rbt6-weipass2\\Project\\STM32F10x_StdPeriph_Template\\MDK-ARM\\output\\outptu.axf" 
Erase Done.
Programming Done.
Verify OK.
Build target 'STM32100E-EVAL'
compiling app_pa1100.c...
linking...
Program Size: Code=10544 RO-data=1420 RW-data=196 ZI-data=8788  
FromELF: creating hex file...
".\output\outptu.axf" - 0 Error(s), 0 Warning(s).
Load "F:\\STM32 Projects\\stm32f103rbt6-weipass2\\Project\\STM32F10x_StdPeriph_Template\\MDK-ARM\\output\\outptu.axf" 
Erase Done.
Programming Done.
Verify OK.
