<html>
<body>
<pre>
<h1>µVision Build Log</h1>
<h2>Project:</h2>
F:\STM32 Projects\stm32f103rbt6-weipass2\Project\STM32F10x_StdPeriph_Template\MDK-ARM\Project.uvproj
Project File Date:  06/30/2014

<h2>Output:</h2>
Build target 'STM32100E-EVAL'
compiling app.c...
linking...
Program Size: Code=13764 RO-data=41412 RW-data=168 ZI-data=9472  
FromELF: creating hex file...
".\output\outptu.axf" - 0 Error(s), 0 Warning(s).
Build target 'STM32100E-EVAL'
compiling stm32f10x_it.c...
compiling main.c...
compiling system_stm32f10x.c...
compiling bsp_wdg.c...
..\..\bsp\bsp_wdg.c(28): warning:  #177-D: function "bsp_InitWwdg" was declared but never referenced
compiling bsp.c...
compiling bsp_timer.c...
compiling bsp_uart_fifo.c...
compiling bsp_adc.c...
compiling app.c...
compiling app_uart.c...
compiling app_printer.c...
compiling app_esam8810.c...
compiling app_psam_card.c...
compiling app_pa1100.c...
linking...
Program Size: Code=13772 RO-data=41412 RW-data=168 ZI-data=19312  
FromELF: creating hex file...
".\output\outptu.axf" - 0 Error(s), 1 Warning(s).
Build target 'STM32100E-EVAL'
compiling app.c...
linking...
Program Size: Code=13772 RO-data=41412 RW-data=168 ZI-data=19312  
FromELF: creating hex file...
".\output\outptu.axf" - 0 Error(s), 0 Warning(s).
Build target 'STM32100E-EVAL'
compiling app.c...
linking...
Program Size: Code=13644 RO-data=41412 RW-data=156 ZI-data=19316  
FromELF: creating hex file...
".\output\outptu.axf" - 0 Error(s), 0 Warning(s).
Build target 'STM32100E-EVAL'
compiling bsp_uart_fifo.c...
linking...
Program Size: Code=13636 RO-data=41412 RW-data=156 ZI-data=19316  
FromELF: creating hex file...
".\output\outptu.axf" - 0 Error(s), 0 Warning(s).
